Archive member included to satisfy reference by file (symbol)

c:/sysgcc/arm-eabi/bin/../lib/gcc/arm-none-eabi/10.3.1/../../../../arm-none-eabi/lib/thumb/v7e-m+fp/hard\libm.a(lib_a-sf_cos.o)
                              Debug_Win/user/main.opp (cosf)
c:/sysgcc/arm-eabi/bin/../lib/gcc/arm-none-eabi/10.3.1/../../../../arm-none-eabi/lib/thumb/v7e-m+fp/hard\libm.a(lib_a-sf_round.o)
                              Debug_Win/user/main.opp (roundf)
c:/sysgcc/arm-eabi/bin/../lib/gcc/arm-none-eabi/10.3.1/../../../../arm-none-eabi/lib/thumb/v7e-m+fp/hard\libm.a(lib_a-sf_sin.o)
                              Debug_Win/user/main.opp (sinf)
c:/sysgcc/arm-eabi/bin/../lib/gcc/arm-none-eabi/10.3.1/../../../../arm-none-eabi/lib/thumb/v7e-m+fp/hard\libm.a(lib_a-w_pow.o)
                              Debug_Win/user/main.opp (pow)
c:/sysgcc/arm-eabi/bin/../lib/gcc/arm-none-eabi/10.3.1/../../../../arm-none-eabi/lib/thumb/v7e-m+fp/hard\libm.a(lib_a-wf_sqrt.o)
                              Debug_Win/user/main.opp (sqrtf)
c:/sysgcc/arm-eabi/bin/../lib/gcc/arm-none-eabi/10.3.1/../../../../arm-none-eabi/lib/thumb/v7e-m+fp/hard\libm.a(lib_a-e_pow.o)
                              c:/sysgcc/arm-eabi/bin/../lib/gcc/arm-none-eabi/10.3.1/../../../../arm-none-eabi/lib/thumb/v7e-m+fp/hard\libm.a(lib_a-w_pow.o) (__ieee754_pow)
c:/sysgcc/arm-eabi/bin/../lib/gcc/arm-none-eabi/10.3.1/../../../../arm-none-eabi/lib/thumb/v7e-m+fp/hard\libm.a(lib_a-e_sqrt.o)
                              c:/sysgcc/arm-eabi/bin/../lib/gcc/arm-none-eabi/10.3.1/../../../../arm-none-eabi/lib/thumb/v7e-m+fp/hard\libm.a(lib_a-e_pow.o) (__ieee754_sqrt)
c:/sysgcc/arm-eabi/bin/../lib/gcc/arm-none-eabi/10.3.1/../../../../arm-none-eabi/lib/thumb/v7e-m+fp/hard\libm.a(lib_a-ef_rem_pio2.o)
                              c:/sysgcc/arm-eabi/bin/../lib/gcc/arm-none-eabi/10.3.1/../../../../arm-none-eabi/lib/thumb/v7e-m+fp/hard\libm.a(lib_a-sf_cos.o) (__ieee754_rem_pio2f)
c:/sysgcc/arm-eabi/bin/../lib/gcc/arm-none-eabi/10.3.1/../../../../arm-none-eabi/lib/thumb/v7e-m+fp/hard\libm.a(lib_a-ef_sqrt.o)
                              c:/sysgcc/arm-eabi/bin/../lib/gcc/arm-none-eabi/10.3.1/../../../../arm-none-eabi/lib/thumb/v7e-m+fp/hard\libm.a(lib_a-wf_sqrt.o) (__ieee754_sqrtf)
c:/sysgcc/arm-eabi/bin/../lib/gcc/arm-none-eabi/10.3.1/../../../../arm-none-eabi/lib/thumb/v7e-m+fp/hard\libm.a(lib_a-kf_cos.o)
                              c:/sysgcc/arm-eabi/bin/../lib/gcc/arm-none-eabi/10.3.1/../../../../arm-none-eabi/lib/thumb/v7e-m+fp/hard\libm.a(lib_a-sf_cos.o) (__kernel_cosf)
c:/sysgcc/arm-eabi/bin/../lib/gcc/arm-none-eabi/10.3.1/../../../../arm-none-eabi/lib/thumb/v7e-m+fp/hard\libm.a(lib_a-kf_rem_pio2.o)
                              c:/sysgcc/arm-eabi/bin/../lib/gcc/arm-none-eabi/10.3.1/../../../../arm-none-eabi/lib/thumb/v7e-m+fp/hard\libm.a(lib_a-ef_rem_pio2.o) (__kernel_rem_pio2f)
c:/sysgcc/arm-eabi/bin/../lib/gcc/arm-none-eabi/10.3.1/../../../../arm-none-eabi/lib/thumb/v7e-m+fp/hard\libm.a(lib_a-kf_sin.o)
                              c:/sysgcc/arm-eabi/bin/../lib/gcc/arm-none-eabi/10.3.1/../../../../arm-none-eabi/lib/thumb/v7e-m+fp/hard\libm.a(lib_a-sf_cos.o) (__kernel_sinf)
c:/sysgcc/arm-eabi/bin/../lib/gcc/arm-none-eabi/10.3.1/../../../../arm-none-eabi/lib/thumb/v7e-m+fp/hard\libm.a(lib_a-math_err.o)
                              c:/sysgcc/arm-eabi/bin/../lib/gcc/arm-none-eabi/10.3.1/../../../../arm-none-eabi/lib/thumb/v7e-m+fp/hard\libm.a(lib_a-e_pow.o) (__math_uflow)
c:/sysgcc/arm-eabi/bin/../lib/gcc/arm-none-eabi/10.3.1/../../../../arm-none-eabi/lib/thumb/v7e-m+fp/hard\libm.a(lib_a-s_fabs.o)
                              c:/sysgcc/arm-eabi/bin/../lib/gcc/arm-none-eabi/10.3.1/../../../../arm-none-eabi/lib/thumb/v7e-m+fp/hard\libm.a(lib_a-e_pow.o) (fabs)
c:/sysgcc/arm-eabi/bin/../lib/gcc/arm-none-eabi/10.3.1/../../../../arm-none-eabi/lib/thumb/v7e-m+fp/hard\libm.a(lib_a-s_finite.o)
                              c:/sysgcc/arm-eabi/bin/../lib/gcc/arm-none-eabi/10.3.1/../../../../arm-none-eabi/lib/thumb/v7e-m+fp/hard\libm.a(lib_a-w_pow.o) (finite)
c:/sysgcc/arm-eabi/bin/../lib/gcc/arm-none-eabi/10.3.1/../../../../arm-none-eabi/lib/thumb/v7e-m+fp/hard\libm.a(lib_a-s_scalbn.o)
                              c:/sysgcc/arm-eabi/bin/../lib/gcc/arm-none-eabi/10.3.1/../../../../arm-none-eabi/lib/thumb/v7e-m+fp/hard\libm.a(lib_a-e_pow.o) (scalbn)
c:/sysgcc/arm-eabi/bin/../lib/gcc/arm-none-eabi/10.3.1/../../../../arm-none-eabi/lib/thumb/v7e-m+fp/hard\libm.a(lib_a-sf_fabs.o)
                              c:/sysgcc/arm-eabi/bin/../lib/gcc/arm-none-eabi/10.3.1/../../../../arm-none-eabi/lib/thumb/v7e-m+fp/hard\libm.a(lib_a-ef_rem_pio2.o) (fabsf)
c:/sysgcc/arm-eabi/bin/../lib/gcc/arm-none-eabi/10.3.1/../../../../arm-none-eabi/lib/thumb/v7e-m+fp/hard\libm.a(lib_a-sf_floor.o)
                              c:/sysgcc/arm-eabi/bin/../lib/gcc/arm-none-eabi/10.3.1/../../../../arm-none-eabi/lib/thumb/v7e-m+fp/hard\libm.a(lib_a-kf_rem_pio2.o) (floorf)
[...]
Memory Configuration

Name             Origin             Length             Attributes
RAM              0x20000000         0x0000a000         xrw
CCMRAM           0x10000000         0x00002000         xrw
FLASH            0x08000000         0x00040000         xr
FLASHB1          0x00000000         0x00000000         xr
EXTMEMB0         0x00000000         0x00000000         xr
EXTMEMB1         0x00000000         0x00000000         xr
EXTMEMB2         0x00000000         0x00000000         xr
EXTMEMB3         0x00000000         0x00000000         xr
MEMORY_ARRAY     0x20002000         0x00000000         xrw
*default*        0x00000000         0xffffffff

Linker script and memory map

LOAD Debug_Win/stm32f30x/stm32f30x_usart.o
LOAD Debug_Win/stm32f30x/stm32f30x_tim.o
LOAD Debug_Win/stm32f30x/stm32f30x_rcc.o
LOAD Debug_Win/stm32f30x/stm32f30x_misc.o
LOAD Debug_Win/stm32f30x/stm32f30x_gpio.o
LOAD Debug_Win/stm32f30x/stm32f30x_it.o
LOAD Debug_Win/stm32f30x/stm32f30x_i2c.o
LOAD Debug_Win/stm32f30x/stm32f30x_exti.o
LOAD Debug_Win/stm32f30x/stm32f30x_spi.o
LOAD Debug_Win/stm32f30x/stm32f30x_syscfg.o
LOAD Debug_Win/stm32f3/stm32f3_discovery.o
LOAD Debug_Win/stm32f3/stm32f3_discovery_lsm303dlhc.o
LOAD Debug_Win/stm32f3/stm32f3_discovery_l3gd20.o
LOAD Debug_Win/system/system_stm32f30x.o
LOAD Debug_Win/system/vectors_stm32f30x.o
LOAD Debug_Win/system/_cxx.opp
LOAD Debug_Win/system/_exit.o
LOAD Debug_Win/system/_sbrk.o
LOAD Debug_Win/system/_startup.o
LOAD Debug_Win/system/_syscalls.o
LOAD Debug_Win/system/assert.o
LOAD Debug_Win/system/_initialize_hardware.o
LOAD Debug_Win/system/_reset_hardware.o
LOAD Debug_Win/system/exception_handlers.o
LOAD Debug_Win/usb/hw_config.o
LOAD Debug_Win/usb/usb_istr.o
LOAD Debug_Win/usb/usb_pwr.o
LOAD Debug_Win/usb/usb_init.o
LOAD Debug_Win/usb/usb_prop.o
LOAD Debug_Win/usb/usb_regs.o
LOAD Debug_Win/usb/usb_desc.o
LOAD Debug_Win/usb/usb_sil.o
LOAD Debug_Win/usb/usb_core.o
LOAD Debug_Win/usb/usb_int.o
LOAD Debug_Win/usb/usb_mem.o
LOAD Debug_Win/usb/usb_endp.o
LOAD Debug_Win/usb/VCP_F3.opp
LOAD Debug_Win/user/Drv_Gpio.opp
LOAD Debug_Win/user/Drv_Uart.opp
LOAD Debug_Win/user/main.opp
LOAD Debug_Win/user/Sensors.o
LOAD Debug_Win/user/COM_IO.opp
LOAD c:/sysgcc/arm-eabi/bin/../lib/gcc/arm-none-eabi/10.3.1/../../../../arm-none-eabi/lib/thumb/v7e-m+fp/hard\libm.a
START GROUP
LOAD c:/sysgcc/arm-eabi/bin/../lib/gcc/arm-none-eabi/10.3.1/thumb/v7e-m+fp/hard\libgcc.a
LOAD c:/sysgcc/arm-eabi/bin/../lib/gcc/arm-none-eabi/10.3.1/../../../../arm-none-eabi/lib/thumb/v7e-m+fp/hard\libg.a
LOAD c:/sysgcc/arm-eabi/bin/../lib/gcc/arm-none-eabi/10.3.1/../../../../arm-none-eabi/lib/thumb/v7e-m+fp/hard\libc.a
END GROUP
                0x2000a000                __stack = (ORIGIN (RAM) + LENGTH (RAM))
                0x2000a000                _estack = __stack
                0x00000400                __Main_Stack_Size = 0x400
                [!provide]                PROVIDE (_Main_Stack_Size = __Main_Stack_Size)
                0x20009c00                __Main_Stack_Limit = (__stack - __Main_Stack_Size)
                [!provide]                PROVIDE (_Main_Stack_Limit = __Main_Stack_Limit)
                0x00000100                _Minimum_Stack_Size = 0x100
                0x2000176c                PROVIDE (_Heap_Begin = _end_noinit)
                0x20009c00                PROVIDE (_Heap_Limit = (__stack - __Main_Stack_Size))

.isr_vector     0x08000000      0x3c8
 FILL mask 0xff
                0x08000000                __vectors_start__ = ABSOLUTE (.)
 *(.isr_vector)
 .isr_vector    0x08000000      0x188 Debug_Win/system/vectors_stm32f30x.o
                0x08000000                __isr_vectors
 *(.cfmconfig)
 *(.after_vectors .after_vectors.*)
 .after_vectors
                0x08000188        0x8 Debug_Win/system/vectors_stm32f30x.o
                0x08000188                RTC_Alarm_IRQHandler
                0x08000188                TIM8_TRG_COM_IRQHandler
                0x08000188                TIM8_CC_IRQHandler
                0x08000188                TIM1_CC_IRQHandler
                0x08000188                USB_HP_IRQHandler
                0x08000188                PVD_IRQHandler
                0x08000188                EXTI3_IRQHandler
                0x08000188                I2C2_EV_IRQHandler
                0x08000188                FPU_IRQHandler
                0x08000188                EXTI2_TS_IRQHandler
                0x08000188                TIM1_UP_TIM16_IRQHandler
                0x08000188                ADC1_2_IRQHandler
                0x08000188                SPI1_IRQHandler
                0x08000188                TIM6_DAC_IRQHandler
                0x08000188                TIM8_UP_IRQHandler
                0x08000188                DMA2_Channel2_IRQHandler
                0x08000188                DMA1_Channel4_IRQHandler
                0x08000188                USART3_IRQHandler
                0x08000188                DMA1_Channel7_IRQHandler
                0x08000188                CAN1_RX1_IRQHandler
                0x08000188                UART5_IRQHandler
                0x08000188                ADC3_IRQHandler
                0x08000188                DMA2_Channel1_IRQHandler
                0x08000188                I2C1_EV_IRQHandler
                0x08000188                DMA1_Channel6_IRQHandler
                0x08000188                UART4_IRQHandler
                0x08000188                DMA2_Channel4_IRQHandler
                0x08000188                TIM3_IRQHandler
                0x08000188                RCC_IRQHandler
                0x08000188                DMA1_Channel1_IRQHandler
                0x08000188                Default_Handler
                0x08000188                USBWakeUp_RMP_IRQHandler
                0x08000188                EXTI15_10_IRQHandler
                0x08000188                TIM7_IRQHandler
                0x08000188                EXTI9_5_IRQHandler
                0x08000188                TAMPER_STAMP_IRQHandler
                0x08000188                RTC_WKUP_IRQHandler
                0x08000188                SPI2_IRQHandler
                0x08000188                DMA2_Channel5_IRQHandler
                0x08000188                DMA1_Channel5_IRQHandler
                0x08000188                USB_LP_IRQHandler
                0x08000188                EXTI4_IRQHandler
                0x08000188                TIM1_TRG_COM_TIM17_IRQHandler
                0x08000188                USB_HP_CAN1_TX_IRQHandler
                0x08000188                DMA1_Channel3_IRQHandler
                0x08000188                ADC4_IRQHandler
                0x08000188                WWDG_IRQHandler
                0x08000188                TIM2_IRQHandler
                0x08000188                COMP7_IRQHandler
                0x08000188                COMP1_2_3_IRQHandler
                0x08000188                EXTI1_IRQHandler
                0x08000188                COMP4_5_6_IRQHandler
                0x08000188                I2C2_ER_IRQHandler
                0x08000188                DMA1_Channel2_IRQHandler
                0x08000188                TIM8_BRK_IRQHandler
                0x08000188                CAN1_SCE_IRQHandler
                0x08000188                FLASH_IRQHandler
                0x08000188                USART1_IRQHandler
                0x08000188                SPI3_IRQHandler
                0x08000188                I2C1_ER_IRQHandler
                0x08000188                DMA2_Channel3_IRQHandler
                0x08000188                TIM1_BRK_TIM15_IRQHandler
 .after_vectors
                0x08000190      0x180 Debug_Win/system/_startup.o
                0x08000190                _start
 .after_vectors
                0x08000310       0xb8 Debug_Win/system/exception_handlers.o
                0x08000310                Reset_Handler
                0x08000336                HardFault_Handler_C
                0x08000362                BusFault_Handler_C
                0x08000386                UsageFault_Handler_C

.inits          0x080003c8       0x34
                0x080003c8                __data_regions_array_start = .
                0x080003c8        0x4 LONG 0x8009350 LOADADDR (.data)
                0x080003cc        0x4 LONG 0x20000000 ADDR (.data)
                0x080003d0        0x4 LONG 0x2000057c (ADDR (.data) + SIZEOF (.data))
                0x080003d4        0x4 LONG 0x8009350 LOADADDR (.data_CCMRAM)
                0x080003d8        0x4 LONG 0x10000000 ADDR (.data_CCMRAM)
                0x080003dc        0x4 LONG 0x10000000 (ADDR (.data_CCMRAM) + SIZEOF (.data_CCMRAM))
                0x080003e0                __data_regions_array_end = .
                0x080003e0                __bss_regions_array_start = .
                0x080003e0        0x4 LONG 0x2000057c ADDR (.bss)
                0x080003e4        0x4 LONG 0x2000176c (ADDR (.bss) + SIZEOF (.bss))
                0x080003e8        0x4 LONG 0x10000000 ADDR (.bss_CCMRAM)
                0x080003ec        0x4 LONG 0x10000000 (ADDR (.bss_CCMRAM) + SIZEOF (.bss_CCMRAM))
                0x080003f0                __bss_regions_array_end = .
 *(.init)
 *(.fini)
                0x080003f0                . = ALIGN (0x4)
                0x080003f0                PROVIDE (__preinit_array_start = .)
 *(.preinit_array_sysinit .preinit_array_sysinit.*)
 *(.preinit_array_platform .preinit_array_platform.*)
 *(.preinit_array .preinit_array.*)
                0x080003f0                PROVIDE (__preinit_array_end = .)
                0x080003f0                . = ALIGN (0x4)
                0x080003f0                PROVIDE (__init_array_start = .)
 *(SORT_BY_NAME(.init_array.*))
 *(.init_array)
 .init_array    0x080003f0        0x4 Debug_Win/usb/VCP_F3.opp
 .init_array    0x080003f4        0x4 Debug_Win/user/Drv_Uart.opp
 .init_array    0x080003f8        0x4 Debug_Win/user/main.opp
                0x080003fc                PROVIDE (__init_array_end = .)
                0x080003fc                . = ALIGN (0x4)
                0x080003fc                PROVIDE (__fini_array_start = .)
 *(SORT_BY_NAME(.fini_array.*))
 *(.fini_array)
                0x080003fc                PROVIDE (__fini_array_end = .)

.flashtext
 *(.flashtext .flashtext.*)

.text           0x08000400     0x8f50
 *(.text .text.*)
 .text.USART_SendData
                0x08000400       0x24 Debug_Win/stm32f30x/stm32f30x_usart.o
                0x08000400                USART_SendData
 .text.USART_ReceiveData
                0x08000424       0x20 Debug_Win/stm32f30x/stm32f30x_usart.o
                0x08000424                USART_ReceiveData
 .text.USART_ITConfig
                0x08000444       0x84 Debug_Win/stm32f30x/stm32f30x_usart.o
                0x08000444                USART_ITConfig
 .text.USART_GetFlagStatus
                0x080004c8       0x32 Debug_Win/stm32f30x/stm32f30x_usart.o
                0x080004c8                USART_GetFlagStatus
 .text.USART_GetITStatus
                0x080004fa       0xa0 Debug_Win/stm32f30x/stm32f30x_usart.o
                0x080004fa                USART_GetITStatus
 .text.USART_ClearITPendingBit
                0x0800059a       0x34 Debug_Win/stm32f30x/stm32f30x_usart.o
                0x0800059a                USART_ClearITPendingBit
 .text.TIM_ClearITPendingBit
                0x080005ce       0x24 Debug_Win/stm32f30x/stm32f30x_tim.o
                0x080005ce                TIM_ClearITPendingBit
 *fill*         0x080005f2        0x2 
 .text.RCC_HSEConfig
                0x080005f4       0x28 Debug_Win/stm32f30x/stm32f30x_rcc.o
                0x080005f4                RCC_HSEConfig
 .text.RCC_WaitForHSEStartUp
                0x0800061c       0x50 Debug_Win/stm32f30x/stm32f30x_rcc.o
                0x0800061c                RCC_WaitForHSEStartUp
 .text.RCC_PLLCmd
                0x0800066c       0x20 Debug_Win/stm32f30x/stm32f30x_rcc.o
                0x0800066c                RCC_PLLCmd
 .text.RCC_SYSCLKConfig
                0x0800068c       0x38 Debug_Win/stm32f30x/stm32f30x_rcc.o
                0x0800068c                RCC_SYSCLKConfig
 .text.RCC_GetSYSCLKSource
                0x080006c4       0x20 Debug_Win/stm32f30x/stm32f30x_rcc.o
                0x080006c4                RCC_GetSYSCLKSource
 .text.RCC_GetClocksFreq
                0x080006e4      0x428 Debug_Win/stm32f30x/stm32f30x_rcc.o
                0x080006e4                RCC_GetClocksFreq
 .text.RCC_AHBPeriphClockCmd
                0x08000b0c       0x40 Debug_Win/stm32f30x/stm32f30x_rcc.o
                0x08000b0c                RCC_AHBPeriphClockCmd
 .text.RCC_APB2PeriphClockCmd
                0x08000b4c       0x40 Debug_Win/stm32f30x/stm32f30x_rcc.o
                0x08000b4c                RCC_APB2PeriphClockCmd
 .text.RCC_APB1PeriphClockCmd
                0x08000b8c       0x40 Debug_Win/stm32f30x/stm32f30x_rcc.o
                0x08000b8c                RCC_APB1PeriphClockCmd
 .text.RCC_APB2PeriphResetCmd
                0x08000bcc       0x40 Debug_Win/stm32f30x/stm32f30x_rcc.o
                0x08000bcc                RCC_APB2PeriphResetCmd
 .text.RCC_APB1PeriphResetCmd
                0x08000c0c       0x40 Debug_Win/stm32f30x/stm32f30x_rcc.o
                0x08000c0c                RCC_APB1PeriphResetCmd
 .text.RCC_GetFlagStatus
                0x08000c4c       0x84 Debug_Win/stm32f30x/stm32f30x_rcc.o
                0x08000c4c                RCC_GetFlagStatus
 .text.GPIO_Init
                0x08000cd0      0x12c Debug_Win/stm32f30x/stm32f30x_gpio.o
                0x08000cd0                GPIO_Init
 .text.GPIO_ReadInputDataBit
                0x08000dfc       0x38 Debug_Win/stm32f30x/stm32f30x_gpio.o
                0x08000dfc                GPIO_ReadInputDataBit
 .text.GPIO_SetBits
                0x08000e34       0x1e Debug_Win/stm32f30x/stm32f30x_gpio.o
                0x08000e34                GPIO_SetBits
 .text.GPIO_ResetBits
                0x08000e52       0x1e Debug_Win/stm32f30x/stm32f30x_gpio.o
                0x08000e52                GPIO_ResetBits
 .text.GPIO_PinAFConfig
                0x08000e70       0x92 Debug_Win/stm32f30x/stm32f30x_gpio.o
                0x08000e70                GPIO_PinAFConfig
 .text.NMI_Handler
                0x08000f02        0xe Debug_Win/stm32f30x/stm32f30x_it.o
                0x08000f02                NMI_Handler
 .text.HardFault_Handler
                0x08000f10       0x22 Debug_Win/stm32f30x/stm32f30x_it.o
                0x08000f10                HardFault_Handler
 .text.MemManage_Handler
                0x08000f32       0x10 Debug_Win/stm32f30x/stm32f30x_it.o
                0x08000f32                MemManage_Handler
 .text.BusFault_Handler
                0x08000f42       0x10 Debug_Win/stm32f30x/stm32f30x_it.o
                0x08000f42                BusFault_Handler
 .text.UsageFault_Handler
                0x08000f52       0x10 Debug_Win/stm32f30x/stm32f30x_it.o
                0x08000f52                UsageFault_Handler
 .text.SVC_Handler
                0x08000f62        0xe Debug_Win/stm32f30x/stm32f30x_it.o
                0x08000f62                SVC_Handler
 .text.DebugMon_Handler
                0x08000f70        0xe Debug_Win/stm32f30x/stm32f30x_it.o
                0x08000f70                DebugMon_Handler
 .text.PendSV_Handler
                0x08000f7e        0xe Debug_Win/stm32f30x/stm32f30x_it.o
                0x08000f7e                PendSV_Handler
 .text.SysTick_Handler
                0x08000f8c       0x2c Debug_Win/stm32f30x/stm32f30x_it.o
                0x08000f8c                SysTick_Handler
 .text.EXTI0_IRQHandler
                0x08000fb8       0x98 Debug_Win/stm32f30x/stm32f30x_it.o
                0x08000fb8                EXTI0_IRQHandler
 .text.USB_LP_CAN1_RX0_IRQHandler
                0x08001050        0xc Debug_Win/stm32f30x/stm32f30x_it.o
                0x08001050                USB_LP_CAN1_RX0_IRQHandler
 .text.USBWakeUp_IRQHandler
                0x0800105c       0x14 Debug_Win/stm32f30x/stm32f30x_it.o
                0x0800105c                USBWakeUp_IRQHandler
 .text.I2C_Init
                0x08001070       0xcc Debug_Win/stm32f30x/stm32f30x_i2c.o
                0x08001070                I2C_Init
 .text.I2C_Cmd  0x0800113c       0x38 Debug_Win/stm32f30x/stm32f30x_i2c.o
                0x0800113c                I2C_Cmd
 .text.I2C_TransferHandling
                0x08001174       0x58 Debug_Win/stm32f30x/stm32f30x_i2c.o
                0x08001174                I2C_TransferHandling
 .text.I2C_SendData
                0x080011cc       0x1e Debug_Win/stm32f30x/stm32f30x_i2c.o
                0x080011cc                I2C_SendData
 .text.I2C_ReceiveData
                0x080011ea       0x1a Debug_Win/stm32f30x/stm32f30x_i2c.o
                0x080011ea                I2C_ReceiveData
 .text.I2C_GetFlagStatus
                0x08001204       0x3e Debug_Win/stm32f30x/stm32f30x_i2c.o
                0x08001204                I2C_GetFlagStatus
 .text.I2C_ClearFlag
                0x08001242       0x1c Debug_Win/stm32f30x/stm32f30x_i2c.o
                0x08001242                I2C_ClearFlag
 *fill*         0x0800125e        0x2 
 .text.EXTI_Init
                0x08001260      0x20c Debug_Win/stm32f30x/stm32f30x_exti.o
                0x08001260                EXTI_Init
 .text.EXTI_GetITStatus
                0x0800146c       0x70 Debug_Win/stm32f30x/stm32f30x_exti.o
                0x0800146c                EXTI_GetITStatus
 .text.EXTI_ClearITPendingBit
                0x080014dc       0x34 Debug_Win/stm32f30x/stm32f30x_exti.o
                0x080014dc                EXTI_ClearITPendingBit
 .text.SPI_I2S_DeInit
                0x08001510       0x74 Debug_Win/stm32f30x/stm32f30x_spi.o
                0x08001510                SPI_I2S_DeInit
 .text.SPI_Init
                0x08001584      0x116 Debug_Win/stm32f30x/stm32f30x_spi.o
                0x08001584                SPI_Init
 .text.SPI_Cmd  0x0800169a       0x40 Debug_Win/stm32f30x/stm32f30x_spi.o
                0x0800169a                SPI_Cmd
 .text.SPI_RxFIFOThresholdConfig
                0x080016da       0x38 Debug_Win/stm32f30x/stm32f30x_spi.o
                0x080016da                SPI_RxFIFOThresholdConfig
 .text.SPI_SendData8
                0x08001712       0x2c Debug_Win/stm32f30x/stm32f30x_spi.o
                0x08001712                SPI_SendData8
 .text.SPI_ReceiveData8
                0x0800173e       0x28 Debug_Win/stm32f30x/stm32f30x_spi.o
                0x0800173e                SPI_ReceiveData8
 .text.SPI_I2S_GetFlagStatus
                0x08001766       0x38 Debug_Win/stm32f30x/stm32f30x_spi.o
                0x08001766                SPI_I2S_GetFlagStatus
 *fill*         0x0800179e        0x2 
 .text.SYSCFG_EXTILineConfig
                0x080017a0       0x84 Debug_Win/stm32f30x/stm32f30x_syscfg.o
                0x080017a0                SYSCFG_EXTILineConfig
 .text.STM_EVAL_LEDInit
                0x08001824       0x5c Debug_Win/stm32f3/stm32f3_discovery.o
                0x08001824                STM_EVAL_LEDInit
 .text.STM_EVAL_LEDOn
                0x08001880       0x34 Debug_Win/stm32f3/stm32f3_discovery.o
                0x08001880                STM_EVAL_LEDOn
 .text.STM_EVAL_LEDOff
                0x080018b4       0x30 Debug_Win/stm32f3/stm32f3_discovery.o
                0x080018b4                STM_EVAL_LEDOff
 .text.STM_EVAL_PBGetState
                0x080018e4       0x2c Debug_Win/stm32f3/stm32f3_discovery.o
                0x080018e4                STM_EVAL_PBGetState
 .text.LSM303DLHC_AccInit
                0x08001910       0x78 Debug_Win/stm32f3/stm32f3_discovery_lsm303dlhc.o
                0x08001910                LSM303DLHC_AccInit
 .text.LSM303DLHC_AccFilterConfig
                0x08001988       0x5a Debug_Win/stm32f3/stm32f3_discovery_lsm303dlhc.o
                0x08001988                LSM303DLHC_AccFilterConfig
 .text.LSM303DLHC_MagInit
                0x080019e2       0x76 Debug_Win/stm32f3/stm32f3_discovery_lsm303dlhc.o
                0x080019e2                LSM303DLHC_MagInit
 .text.LSM303DLHC_Write
                0x08001a58      0x15c Debug_Win/stm32f3/stm32f3_discovery_lsm303dlhc.o
                0x08001a58                LSM303DLHC_Write
 .text.LSM303DLHC_Read
                0x08001bb4      0x188 Debug_Win/stm32f3/stm32f3_discovery_lsm303dlhc.o
                0x08001bb4                LSM303DLHC_Read
 .text.LSM303DLHC_LowLevel_Init
                0x08001d3c      0x154 Debug_Win/stm32f3/stm32f3_discovery_lsm303dlhc.o
 .text.L3GD20_Init
                0x08001e90       0x78 Debug_Win/stm32f3/stm32f3_discovery_l3gd20.o
                0x08001e90                L3GD20_Init
 .text.L3GD20_FilterConfig
                0x08001f08       0x4a Debug_Win/stm32f3/stm32f3_discovery_l3gd20.o
                0x08001f08                L3GD20_FilterConfig
 *fill*         0x08001f52        0x2 
 .text.L3GD20_Write
                0x08001f54       0x60 Debug_Win/stm32f3/stm32f3_discovery_l3gd20.o
                0x08001f54                L3GD20_Write
 .text.L3GD20_Read
                0x08001fb4       0x70 Debug_Win/stm32f3/stm32f3_discovery_l3gd20.o
                0x08001fb4                L3GD20_Read
 .text.L3GD20_LowLevel_Init
                0x08002024      0x154 Debug_Win/stm32f3/stm32f3_discovery_l3gd20.o
 .text.L3GD20_SendByte
                0x08002178       0x90 Debug_Win/stm32f3/stm32f3_discovery_l3gd20.o
 .text.SystemInit
                0x08002208       0x94 Debug_Win/system/system_stm32f30x.o
                0x08002208                SystemInit
 .text.SystemCoreClockUpdate
                0x0800229c       0xe4 Debug_Win/system/system_stm32f30x.o
                0x0800229c                SystemCoreClockUpdate
 .text.SetSysClock
                0x08002380       0xe4 Debug_Win/system/system_stm32f30x.o
 .text._exit    0x08002464        0xa Debug_Win/system/_exit.o
                0x08002464                _exit
 *fill*         0x0800246e        0x2 
 .text.__initialize_args
                0x08002470       0x28 Debug_Win/system/_syscalls.o
                0x08002470                __initialize_args
 .text.__initialize_hardware_early
                0x08002498       0x20 Debug_Win/system/_initialize_hardware.o
                0x08002498                __initialize_hardware_early
 .text.__initialize_hardware
                0x080024b8        0xc Debug_Win/system/_initialize_hardware.o
                0x080024b8                __initialize_hardware
 .text.Leave_LowPowerMode
                0x080024c4       0x7c Debug_Win/usb/hw_config.o
                0x080024c4                Leave_LowPowerMode
 .text.USB_Cable_Config
                0x08002540       0x34 Debug_Win/usb/hw_config.o
                0x08002540                USB_Cable_Config
 .text.Get_SerialNum
                0x08002574       0x58 Debug_Win/usb/hw_config.o
                0x08002574                Get_SerialNum
 .text.IntToUnicode
                0x080025cc       0x7e Debug_Win/usb/hw_config.o
 *fill*         0x0800264a        0x2 
 .text.CDC_Send_DATA
                0x0800264c       0x4c Debug_Win/usb/hw_config.o
                0x0800264c                CDC_Send_DATA
 .text.USB_Istr
                0x08002698      0x220 Debug_Win/usb/usb_istr.o
                0x08002698                USB_Istr
 .text.PowerOn  0x080028b8       0x50 Debug_Win/usb/usb_pwr.o
                0x080028b8                PowerOn
 .text.Suspend  0x08002908      0x170 Debug_Win/usb/usb_pwr.o
                0x08002908                Suspend
 .text.Resume_Init
                0x08002a78       0x34 Debug_Win/usb/usb_pwr.o
                0x08002a78                Resume_Init
 .text.Resume   0x08002aac      0x11c Debug_Win/usb/usb_pwr.o
                0x08002aac                Resume
 .text.Virtual_Com_Port_init
                0x08002bc8       0x2c Debug_Win/usb/usb_prop.o
                0x08002bc8                Virtual_Com_Port_init
 .text.Virtual_Com_Port_Reset
                0x08002bf4       0xf4 Debug_Win/usb/usb_prop.o
                0x08002bf4                Virtual_Com_Port_Reset
 .text.Virtual_Com_Port_Status_In
                0x08002ce8       0x20 Debug_Win/usb/usb_prop.o
                0x08002ce8                Virtual_Com_Port_Status_In
 .text.Virtual_Com_Port_Status_Out
                0x08002d08        0xe Debug_Win/usb/usb_prop.o
                0x08002d08                Virtual_Com_Port_Status_Out
 *fill*         0x08002d16        0x2 
 .text.Virtual_Com_Port_Data_Setup
                0x08002d18       0x80 Debug_Win/usb/usb_prop.o
                0x08002d18                Virtual_Com_Port_Data_Setup
 .text.Virtual_Com_Port_NoData_Setup
                0x08002d98       0x40 Debug_Win/usb/usb_prop.o
                0x08002d98                Virtual_Com_Port_NoData_Setup
 .text.Virtual_Com_Port_GetDeviceDescriptor
                0x08002dd8       0x24 Debug_Win/usb/usb_prop.o
                0x08002dd8                Virtual_Com_Port_GetDeviceDescriptor
 .text.Virtual_Com_Port_GetConfigDescriptor
                0x08002dfc       0x24 Debug_Win/usb/usb_prop.o
                0x08002dfc                Virtual_Com_Port_GetConfigDescriptor
 .text.Virtual_Com_Port_GetStringDescriptor
                0x08002e20       0x40 Debug_Win/usb/usb_prop.o
                0x08002e20                Virtual_Com_Port_GetStringDescriptor
 .text.Virtual_Com_Port_GetQualifierDescriptor
                0x08002e60       0x24 Debug_Win/usb/usb_prop.o
                0x08002e60                Virtual_Com_Port_GetQualifierDescriptor
 .text.Virtual_Com_Port_Get_Interface_Setting
                0x08002e84       0x32 Debug_Win/usb/usb_prop.o
                0x08002e84                Virtual_Com_Port_Get_Interface_Setting
 *fill*         0x08002eb6        0x2 
 .text.Virtual_Com_Port_GetLineCoding
                0x08002eb8       0x34 Debug_Win/usb/usb_prop.o
                0x08002eb8                Virtual_Com_Port_GetLineCoding
 .text.Virtual_Com_Port_SetLineCoding
                0x08002eec       0x34 Debug_Win/usb/usb_prop.o
                0x08002eec                Virtual_Com_Port_SetLineCoding
 .text.SetBTABLE
                0x08002f20       0x28 Debug_Win/usb/usb_regs.o
                0x08002f20                SetBTABLE
 .text.SetEPType
                0x08002f48       0x4e Debug_Win/usb/usb_regs.o
                0x08002f48                SetEPType
 *fill*         0x08002f96        0x2 
 .text.SetEPTxStatus
                0x08002f98       0x70 Debug_Win/usb/usb_regs.o
                0x08002f98                SetEPTxStatus
 .text.SetEPRxStatus
                0x08003008       0x70 Debug_Win/usb/usb_regs.o
                0x08003008                SetEPRxStatus
 .text.SetEPTxValid
                0x08003078       0x54 Debug_Win/usb/usb_regs.o
                0x08003078                SetEPTxValid
 .text.SetEPRxValid
                0x080030cc       0x54 Debug_Win/usb/usb_regs.o
                0x080030cc                SetEPRxValid
 .text.Clear_Status_Out
                0x08003120       0x48 Debug_Win/usb/usb_regs.o
                0x08003120                Clear_Status_Out
 .text.ClearDTOG_RX
                0x08003168       0x5c Debug_Win/usb/usb_regs.o
                0x08003168                ClearDTOG_RX
 .text.ClearDTOG_TX
                0x080031c4       0x5c Debug_Win/usb/usb_regs.o
                0x080031c4                ClearDTOG_TX
 .text.SetEPTxAddr
                0x08003220       0x44 Debug_Win/usb/usb_regs.o
                0x08003220                SetEPTxAddr
 .text.SetEPRxAddr
                0x08003264       0x44 Debug_Win/usb/usb_regs.o
                0x08003264                SetEPRxAddr
 .text.GetEPTxAddr
                0x080032a8       0x38 Debug_Win/usb/usb_regs.o
                0x080032a8                GetEPTxAddr
 .text.GetEPRxAddr
                0x080032e0       0x38 Debug_Win/usb/usb_regs.o
                0x080032e0                GetEPRxAddr
 .text.SetEPTxCount
                0x08003318       0x40 Debug_Win/usb/usb_regs.o
                0x08003318                SetEPTxCount
 .text.SetEPRxCount
                0x08003358       0x88 Debug_Win/usb/usb_regs.o
                0x08003358                SetEPRxCount
 .text.GetEPRxCount
                0x080033e0       0x3c Debug_Win/usb/usb_regs.o
                0x080033e0                GetEPRxCount
 .text.ByteSwap
                0x0800341c       0x30 Debug_Win/usb/usb_regs.o
                0x0800341c                ByteSwap
 .text.USB_SIL_Init
                0x0800344c       0x34 Debug_Win/usb/usb_sil.o
                0x0800344c                USB_SIL_Init
 .text.Standard_GetConfiguration
                0x08003480       0x3c Debug_Win/usb/usb_core.o
                0x08003480                Standard_GetConfiguration
 .text.Standard_SetConfiguration
                0x080034bc       0x50 Debug_Win/usb/usb_core.o
                0x080034bc                Standard_SetConfiguration
 .text.Standard_GetInterface
                0x0800350c       0x3c Debug_Win/usb/usb_core.o
                0x0800350c                Standard_GetInterface
 .text.Standard_SetInterface
                0x08003548       0x88 Debug_Win/usb/usb_core.o
                0x08003548                Standard_SetInterface
 .text.Standard_GetStatus
                0x080035d0      0x138 Debug_Win/usb/usb_core.o
                0x080035d0                Standard_GetStatus
 .text.Standard_ClearFeature
                0x08003708      0x1d8 Debug_Win/usb/usb_core.o
                0x08003708                Standard_ClearFeature
 .text.Standard_SetEndPointFeature
                0x080038e0      0x114 Debug_Win/usb/usb_core.o
                0x080038e0                Standard_SetEndPointFeature
 .text.Standard_SetDeviceFeature
                0x080039f4       0x2c Debug_Win/usb/usb_core.o
                0x080039f4                Standard_SetDeviceFeature
 .text.Standard_GetDescriptorData
                0x08003a20       0x48 Debug_Win/usb/usb_core.o
                0x08003a20                Standard_GetDescriptorData
 .text.DataStageOut
                0x08003a68      0x104 Debug_Win/usb/usb_core.o
 .text.DataStageIn
                0x08003b6c      0x10c Debug_Win/usb/usb_core.o
 .text.NoData_Setup0
                0x08003c78      0x194 Debug_Win/usb/usb_core.o
 .text.Data_Setup0
                0x08003e0c      0x33c Debug_Win/usb/usb_core.o
 .text.Setup0_Process
                0x08004148       0xd8 Debug_Win/usb/usb_core.o
                0x08004148                Setup0_Process
 .text.In0_Process
                0x08004220       0x90 Debug_Win/usb/usb_core.o
                0x08004220                In0_Process
 .text.Out0_Process
                0x080042b0       0x74 Debug_Win/usb/usb_core.o
                0x080042b0                Out0_Process
 .text.Post0_Process
                0x08004324       0x50 Debug_Win/usb/usb_core.o
                0x08004324                Post0_Process
 .text.SetDeviceAddress
                0x08004374       0x7c Debug_Win/usb/usb_core.o
                0x08004374                SetDeviceAddress
 .text.NOP_Process
                0x080043f0        0xe Debug_Win/usb/usb_core.o
                0x080043f0                NOP_Process
 *fill*         0x080043fe        0x2 
 .text.CTR_LP   0x08004400      0x300 Debug_Win/usb/usb_int.o
                0x08004400                CTR_LP
 .text.UserToPMABufferCopy
                0x08004700       0x78 Debug_Win/usb/usb_mem.o
                0x08004700                UserToPMABufferCopy
 .text.PMAToUserBufferCopy
                0x08004778       0x5e Debug_Win/usb/usb_mem.o
                0x08004778                PMAToUserBufferCopy
 *fill*         0x080047d6        0x2 
 .text.EP1_IN_Callback
                0x080047d8       0x18 Debug_Win/usb/usb_endp.o
                0x080047d8                EP1_IN_Callback
 .text.EP3_OUT_Callback
                0x080047f0       0x3c Debug_Win/usb/usb_endp.o
                0x080047f0                EP3_OUT_Callback
 .text._ZN7CBufferIhEC2Ev
                0x0800482c       0x22 Debug_Win/usb/VCP_F3.opp
                0x0800482c                CBuffer<unsigned char>::CBuffer()
                0x0800482c                CBuffer<unsigned char>::CBuffer()
 .text._ZN7CBufferIhE8ReadFromEv
                0x0800484e       0x54 Debug_Win/usb/VCP_F3.opp
                0x0800484e                CBuffer<unsigned char>::ReadFrom()
 .text._ZN7CBufferIhE7IsEmptyEv
                0x080048a2       0x22 Debug_Win/usb/VCP_F3.opp
                0x080048a2                CBuffer<unsigned char>::IsEmpty()
 .text._Z41__static_initialization_and_destruction_0ii
                0x080048c4       0x2c Debug_Win/usb/VCP_F3.opp
 .text._GLOBAL__sub_I_VCP_PollingCounter
                0x080048f0       0x10 Debug_Win/usb/VCP_F3.opp
 .text._Z8InitGPIOv
                0x08004900       0xe4 Debug_Win/user/Drv_Gpio.opp
                0x08004900                InitGPIO()
 .text.USART2_IRQHandler
                0x080049e4       0xb0 Debug_Win/user/Drv_Uart.opp
                0x080049e4                USART2_IRQHandler
 .text._Z41__static_initialization_and_destruction_0ii
                0x08004a94       0x38 Debug_Win/user/Drv_Uart.opp
 .text._GLOBAL__sub_I_TxBuff
                0x08004acc       0x10 Debug_Win/user/Drv_Uart.opp
 .text.NVIC_SetPriority
                0x08004adc       0x54 Debug_Win/user/main.opp
 .text.SysTick_Config
                0x08004b30       0x44 Debug_Win/user/main.opp
 .text._ZSt3absf
                0x08004b74       0x20 Debug_Win/user/main.opp
                0x08004b74                std::abs(float)
 .text._ZSt3cosf
                0x08004b94       0x20 Debug_Win/user/main.opp
                0x08004b94                std::cos(float)
 .text._ZSt3sinf
                0x08004bb4       0x20 Debug_Win/user/main.opp
                0x08004bb4                std::sin(float)
 .text._ZSt4sqrtf
                0x08004bd4       0x20 Debug_Win/user/main.opp
                0x08004bd4                std::sqrt(float)
 .text._ZSt5roundf
                0x08004bf4       0x20 Debug_Win/user/main.opp
                0x08004bf4                std::round(float)
 .text._ZN5FrameC2Ev
                0x08004c14       0x3a Debug_Win/user/main.opp
                0x08004c14                Frame::Frame()
                0x08004c14                Frame::Frame()
 .text._ZN5FrameplERS_
                0x08004c4e       0x58 Debug_Win/user/main.opp
                0x08004c4e                Frame::operator+(Frame&)
 .text._ZN5FramedvEf
                0x08004ca6       0x54 Debug_Win/user/main.opp
                0x08004ca6                Frame::operator/(float)
 .text._ZN5FrameaSEPf
                0x08004cfa       0x2e Debug_Win/user/main.opp
                0x08004cfa                Frame::operator=(float*)
 .text._ZN5FrameixEi
                0x08004d28       0x38 Debug_Win/user/main.opp
                0x08004d28                Frame::operator[](int)
 .text._ZN5Frame8Read_AccEv
                0x08004d60       0xa0 Debug_Win/user/main.opp
                0x08004d60                Frame::Read_Acc()
 .text._ZN5Frame9Read_GyroEv
                0x08004e00       0x7c Debug_Win/user/main.opp
                0x08004e00                Frame::Read_Gyro()
 .text._ZN5Frame14set_zero_FrameEv
                0x08004e7c       0x2c Debug_Win/user/main.opp
                0x08004e7c                Frame::set_zero_Frame()
 .text._ZN4DatapLERS_
                0x08004ea8       0x66 Debug_Win/user/main.opp
                0x08004ea8                Data::operator+=(Data&)
 .text._ZN4DatadVEf
                0x08004f0e       0x62 Debug_Win/user/main.opp
                0x08004f0e                Data::operator/=(float)
 .text._ZN4Data9Read_DataEv
                0x08004f70       0x28 Debug_Win/user/main.opp
                0x08004f70                Data::Read_Data()
 .text._ZN4Data9Read_TempEv
                0x08004f98       0xa8 Debug_Win/user/main.opp
                0x08004f98                Data::Read_Temp()
 .text._ZN4Data15set_zero_ValuesEv
                0x08005040       0x2a Debug_Win/user/main.opp
                0x08005040                Data::set_zero_Values()
 *fill*         0x0800506a        0x2 
 .text._ZN4Data11sending_USBEv
                0x0800506c      0x204 Debug_Win/user/main.opp
                0x0800506c                Data::sending_USB()
 .text._ZN6MatrixmlER5Frame
                0x08005270      0x11c Debug_Win/user/main.opp
                0x08005270                Matrix::operator*(Frame&)
 .text._ZN6MatrixmlER4Data
                0x0800538c       0x4c Debug_Win/user/main.opp
                0x0800538c                Matrix::operator*(Data&)
 .text._ZN6MatrixclEii
                0x080053d8       0x2a Debug_Win/user/main.opp
                0x080053d8                Matrix::operator()(int, int)
 .text._ZN6Matrix19copying_from_BufferEv
                0x08005402       0x62 Debug_Win/user/main.opp
                0x08005402                Matrix::copying_from_Buffer()
 .text._ZN6Matrix11DeterminantEv
                0x08005464       0xa8 Debug_Win/user/main.opp
                0x08005464                Matrix::Determinant()
 .text._ZN6Matrix8MreverseEv
                0x0800550c      0x1ec Debug_Win/user/main.opp
                0x0800550c                Matrix::Mreverse()
 .text._ZN6Matrix14IdentityMatrixEv
                0x080056f8       0x5c Debug_Win/user/main.opp
                0x080056f8                Matrix::IdentityMatrix()
 .text._ZN4DataC2Ev
                0x08005754       0x40 Debug_Win/user/main.opp
                0x08005754                Data::Data()
                0x08005754                Data::Data()
 .text._ZN6MatrixC2Ev
                0x08005794       0x36 Debug_Win/user/main.opp
                0x08005794                Matrix::Matrix()
                0x08005794                Matrix::Matrix()
 .text._ZN7MeasureC2Eff
                0x080057ca       0xdc Debug_Win/user/main.opp
                0x080057ca                Measure::Measure(float, float)
                0x080057ca                Measure::Measure(float, float)
 .text._ZN7Measure9measuringEv
                0x080058a6       0x6e Debug_Win/user/main.opp
                0x080058a6                Measure::measuring()
 .text._ZN7Measure15initial_settingEv
                0x08005914       0x46 Debug_Win/user/main.opp
                0x08005914                Measure::initial_setting()
 .text._ZN7Measure13set_zero_DataEv
                0x0800595a      0x100 Debug_Win/user/main.opp
                0x0800595a                Measure::set_zero_Data()
 .text._ZN7Measure18set_rotationMatrixEv
                0x08005a5a      0x31e Debug_Win/user/main.opp
                0x08005a5a                Measure::set_rotationMatrix()
 .text.main     0x08005d78       0x68 Debug_Win/user/main.opp
                0x08005d78                main
 .text.InitAll  0x08005de0       0x1c Debug_Win/user/main.opp
                0x08005de0                InitAll
 .text.ProcessInByte
                0x08005dfc      0x138 Debug_Win/user/main.opp
                0x08005dfc                ProcessInByte
 .text.LedsInit
                0x08005f34       0x38 Debug_Win/user/main.opp
                0x08005f34                LedsInit
 .text.Toggle_Leds
                0x08005f6c       0x98 Debug_Win/user/main.opp
                0x08005f6c                Toggle_Leds
 .text.LedsOff  0x08006004       0x38 Debug_Win/user/main.opp
                0x08006004                LedsOff
 .text.LedOn    0x0800603c       0x1a Debug_Win/user/main.opp
                0x0800603c                LedOn
 .text.LedOff   0x08006056       0x1a Debug_Win/user/main.opp
                0x08006056                LedOff
 .text.TIM4_IRQHandler
                0x08006070       0x20 Debug_Win/user/main.opp
                0x08006070                TIM4_IRQHandler
 .text.Delay    0x08006090       0x34 Debug_Win/user/main.opp
                0x08006090                Delay
 .text.TimingDelay_Decrement
                0x080060c4       0x30 Debug_Win/user/main.opp
                0x080060c4                TimingDelay_Decrement
 .text.L3GD20_TIMEOUT_UserCallback
                0x080060f4       0x10 Debug_Win/user/main.opp
                0x080060f4                L3GD20_TIMEOUT_UserCallback
 .text.LSM303DLHC_TIMEOUT_UserCallback
                0x08006104       0x10 Debug_Win/user/main.opp
                0x08006104                LSM303DLHC_TIMEOUT_UserCallback
 .text._ZSt3powIiiEN9__gnu_cxx11__promote_2IT_T0_NS0_9__promoteIS2_XsrSt12__is_integerIS2_E7__valueEE6__typeENS4_IS3_XsrS5_IS3_E7__valueEE6__typeEE6__typeES2_S3_
                0x08006114       0x40 Debug_Win/user/main.opp
                0x08006114                __gnu_cxx::__promote_2<int, int, __gnu_cxx::__promote<int, std::__is_integer<int>::__value>::__type, __gnu_cxx::__promote<int, std::__is_integer<int>::__value>::__type>::__type std::pow<int, int>(int, int)
 .text._Z41__static_initialization_and_destruction_0ii
                0x08006154       0x38 Debug_Win/user/main.opp
 .text._GLOBAL__sub_I_RCC_Clocks
                0x0800618c       0x10 Debug_Win/user/main.opp
 .text.GYRO_INIT
                0x0800619c       0x80 Debug_Win/user/Sensors.o
                0x0800619c                GYRO_INIT
 .text.ReadGyro
                0x0800621c       0xb8 Debug_Win/user/Sensors.o
                0x0800621c                ReadGyro
 .text.MAG_INIT
                0x080062d4       0x26 Debug_Win/user/Sensors.o
                0x080062d4                MAG_INIT
 .text.ACC_INIT
                0x080062fa       0x50 Debug_Win/user/Sensors.o
                0x080062fa                ACC_INIT
 *fill*         0x0800634a        0x2 
 .text.ReadAcc  0x0800634c      0x218 Debug_Win/user/Sensors.o
                0x0800634c                ReadAcc
 .text.ReadMagTemp
                0x08006564      0x174 Debug_Win/user/Sensors.o
                0x08006564                ReadMagTemp
 .text.cosf     0x080066d8       0x70 c:/sysgcc/arm-eabi/bin/../lib/gcc/arm-none-eabi/10.3.1/../../../../arm-none-eabi/lib/thumb/v7e-m+fp/hard\libm.a(lib_a-sf_cos.o)
                0x080066d8                cosf
 .text.roundf   0x08006748       0x4c c:/sysgcc/arm-eabi/bin/../lib/gcc/arm-none-eabi/10.3.1/../../../../arm-none-eabi/lib/thumb/v7e-m+fp/hard\libm.a(lib_a-sf_round.o)
                0x08006748                roundf
 .text.sinf     0x08006794       0x74 c:/sysgcc/arm-eabi/bin/../lib/gcc/arm-none-eabi/10.3.1/../../../../arm-none-eabi/lib/thumb/v7e-m+fp/hard\libm.a(lib_a-sf_sin.o)
                0x08006794                sinf
 .text.pow      0x08006808       0xf0 c:/sysgcc/arm-eabi/bin/../lib/gcc/arm-none-eabi/10.3.1/../../../../arm-none-eabi/lib/thumb/v7e-m+fp/hard\libm.a(lib_a-w_pow.o)
                0x08006808                pow
 .text.sqrtf    0x080068f8       0x44 c:/sysgcc/arm-eabi/bin/../lib/gcc/arm-none-eabi/10.3.1/../../../../arm-none-eabi/lib/thumb/v7e-m+fp/hard\libm.a(lib_a-wf_sqrt.o)
                0x080068f8                sqrtf
 *fill*         0x0800693c        0x4 
 .text.__ieee754_pow
                0x08006940      0xb74 c:/sysgcc/arm-eabi/bin/../lib/gcc/arm-none-eabi/10.3.1/../../../../arm-none-eabi/lib/thumb/v7e-m+fp/hard\libm.a(lib_a-e_pow.o)
                0x08006940                __ieee754_pow
 .text.__ieee754_sqrt
                0x080074b4      0x198 c:/sysgcc/arm-eabi/bin/../lib/gcc/arm-none-eabi/10.3.1/../../../../arm-none-eabi/lib/thumb/v7e-m+fp/hard\libm.a(lib_a-e_sqrt.o)
                0x080074b4                __ieee754_sqrt
 .text.__ieee754_rem_pio2f
                0x0800764c      0x264 c:/sysgcc/arm-eabi/bin/../lib/gcc/arm-none-eabi/10.3.1/../../../../arm-none-eabi/lib/thumb/v7e-m+fp/hard\libm.a(lib_a-ef_rem_pio2.o)
                0x0800764c                __ieee754_rem_pio2f
 .text.__ieee754_sqrtf
                0x080078b0        0x8 c:/sysgcc/arm-eabi/bin/../lib/gcc/arm-none-eabi/10.3.1/../../../../arm-none-eabi/lib/thumb/v7e-m+fp/hard\libm.a(lib_a-ef_sqrt.o)
                0x080078b0                __ieee754_sqrtf
 .text.__kernel_cosf
                0x080078b8      0x104 c:/sysgcc/arm-eabi/bin/../lib/gcc/arm-none-eabi/10.3.1/../../../../arm-none-eabi/lib/thumb/v7e-m+fp/hard\libm.a(lib_a-kf_cos.o)
                0x080078b8                __kernel_cosf
 .text.__kernel_rem_pio2f
                0x080079bc      0x674 c:/sysgcc/arm-eabi/bin/../lib/gcc/arm-none-eabi/10.3.1/../../../../arm-none-eabi/lib/thumb/v7e-m+fp/hard\libm.a(lib_a-kf_rem_pio2.o)
                0x080079bc                __kernel_rem_pio2f
 .text.__kernel_sinf
                0x08008030       0x90 c:/sysgcc/arm-eabi/bin/../lib/gcc/arm-none-eabi/10.3.1/../../../../arm-none-eabi/lib/thumb/v7e-m+fp/hard\libm.a(lib_a-kf_sin.o)
                0x08008030                __kernel_sinf
 .text.with_errno
                0x080080c0       0x18 c:/sysgcc/arm-eabi/bin/../lib/gcc/arm-none-eabi/10.3.1/../../../../arm-none-eabi/lib/thumb/v7e-m+fp/hard\libm.a(lib_a-math_err.o)
 .text.xflow    0x080080d8       0x2c c:/sysgcc/arm-eabi/bin/../lib/gcc/arm-none-eabi/10.3.1/../../../../arm-none-eabi/lib/thumb/v7e-m+fp/hard\libm.a(lib_a-math_err.o)
 .text.__math_uflow
                0x08008104       0x14 c:/sysgcc/arm-eabi/bin/../lib/gcc/arm-none-eabi/10.3.1/../../../../arm-none-eabi/lib/thumb/v7e-m+fp/hard\libm.a(lib_a-math_err.o)
                0x08008104                __math_uflow
 .text.__math_oflow
                0x08008118       0x14 c:/sysgcc/arm-eabi/bin/../lib/gcc/arm-none-eabi/10.3.1/../../../../arm-none-eabi/lib/thumb/v7e-m+fp/hard\libm.a(lib_a-math_err.o)
                0x08008118                __math_oflow
 .text.fabs     0x0800812c       0x14 c:/sysgcc/arm-eabi/bin/../lib/gcc/arm-none-eabi/10.3.1/../../../../arm-none-eabi/lib/thumb/v7e-m+fp/hard\libm.a(lib_a-s_fabs.o)
                0x0800812c                fabs
 .text.finite   0x08008140       0x18 c:/sysgcc/arm-eabi/bin/../lib/gcc/arm-none-eabi/10.3.1/../../../../arm-none-eabi/lib/thumb/v7e-m+fp/hard\libm.a(lib_a-s_finite.o)
                0x08008140                finite
 .text.scalbn   0x08008158      0x124 c:/sysgcc/arm-eabi/bin/../lib/gcc/arm-none-eabi/10.3.1/../../../../arm-none-eabi/lib/thumb/v7e-m+fp/hard\libm.a(lib_a-s_scalbn.o)
                0x08008158                scalbn
 .text.fabsf    0x0800827c       0x10 c:/sysgcc/arm-eabi/bin/../lib/gcc/arm-none-eabi/10.3.1/../../../../arm-none-eabi/lib/thumb/v7e-m+fp/hard\libm.a(lib_a-sf_fabs.o)
                0x0800827c                fabsf
 .text.floorf   0x0800828c       0x8c c:/sysgcc/arm-eabi/bin/../lib/gcc/arm-none-eabi/10.3.1/../../../../arm-none-eabi/lib/thumb/v7e-m+fp/hard\libm.a(lib_a-sf_floor.o)
                0x0800828c                floorf
 .text.scalbnf  0x08008318       0xe4 c:/sysgcc/arm-eabi/bin/../lib/gcc/arm-none-eabi/10.3.1/../../../../arm-none-eabi/lib/thumb/v7e-m+fp/hard\libm.a(lib_a-sf_scalbn.o)
                0x08008318                scalbnf
 .text          0x080083fc      0x378 c:/sysgcc/arm-eabi/bin/../lib/gcc/arm-none-eabi/10.3.1/thumb/v7e-m+fp/hard\libgcc.a(_arm_addsubdf3.o)
                0x080083fc                __aeabi_drsub
                0x08008404                __aeabi_dsub
                0x08008404                __subdf3
                0x08008408                __aeabi_dadd
                0x08008408                __adddf3
                0x08008680                __floatunsidf
                0x08008680                __aeabi_ui2d
                0x080086a0                __floatsidf
                0x080086a0                __aeabi_i2d
                0x080086c4                __aeabi_f2d
                0x080086c4                __extendsfdf2
                0x08008708                __floatundidf
                0x08008708                __aeabi_ul2d
                0x08008718                __floatdidf
                0x08008718                __aeabi_l2d
 .text          0x08008774      0x424 c:/sysgcc/arm-eabi/bin/../lib/gcc/arm-none-eabi/10.3.1/thumb/v7e-m+fp/hard\libgcc.a(_arm_muldivdf3.o)
                0x08008774                __aeabi_dmul
                0x08008774                __muldf3
                0x080089c8                __divdf3
                0x080089c8                __aeabi_ddiv
 .text          0x08008b98      0x110 c:/sysgcc/arm-eabi/bin/../lib/gcc/arm-none-eabi/10.3.1/thumb/v7e-m+fp/hard\libgcc.a(_arm_cmpdf2.o)
                0x08008b98                __gtdf2
                0x08008b98                __gedf2
                0x08008ba0                __ltdf2
                0x08008ba0                __ledf2
                0x08008ba8                __nedf2
                0x08008ba8                __eqdf2
                0x08008ba8                __cmpdf2
                0x08008c24                __aeabi_cdrcmple
                0x08008c34                __aeabi_cdcmpeq
                0x08008c34                __aeabi_cdcmple
                0x08008c44                __aeabi_dcmpeq
                0x08008c58                __aeabi_dcmplt
                0x08008c6c                __aeabi_dcmple
                0x08008c80                __aeabi_dcmpge
                0x08008c94                __aeabi_dcmpgt
 .text          0x08008ca8       0x2c c:/sysgcc/arm-eabi/bin/../lib/gcc/arm-none-eabi/10.3.1/thumb/v7e-m+fp/hard\libgcc.a(_arm_unorddf2.o)
                0x08008ca8                __unorddf2
                0x08008ca8                __aeabi_dcmpun
 .text          0x08008cd4       0x50 c:/sysgcc/arm-eabi/bin/../lib/gcc/arm-none-eabi/10.3.1/thumb/v7e-m+fp/hard\libgcc.a(_arm_fixdfsi.o)
                0x08008cd4                __aeabi_d2iz
                0x08008cd4                __fixdfsi
 .text          0x08008d24       0xa0 c:/sysgcc/arm-eabi/bin/../lib/gcc/arm-none-eabi/10.3.1/thumb/v7e-m+fp/hard\libgcc.a(_arm_truncdfsf2.o)
                0x08008d24                __truncdfsf2
                0x08008d24                __aeabi_d2f
 .text.__errno  0x08008dc4        0xc c:/sysgcc/arm-eabi/bin/../lib/gcc/arm-none-eabi/10.3.1/../../../../arm-none-eabi/lib/thumb/v7e-m+fp/hard\libg.a(lib_a-errno.o)
                0x08008dc4                __errno
 .text.memset   0x08008dd0       0xa4 c:/sysgcc/arm-eabi/bin/../lib/gcc/arm-none-eabi/10.3.1/../../../../arm-none-eabi/lib/thumb/v7e-m+fp/hard\libg.a(lib_a-memset.o)
                0x08008dd0                memset
 *(.rodata .rodata.* .constdata .constdata.*)
 .rodata.GPIO_PIN
                0x08008e74       0x10 Debug_Win/stm32f3/stm32f3_discovery.o
                0x08008e74                GPIO_PIN
 .rodata.GPIO_CLK
                0x08008e84       0x20 Debug_Win/stm32f3/stm32f3_discovery.o
                0x08008e84                GPIO_CLK
 .rodata.Virtual_Com_Port_DeviceDescriptor
                0x08008ea4       0x12 Debug_Win/usb/usb_desc.o
                0x08008ea4                Virtual_Com_Port_DeviceDescriptor
 *fill*         0x08008eb6        0x2 
 .rodata.Virtual_Com_Port_ConfigDescriptor
                0x08008eb8       0x43 Debug_Win/usb/usb_desc.o
                0x08008eb8                Virtual_Com_Port_ConfigDescriptor
 *fill*         0x08008efb        0x1 
 .rodata.Virtual_Com_Port_StringLangID
                0x08008efc        0x4 Debug_Win/usb/usb_desc.o
                0x08008efc                Virtual_Com_Port_StringLangID
 .rodata.Virtual_Com_Port_StringVendor
                0x08008f00       0x26 Debug_Win/usb/usb_desc.o
                0x08008f00                Virtual_Com_Port_StringVendor
 *fill*         0x08008f26        0x2 
 .rodata.Virtual_Com_Port_StringProduct
                0x08008f28       0x2e Debug_Win/usb/usb_desc.o
                0x08008f28                Virtual_Com_Port_StringProduct
 *fill*         0x08008f56        0x2 
 .rodata.Virtual_Com_Port_QualifierDescriptor
                0x08008f58       0x12 Debug_Win/usb/usb_desc.o
                0x08008f58                Virtual_Com_Port_QualifierDescriptor
 *fill*         0x08008f6a        0x2 
 .rodata        0x08008f6c       0x13 Debug_Win/user/main.opp
 *fill*         0x08008f7f        0x1 
 .rodata.npio2_hw
                0x08008f80       0x80 c:/sysgcc/arm-eabi/bin/../lib/gcc/arm-none-eabi/10.3.1/../../../../arm-none-eabi/lib/thumb/v7e-m+fp/hard\libm.a(lib_a-ef_rem_pio2.o)
 .rodata.two_over_pi
                0x08009000      0x318 c:/sysgcc/arm-eabi/bin/../lib/gcc/arm-none-eabi/10.3.1/../../../../arm-none-eabi/lib/thumb/v7e-m+fp/hard\libm.a(lib_a-ef_rem_pio2.o)
 .rodata.PIo2   0x08009318       0x2c c:/sysgcc/arm-eabi/bin/../lib/gcc/arm-none-eabi/10.3.1/../../../../arm-none-eabi/lib/thumb/v7e-m+fp/hard\libm.a(lib_a-kf_rem_pio2.o)
 .rodata.init_jk
                0x08009344        0xc c:/sysgcc/arm-eabi/bin/../lib/gcc/arm-none-eabi/10.3.1/../../../../arm-none-eabi/lib/thumb/v7e-m+fp/hard\libm.a(lib_a-kf_rem_pio2.o)
 *(vtable)
 *(.eh_frame*)
 *(.glue_7)
 .glue_7        0x08009350        0x0 linker stubs
 *(.glue_7t)
 .glue_7t       0x08009350        0x0 linker stubs

.vfp11_veneer   0x08009350        0x0
 .vfp11_veneer  0x08009350        0x0 linker stubs

.v4_bx          0x08009350        0x0
 .v4_bx         0x08009350        0x0 linker stubs

.iplt           0x08009350        0x0
 .iplt          0x08009350        0x0 Debug_Win/stm32f30x/stm32f30x_rcc.o

.rel.dyn        0x08009350        0x0
 .rel.iplt      0x08009350        0x0 Debug_Win/stm32f30x/stm32f30x_rcc.o

.ARM.extab
 *(.ARM.extab* .gnu.linkonce.armextab.*)
                0x08009350                . = ALIGN (0x4)
                0x08009350                __exidx_start = .

.ARM.exidx
 *(.ARM.exidx* .gnu.linkonce.armexidx.*)
                0x08009350                __exidx_end = .
                0x08009350                . = ALIGN (0x4)
                0x08009350                _etext = .
                0x08009350                __etext = .

.data_CCMRAM    0x10000000        0x0 load address 0x08009350
 FILL mask 0xff
 *(.data.CCMRAM .data.CCMRAM.*)
                0x10000000                . = ALIGN (0x4)
                0x08009350                _sidata = LOADADDR (.data)

.data           0x20000000      0x57c load address 0x08009350
 FILL mask 0xff
                0x20000000                _sdata = .
                0x20000000                __data_start__ = .
 *(.data_begin .data_begin.*)
 .data_begin    0x20000000        0x4 Debug_Win/system/_startup.o
 *(.data .data.*)
 .data.APBAHBPrescTable
                0x20000004       0x10 Debug_Win/stm32f30x/stm32f30x_rcc.o
 .data.ADCPrescTable
                0x20000014       0x1a Debug_Win/stm32f30x/stm32f30x_rcc.o
 *fill*         0x2000002e        0x2 ff
 .data.GPIO_PORT
                0x20000030       0x20 Debug_Win/stm32f3/stm32f3_discovery.o
                0x20000030                GPIO_PORT
 .data.BUTTON_PORT
                0x20000050        0x4 Debug_Win/stm32f3/stm32f3_discovery.o
                0x20000050                BUTTON_PORT
 .data.LSM303DLHC_Timeout
                0x20000054        0x4 Debug_Win/stm32f3/stm32f3_discovery_lsm303dlhc.o
                0x20000054                LSM303DLHC_Timeout
 .data.L3GD20Timeout
                0x20000058        0x4 Debug_Win/stm32f3/stm32f3_discovery_l3gd20.o
                0x20000058                L3GD20Timeout
 .data.SystemCoreClock
                0x2000005c        0x4 Debug_Win/system/system_stm32f30x.o
                0x2000005c                SystemCoreClock
 .data.AHBPrescTable
                0x20000060       0x10 Debug_Win/system/system_stm32f30x.o
                0x20000060                AHBPrescTable
 .data.argv.1   0x20000070        0x8 Debug_Win/system/_syscalls.o
 .data.pEpInt_IN
                0x20000078       0x1c Debug_Win/usb/usb_istr.o
                0x20000078                pEpInt_IN
 .data.pEpInt_OUT
                0x20000094       0x1c Debug_Win/usb/usb_istr.o
                0x20000094                pEpInt_OUT
 .data.fSuspendEnabled
                0x200000b0        0x1 Debug_Win/usb/usb_pwr.o
                0x200000b0                fSuspendEnabled
 *fill*         0x200000b1        0x3 ff
 .data.linecoding
                0x200000b4        0x8 Debug_Win/usb/usb_prop.o
                0x200000b4                linecoding
 .data.Device_Table
                0x200000bc        0x2 Debug_Win/usb/usb_prop.o
                0x200000bc                Device_Table
 *fill*         0x200000be        0x2 ff
 .data.Device_Property
                0x200000c0       0x34 Debug_Win/usb/usb_prop.o
                0x200000c0                Device_Property
 .data.Device_Descriptor
                0x200000f4        0x8 Debug_Win/usb/usb_prop.o
                0x200000f4                Device_Descriptor
 .data.Config_Descriptor
                0x200000fc        0x8 Debug_Win/usb/usb_prop.o
                0x200000fc                Config_Descriptor
 .data.Qualifier_Descriptor
                0x20000104        0x8 Debug_Win/usb/usb_prop.o
                0x20000104                Qualifier_Descriptor
 .data.String_Descriptor
                0x2000010c       0x20 Debug_Win/usb/usb_prop.o
                0x2000010c                String_Descriptor
 .data.Virtual_Com_Port_StringSerial
                0x2000012c       0x1a Debug_Win/usb/usb_desc.o
                0x2000012c                Virtual_Com_Port_StringSerial
 *fill*         0x20000146        0x2 ff
 .data.USBConnectTimeOut
                0x20000148        0x4 Debug_Win/user/main.opp
                0x20000148                USBConnectTimeOut
 .data._impure_ptr
                0x2000014c        0x4 c:/sysgcc/arm-eabi/bin/../lib/gcc/arm-none-eabi/10.3.1/../../../../arm-none-eabi/lib/thumb/v7e-m+fp/hard\libg.a(lib_a-impure.o)
                0x2000014c                _impure_ptr
 .data.impure_data
                0x20000150      0x428 c:/sysgcc/arm-eabi/bin/../lib/gcc/arm-none-eabi/10.3.1/../../../../arm-none-eabi/lib/thumb/v7e-m+fp/hard\libg.a(lib_a-impure.o)
 *(.data_end .data_end.*)
 .data_end      0x20000578        0x4 Debug_Win/system/_startup.o
                0x2000057c                . = ALIGN (0x4)
                0x2000057c                _edata = .
                0x2000057c                __data_end__ = .

.igot.plt       0x2000057c        0x0 load address 0x080098cc
 .igot.plt      0x2000057c        0x0 Debug_Win/stm32f30x/stm32f30x_rcc.o

.bss_CCMRAM     0x10000000        0x0
 *(.bss.CCMRAM .bss.CCMRAM.*)

.bss            0x2000057c     0x11f0
                0x2000057c                __bss_start__ = .
                0x2000057c                _sbss = .
 *(.bss_begin .bss_begin.*)
 .bss_begin     0x2000057c        0x4 Debug_Win/system/_startup.o
 *(.bss .bss.*)
 .bss.i         0x20000580        0x4 Debug_Win/stm32f30x/stm32f30x_it.o
                0x20000580                i
 .bss.name.0    0x20000584        0x1 Debug_Win/system/_syscalls.o
 .bss.HSEStartUpStatus
                0x20000585        0x1 Debug_Win/usb/hw_config.o
                0x20000585                HSEStartUpStatus
 *fill*         0x20000586        0x2 
 .bss.Receive_Buffer
                0x20000588       0x40 Debug_Win/usb/hw_config.o
                0x20000588                Receive_Buffer
 .bss.packet_sent
                0x200005c8        0x4 Debug_Win/usb/hw_config.o
                0x200005c8                packet_sent
 .bss.packet_receive
                0x200005cc        0x4 Debug_Win/usb/hw_config.o
                0x200005cc                packet_receive
 .bss.wIstr     0x200005d0        0x2 Debug_Win/usb/usb_istr.o
                0x200005d0                wIstr
 .bss.bIntPackSOF
                0x200005d2        0x1 Debug_Win/usb/usb_istr.o
                0x200005d2                bIntPackSOF
 *fill*         0x200005d3        0x1 
 .bss.esof_counter
                0x200005d4        0x4 Debug_Win/usb/usb_istr.o
                0x200005d4                esof_counter
 .bss.wCNTR     0x200005d8        0x4 Debug_Win/usb/usb_istr.o
                0x200005d8                wCNTR
 .bss.bDeviceState
                0x200005dc        0x4 Debug_Win/usb/usb_pwr.o
                0x200005dc                bDeviceState
 .bss.EP        0x200005e0       0x20 Debug_Win/usb/usb_pwr.o
                0x200005e0                EP
 .bss.ResumeS   0x20000600        0x2 Debug_Win/usb/usb_pwr.o
                0x20000600                ResumeS
 *fill*         0x20000602        0x2 
 .bss.remotewakeupon
                0x20000604        0x4 Debug_Win/usb/usb_pwr.o
                0x20000604                remotewakeupon
 .bss.EPindex   0x20000608        0x1 Debug_Win/usb/usb_init.o
                0x20000608                EPindex
 *fill*         0x20000609        0x3 
 .bss.pInformation
                0x2000060c        0x4 Debug_Win/usb/usb_init.o
                0x2000060c                pInformation
 .bss.pProperty
                0x20000610        0x4 Debug_Win/usb/usb_init.o
                0x20000610                pProperty
 .bss.wInterrupt_Mask
                0x20000614        0x2 Debug_Win/usb/usb_init.o
                0x20000614                wInterrupt_Mask
 *fill*         0x20000616        0x2 
 .bss.Device_Info
                0x20000618       0x1c Debug_Win/usb/usb_init.o
                0x20000618                Device_Info
 .bss.pUser_Standard_Requests
                0x20000634        0x4 Debug_Win/usb/usb_init.o
                0x20000634                pUser_Standard_Requests
 .bss.Request   0x20000638        0x1 Debug_Win/usb/usb_prop.o
                0x20000638                Request
 *fill*         0x20000639        0x3 
 .bss.StatusInfo
                0x2000063c        0x2 Debug_Win/usb/usb_core.o
                0x2000063c                StatusInfo
 .bss.Data_Mul_MaxPacketSize
                0x2000063e        0x1 Debug_Win/usb/usb_core.o
                0x2000063e                Data_Mul_MaxPacketSize
 *fill*         0x2000063f        0x1 
 .bss.SaveRState
                0x20000640        0x2 Debug_Win/usb/usb_int.o
                0x20000640                SaveRState
 .bss.SaveTState
                0x20000642        0x2 Debug_Win/usb/usb_int.o
                0x20000642                SaveTState
 .bss.Receive_length
                0x20000644        0x4 Debug_Win/usb/usb_endp.o
                0x20000644                Receive_length
 .bss.VCP_Buff  0x20000648       0x14 Debug_Win/usb/VCP_F3.opp
                0x20000648                VCP_Buff
 .bss.pc8       0x2000065c        0x1 Debug_Win/user/Drv_Gpio.opp
                0x2000065c                pc8
 *fill*         0x2000065d        0x3 
 .bss.TxBuff    0x20000660       0x14 Debug_Win/user/Drv_Uart.opp
                0x20000660                TxBuff
 .bss.RxBuff    0x20000674       0x14 Debug_Win/user/Drv_Uart.opp
                0x20000674                RxBuff
 .bss.RCC_Clocks
                0x20000688       0x3c Debug_Win/user/main.opp
                0x20000688                RCC_Clocks
 .bss.TimingDelay
                0x200006c4        0x4 Debug_Win/user/main.opp
                0x200006c4                TimingDelay
 .bss.DataReady
                0x200006c8        0x1 Debug_Win/user/main.opp
                0x200006c8                DataReady
 *fill*         0x200006c9        0x3 
 .bss.UserButtonPressed
                0x200006cc        0x4 Debug_Win/user/main.opp
                0x200006cc                UserButtonPressed
 .bss.stage     0x200006d0        0x4 Debug_Win/user/main.opp
                0x200006d0                stage
 .bss.MessageFound
                0x200006d4        0x1 Debug_Win/user/main.opp
                0x200006d4                MessageFound
 .bss.ConSummIn
                0x200006d5        0x1 Debug_Win/user/main.opp
                0x200006d5                ConSummIn
 *fill*         0x200006d6        0x2 
 .bss.DataSize  0x200006d8        0x4 Debug_Win/user/main.opp
                0x200006d8                DataSize
 .bss.DataIndex
                0x200006dc        0x4 Debug_Win/user/main.opp
                0x200006dc                DataIndex
 .bss.DppCode   0x200006e0       0x19 Debug_Win/user/main.opp
                0x200006e0                DppCode
 *fill*         0x200006f9        0x3 
 .bss.DataBuffer
                0x200006fc       0x19 Debug_Win/user/main.opp
                0x200006fc                DataBuffer
 *fill*         0x20000715        0x3 
 .bss.gyro_multiplier
                0x20000718        0x4 Debug_Win/user/main.opp
                0x20000718                gyro_multiplier
 .bss.Temp_raw_Buffer
                0x2000071c      0x100 Debug_Win/user/main.opp
                0x2000071c                Temp_raw_Buffer
 .bss.Temp_raw_Buffer_counter
                0x2000081c        0x4 Debug_Win/user/main.opp
                0x2000081c                Temp_raw_Buffer_counter
 .bss.measure   0x20000820      0xf3c Debug_Win/user/main.opp
                0x20000820                measure
 .bss.buffer.2  0x2000175c        0x6 Debug_Win/user/Sensors.o
 *fill*         0x20001762        0x2 
 .bss.buffer.0  0x20001764        0x2 Debug_Win/user/Sensors.o
 *(COMMON)
 *(.bss_end .bss_end.*)
 *fill*         0x20001766        0x2 
 .bss_end       0x20001768        0x4 Debug_Win/system/_startup.o
                0x2000176c                . = ALIGN (0x4)
                0x2000176c                __bss_end__ = .
                0x2000176c                _ebss = .

.noinit_CCMRAM
 *(.noinit.CCMRAM .noinit.CCMRAM.*)

.noinit         0x2000176c        0x0
                0x2000176c                _noinit = .
 *(.noinit .noinit.*)
                0x2000176c                . = ALIGN (0x4)
                0x2000176c                _end_noinit = .
                [!provide]                PROVIDE (end = _end_noinit)
                [!provide]                PROVIDE (_end = _end_noinit)
                [!provide]                PROVIDE (__end = _end_noinit)
                [!provide]                PROVIDE (__end__ = _end_noinit)

._check_stack   0x2000176c      0x100
                0x2000186c                . = (. + _Minimum_Stack_Size)
 *fill*         0x2000176c      0x100 

.b1text
 *(.b1text)
 *(.b1rodata)
 *(.b1rodata.*)

.eb0text
 *(.eb0text)
 *(.eb0rodata)
 *(.eb0rodata.*)

.eb1text
 *(.eb1text)
 *(.eb1rodata)
 *(.eb1rodata.*)

.eb2text
 *(.eb2text)
 *(.eb2rodata)
 *(.eb2rodata.*)

.eb3text
 *(.eb3text)
 *(.eb3rodata)
 *(.eb3rodata.*)

.stab
 *(.stab)

.stabstr
 *(.stabstr)

.stab.excl
 *(.stab.excl)

.stab.exclstr
 *(.stab.exclstr)

.stab.index
 *(.stab.index)

.stab.indexstr
 *(.stab.indexstr)

.comment        0x00000000       0x49
 *(.comment)
 .comment       0x00000000       0x49 Debug_Win/stm32f30x/stm32f30x_usart.o
                                 0x4a (size before relaxing)
 .comment       0x00000049       0x4a Debug_Win/stm32f30x/stm32f30x_tim.o
 .comment       0x00000049       0x4a Debug_Win/stm32f30x/stm32f30x_rcc.o
 .comment       0x00000049       0x4a Debug_Win/stm32f30x/stm32f30x_gpio.o
 .comment       0x00000049       0x4a Debug_Win/stm32f30x/stm32f30x_it.o
 .comment       0x00000049       0x4a Debug_Win/stm32f30x/stm32f30x_i2c.o
 .comment       0x00000049       0x4a Debug_Win/stm32f30x/stm32f30x_exti.o
 .comment       0x00000049       0x4a Debug_Win/stm32f30x/stm32f30x_spi.o
 .comment       0x00000049       0x4a Debug_Win/stm32f30x/stm32f30x_syscfg.o
 .comment       0x00000049       0x4a Debug_Win/stm32f3/stm32f3_discovery.o
 .comment       0x00000049       0x4a Debug_Win/stm32f3/stm32f3_discovery_lsm303dlhc.o
 .comment       0x00000049       0x4a Debug_Win/stm32f3/stm32f3_discovery_l3gd20.o
 .comment       0x00000049       0x4a Debug_Win/system/system_stm32f30x.o
 .comment       0x00000049       0x4a Debug_Win/system/vectors_stm32f30x.o
 .comment       0x00000049       0x4a Debug_Win/system/_exit.o
 .comment       0x00000049       0x4a Debug_Win/system/_startup.o
 .comment       0x00000049       0x4a Debug_Win/system/_syscalls.o
 .comment       0x00000049       0x4a Debug_Win/system/_initialize_hardware.o
 .comment       0x00000049       0x4a Debug_Win/system/exception_handlers.o
 .comment       0x00000049       0x4a Debug_Win/usb/hw_config.o
 .comment       0x00000049       0x4a Debug_Win/usb/usb_istr.o
 .comment       0x00000049       0x4a Debug_Win/usb/usb_pwr.o
 .comment       0x00000049       0x4a Debug_Win/usb/usb_init.o
 .comment       0x00000049       0x4a Debug_Win/usb/usb_prop.o
 .comment       0x00000049       0x4a Debug_Win/usb/usb_regs.o
 .comment       0x00000049       0x4a Debug_Win/usb/usb_desc.o
 .comment       0x00000049       0x4a Debug_Win/usb/usb_sil.o
 .comment       0x00000049       0x4a Debug_Win/usb/usb_core.o
 .comment       0x00000049       0x4a Debug_Win/usb/usb_int.o
 .comment       0x00000049       0x4a Debug_Win/usb/usb_mem.o
 .comment       0x00000049       0x4a Debug_Win/usb/usb_endp.o
 .comment       0x00000049       0x4a Debug_Win/usb/VCP_F3.opp
 .comment       0x00000049       0x4a Debug_Win/user/Drv_Gpio.opp
 .comment       0x00000049       0x4a Debug_Win/user/Drv_Uart.opp
 .comment       0x00000049       0x4a Debug_Win/user/main.opp
 .comment       0x00000049       0x4a Debug_Win/user/Sensors.o

.ARM.attributes
                0x00000000       0x32
 .ARM.attributes
                0x00000000       0x34 Debug_Win/stm32f30x/stm32f30x_usart.o
 .ARM.attributes
                0x00000034       0x34 Debug_Win/stm32f30x/stm32f30x_tim.o
 .ARM.attributes
                0x00000068       0x34 Debug_Win/stm32f30x/stm32f30x_rcc.o
 .ARM.attributes
                0x0000009c       0x34 Debug_Win/stm32f30x/stm32f30x_gpio.o
 .ARM.attributes
                0x000000d0       0x34 Debug_Win/stm32f30x/stm32f30x_it.o
 .ARM.attributes
                0x00000104       0x34 Debug_Win/stm32f30x/stm32f30x_i2c.o
 .ARM.attributes
                0x00000138       0x34 Debug_Win/stm32f30x/stm32f30x_exti.o
 .ARM.attributes
                0x0000016c       0x34 Debug_Win/stm32f30x/stm32f30x_spi.o
 .ARM.attributes
                0x000001a0       0x34 Debug_Win/stm32f30x/stm32f30x_syscfg.o
 .ARM.attributes
                0x000001d4       0x34 Debug_Win/stm32f3/stm32f3_discovery.o
 .ARM.attributes
                0x00000208       0x34 Debug_Win/stm32f3/stm32f3_discovery_lsm303dlhc.o
 .ARM.attributes
                0x0000023c       0x34 Debug_Win/stm32f3/stm32f3_discovery_l3gd20.o
 .ARM.attributes
                0x00000270       0x34 Debug_Win/system/system_stm32f30x.o
 .ARM.attributes
                0x000002a4       0x34 Debug_Win/system/vectors_stm32f30x.o
 .ARM.attributes
                0x000002d8       0x34 Debug_Win/system/_exit.o
 .ARM.attributes
                0x0000030c       0x34 Debug_Win/system/_startup.o
 .ARM.attributes
                0x00000340       0x34 Debug_Win/system/_syscalls.o
 .ARM.attributes
                0x00000374       0x34 Debug_Win/system/_initialize_hardware.o
 .ARM.attributes
                0x000003a8       0x34 Debug_Win/system/exception_handlers.o
 .ARM.attributes
                0x000003dc       0x34 Debug_Win/usb/hw_config.o
 .ARM.attributes
                0x00000410       0x34 Debug_Win/usb/usb_istr.o
 .ARM.attributes
                0x00000444       0x34 Debug_Win/usb/usb_pwr.o
 .ARM.attributes
                0x00000478       0x34 Debug_Win/usb/usb_init.o
 .ARM.attributes
                0x000004ac       0x34 Debug_Win/usb/usb_prop.o
 .ARM.attributes
                0x000004e0       0x34 Debug_Win/usb/usb_regs.o
 .ARM.attributes
                0x00000514       0x34 Debug_Win/usb/usb_desc.o
 .ARM.attributes
                0x00000548       0x34 Debug_Win/usb/usb_sil.o
 .ARM.attributes
                0x0000057c       0x34 Debug_Win/usb/usb_core.o
 .ARM.attributes
                0x000005b0       0x34 Debug_Win/usb/usb_int.o
 .ARM.attributes
                0x000005e4       0x34 Debug_Win/usb/usb_mem.o
 .ARM.attributes
                0x00000618       0x34 Debug_Win/usb/usb_endp.o
 .ARM.attributes
                0x0000064c       0x34 Debug_Win/usb/VCP_F3.opp
 .ARM.attributes
                0x00000680       0x34 Debug_Win/user/Drv_Gpio.opp
 .ARM.attributes
                0x000006b4       0x34 Debug_Win/user/Drv_Uart.opp
 .ARM.attributes
                0x000006e8       0x34 Debug_Win/user/main.opp
 .ARM.attributes
                0x0000071c       0x34 Debug_Win/user/Sensors.o
 .ARM.attributes
                0x00000750       0x34 c:/sysgcc/arm-eabi/bin/../lib/gcc/arm-none-eabi/10.3.1/../../../../arm-none-eabi/lib/thumb/v7e-m+fp/hard\libm.a(lib_a-sf_cos.o)
 .ARM.attributes
                0x00000784       0x34 c:/sysgcc/arm-eabi/bin/../lib/gcc/arm-none-eabi/10.3.1/../../../../arm-none-eabi/lib/thumb/v7e-m+fp/hard\libm.a(lib_a-sf_round.o)
 .ARM.attributes
                0x000007b8       0x34 c:/sysgcc/arm-eabi/bin/../lib/gcc/arm-none-eabi/10.3.1/../../../../arm-none-eabi/lib/thumb/v7e-m+fp/hard\libm.a(lib_a-sf_sin.o)
 .ARM.attributes
                0x000007ec       0x34 c:/sysgcc/arm-eabi/bin/../lib/gcc/arm-none-eabi/10.3.1/../../../../arm-none-eabi/lib/thumb/v7e-m+fp/hard\libm.a(lib_a-w_pow.o)
 .ARM.attributes
                0x00000820       0x34 c:/sysgcc/arm-eabi/bin/../lib/gcc/arm-none-eabi/10.3.1/../../../../arm-none-eabi/lib/thumb/v7e-m+fp/hard\libm.a(lib_a-wf_sqrt.o)
 .ARM.attributes
                0x00000854       0x34 c:/sysgcc/arm-eabi/bin/../lib/gcc/arm-none-eabi/10.3.1/../../../../arm-none-eabi/lib/thumb/v7e-m+fp/hard\libm.a(lib_a-e_pow.o)
 .ARM.attributes
                0x00000888       0x34 c:/sysgcc/arm-eabi/bin/../lib/gcc/arm-none-eabi/10.3.1/../../../../arm-none-eabi/lib/thumb/v7e-m+fp/hard\libm.a(lib_a-e_sqrt.o)
 .ARM.attributes
                0x000008bc       0x34 c:/sysgcc/arm-eabi/bin/../lib/gcc/arm-none-eabi/10.3.1/../../../../arm-none-eabi/lib/thumb/v7e-m+fp/hard\libm.a(lib_a-ef_rem_pio2.o)
 .ARM.attributes
                0x000008f0       0x34 c:/sysgcc/arm-eabi/bin/../lib/gcc/arm-none-eabi/10.3.1/../../../../arm-none-eabi/lib/thumb/v7e-m+fp/hard\libm.a(lib_a-ef_sqrt.o)
 .ARM.attributes
                0x00000924       0x34 c:/sysgcc/arm-eabi/bin/../lib/gcc/arm-none-eabi/10.3.1/../../../../arm-none-eabi/lib/thumb/v7e-m+fp/hard\libm.a(lib_a-kf_cos.o)
 .ARM.attributes
                0x00000958       0x34 c:/sysgcc/arm-eabi/bin/../lib/gcc/arm-none-eabi/10.3.1/../../../../arm-none-eabi/lib/thumb/v7e-m+fp/hard\libm.a(lib_a-kf_rem_pio2.o)
 .ARM.attributes
                0x0000098c       0x34 c:/sysgcc/arm-eabi/bin/../lib/gcc/arm-none-eabi/10.3.1/../../../../arm-none-eabi/lib/thumb/v7e-m+fp/hard\libm.a(lib_a-kf_sin.o)
 .ARM.attributes
                0x000009c0       0x34 c:/sysgcc/arm-eabi/bin/../lib/gcc/arm-none-eabi/10.3.1/../../../../arm-none-eabi/lib/thumb/v7e-m+fp/hard\libm.a(lib_a-math_err.o)
 .ARM.attributes
                0x000009f4       0x34 c:/sysgcc/arm-eabi/bin/../lib/gcc/arm-none-eabi/10.3.1/../../../../arm-none-eabi/lib/thumb/v7e-m+fp/hard\libm.a(lib_a-s_fabs.o)
 .ARM.attributes
                0x00000a28       0x34 c:/sysgcc/arm-eabi/bin/../lib/gcc/arm-none-eabi/10.3.1/../../../../arm-none-eabi/lib/thumb/v7e-m+fp/hard\libm.a(lib_a-s_finite.o)
 .ARM.attributes
                0x00000a5c       0x34 c:/sysgcc/arm-eabi/bin/../lib/gcc/arm-none-eabi/10.3.1/../../../../arm-none-eabi/lib/thumb/v7e-m+fp/hard\libm.a(lib_a-s_scalbn.o)
 .ARM.attributes
                0x00000a90       0x34 c:/sysgcc/arm-eabi/bin/../lib/gcc/arm-none-eabi/10.3.1/../../../../arm-none-eabi/lib/thumb/v7e-m+fp/hard\libm.a(lib_a-sf_fabs.o)
 .ARM.attributes
                0x00000ac4       0x34 c:/sysgcc/arm-eabi/bin/../lib/gcc/arm-none-eabi/10.3.1/../../../../arm-none-eabi/lib/thumb/v7e-m+fp/hard\libm.a(lib_a-sf_floor.o)
 .ARM.attributes
                0x00000af8       0x34 c:/sysgcc/arm-eabi/bin/../lib/gcc/arm-none-eabi/10.3.1/../../../../arm-none-eabi/lib/thumb/v7e-m+fp/hard\libm.a(lib_a-sf_scalbn.o)
 .ARM.attributes
                0x00000b2c       0x1e c:/sysgcc/arm-eabi/bin/../lib/gcc/arm-none-eabi/10.3.1/thumb/v7e-m+fp/hard\libgcc.a(_arm_addsubdf3.o)
 .ARM.attributes
                0x00000b4a       0x1e c:/sysgcc/arm-eabi/bin/../lib/gcc/arm-none-eabi/10.3.1/thumb/v7e-m+fp/hard\libgcc.a(_arm_muldivdf3.o)
 .ARM.attributes
                0x00000b68       0x1e c:/sysgcc/arm-eabi/bin/../lib/gcc/arm-none-eabi/10.3.1/thumb/v7e-m+fp/hard\libgcc.a(_arm_cmpdf2.o)
 .ARM.attributes
                0x00000b86       0x1e c:/sysgcc/arm-eabi/bin/../lib/gcc/arm-none-eabi/10.3.1/thumb/v7e-m+fp/hard\libgcc.a(_arm_unorddf2.o)
 .ARM.attributes
                0x00000ba4       0x1e c:/sysgcc/arm-eabi/bin/../lib/gcc/arm-none-eabi/10.3.1/thumb/v7e-m+fp/hard\libgcc.a(_arm_fixdfsi.o)
 .ARM.attributes
                0x00000bc2       0x1e c:/sysgcc/arm-eabi/bin/../lib/gcc/arm-none-eabi/10.3.1/thumb/v7e-m+fp/hard\libgcc.a(_arm_truncdfsf2.o)
 .ARM.attributes
                0x00000be0       0x34 c:/sysgcc/arm-eabi/bin/../lib/gcc/arm-none-eabi/10.3.1/../../../../arm-none-eabi/lib/thumb/v7e-m+fp/hard\libg.a(lib_a-errno.o)
 .ARM.attributes
                0x00000c14       0x34 c:/sysgcc/arm-eabi/bin/../lib/gcc/arm-none-eabi/10.3.1/../../../../arm-none-eabi/lib/thumb/v7e-m+fp/hard\libg.a(lib_a-impure.o)
 .ARM.attributes
                0x00000c48       0x34 c:/sysgcc/arm-eabi/bin/../lib/gcc/arm-none-eabi/10.3.1/../../../../arm-none-eabi/lib/thumb/v7e-m+fp/hard\libg.a(lib_a-memset.o)

.debug
 *(.debug)

.line
 *(.line)

.debug_srcinfo
 *(.debug_srcinfo)

.debug_sfnames
 *(.debug_sfnames)

.debug_aranges  0x00000000     0x1658
 *(.debug_aranges)
 .debug_aranges
                0x00000000      0x1a0 Debug_Win/stm32f30x/stm32f30x_usart.o
 .debug_aranges
                0x000001a0      0x3a8 Debug_Win/stm32f30x/stm32f30x_tim.o
 .debug_aranges
                0x00000548      0x150 Debug_Win/stm32f30x/stm32f30x_rcc.o
 .debug_aranges
                0x00000698       0x80 Debug_Win/stm32f30x/stm32f30x_gpio.o
 .debug_aranges
                0x00000718       0x78 Debug_Win/stm32f30x/stm32f30x_it.o
 .debug_aranges
                0x00000790      0x168 Debug_Win/stm32f30x/stm32f30x_i2c.o
 .debug_aranges
                0x000008f8       0x58 Debug_Win/stm32f30x/stm32f30x_exti.o
 .debug_aranges
                0x00000950      0x118 Debug_Win/stm32f30x/stm32f30x_spi.o
 .debug_aranges
                0x00000a68       0x88 Debug_Win/stm32f30x/stm32f30x_syscfg.o
 .debug_aranges
                0x00000af0       0x48 Debug_Win/stm32f3/stm32f3_discovery.o
 .debug_aranges
                0x00000b38       0x98 Debug_Win/stm32f3/stm32f3_discovery_lsm303dlhc.o
 .debug_aranges
                0x00000bd0       0x78 Debug_Win/stm32f3/stm32f3_discovery_l3gd20.o
 .debug_aranges
                0x00000c48       0x30 Debug_Win/system/system_stm32f30x.o
 .debug_aranges
                0x00000c78       0x20 Debug_Win/system/vectors_stm32f30x.o
 .debug_aranges
                0x00000c98       0x28 Debug_Win/system/_exit.o
 .debug_aranges
                0x00000cc0       0x40 Debug_Win/system/_startup.o
 .debug_aranges
                0x00000d00       0x30 Debug_Win/system/_syscalls.o
 .debug_aranges
                0x00000d30       0x28 Debug_Win/system/_initialize_hardware.o
 .debug_aranges
                0x00000d58       0x80 Debug_Win/system/exception_handlers.o
 .debug_aranges
                0x00000dd8       0x80 Debug_Win/usb/hw_config.o
 .debug_aranges
                0x00000e58       0x20 Debug_Win/usb/usb_istr.o
 .debug_aranges
                0x00000e78       0x40 Debug_Win/usb/usb_pwr.o
 .debug_aranges
                0x00000eb8       0x20 Debug_Win/usb/usb_init.o
 .debug_aranges
                0x00000ed8       0x90 Debug_Win/usb/usb_prop.o
 .debug_aranges
                0x00000f68      0x1f0 Debug_Win/usb/usb_regs.o
 .debug_aranges
                0x00001158       0x18 Debug_Win/usb/usb_desc.o
 .debug_aranges
                0x00001170       0x30 Debug_Win/usb/usb_sil.o
 .debug_aranges
                0x000011a0       0xb0 Debug_Win/usb/usb_core.o
 .debug_aranges
                0x00001250       0x28 Debug_Win/usb/usb_int.o
 .debug_aranges
                0x00001278       0x28 Debug_Win/usb/usb_mem.o
 .debug_aranges
                0x000012a0       0x28 Debug_Win/usb/usb_endp.o
 .debug_aranges
                0x000012c8       0x90 Debug_Win/usb/VCP_F3.opp
 .debug_aranges
                0x00001358       0x20 Debug_Win/user/Drv_Gpio.opp
 .debug_aranges
                0x00001378       0xb8 Debug_Win/user/Drv_Uart.opp
 .debug_aranges
                0x00001430      0x1d0 Debug_Win/user/main.opp
 .debug_aranges
                0x00001600       0x58 Debug_Win/user/Sensors.o

.debug_pubnames
 *(.debug_pubnames)

.debug_info     0x00000000    0x14a2e
 *(.debug_info .gnu.linkonce.wi.*)
 .debug_info    0x00000000      0xf58 Debug_Win/stm32f30x/stm32f30x_usart.o
 .debug_info    0x00000f58     0x233e Debug_Win/stm32f30x/stm32f30x_tim.o
 .debug_info    0x00003296      0xb1f Debug_Win/stm32f30x/stm32f30x_rcc.o
 .debug_info    0x00003db5      0x623 Debug_Win/stm32f30x/stm32f30x_gpio.o
 .debug_info    0x000043d8      0x2fa Debug_Win/stm32f30x/stm32f30x_it.o
 .debug_info    0x000046d2      0xc47 Debug_Win/stm32f30x/stm32f30x_i2c.o
 .debug_info    0x00005319      0x3ca Debug_Win/stm32f30x/stm32f30x_exti.o
 .debug_info    0x000056e3      0xbdf Debug_Win/stm32f30x/stm32f30x_spi.o
 .debug_info    0x000062c2      0x3c2 Debug_Win/stm32f30x/stm32f30x_syscfg.o
 .debug_info    0x00006684      0x890 Debug_Win/stm32f3/stm32f3_discovery.o
 .debug_info    0x00006f14      0xa09 Debug_Win/stm32f3/stm32f3_discovery_lsm303dlhc.o
 .debug_info    0x0000791d      0x819 Debug_Win/stm32f3/stm32f3_discovery_l3gd20.o
 .debug_info    0x00008136      0x4b8 Debug_Win/system/system_stm32f30x.o
 .debug_info    0x000085ee       0xce Debug_Win/system/vectors_stm32f30x.o
 .debug_info    0x000086bc       0xd9 Debug_Win/system/_exit.o
 .debug_info    0x00008795      0x3c9 Debug_Win/system/_startup.o
 .debug_info    0x00008b5e      0x192 Debug_Win/system/_syscalls.o
 .debug_info    0x00008cf0      0x26c Debug_Win/system/_initialize_hardware.o
 .debug_info    0x00008f5c      0x284 Debug_Win/system/exception_handlers.o
 .debug_info    0x000091e0      0xa69 Debug_Win/usb/hw_config.o
 .debug_info    0x00009c49      0x32b Debug_Win/usb/usb_istr.o
 .debug_info    0x00009f74      0x528 Debug_Win/usb/usb_pwr.o
 .debug_info    0x0000a49c      0x49f Debug_Win/usb/usb_init.o
 .debug_info    0x0000a93b      0x8dc Debug_Win/usb/usb_prop.o
 .debug_info    0x0000b217      0xcdd Debug_Win/usb/usb_regs.o
 .debug_info    0x0000bef4      0x1a8 Debug_Win/usb/usb_desc.o
 .debug_info    0x0000c09c      0x14c Debug_Win/usb/usb_sil.o
 .debug_info    0x0000c1e8      0xbca Debug_Win/usb/usb_core.o
 .debug_info    0x0000cdb2      0x1ca Debug_Win/usb/usb_int.o
 .debug_info    0x0000cf7c      0x19e Debug_Win/usb/usb_mem.o
 .debug_info    0x0000d11a      0x101 Debug_Win/usb/usb_endp.o
 .debug_info    0x0000d21b      0x94d Debug_Win/usb/VCP_F3.opp
 .debug_info    0x0000db68      0x36c Debug_Win/user/Drv_Gpio.opp
 .debug_info    0x0000ded4      0xddc Debug_Win/user/Drv_Uart.opp
 .debug_info    0x0000ecb0     0x52e4 Debug_Win/user/main.opp
 .debug_info    0x00013f94      0xa9a Debug_Win/user/Sensors.o

.debug_abbrev   0x00000000     0x3cfa
 *(.debug_abbrev)
 .debug_abbrev  0x00000000      0x185 Debug_Win/stm32f30x/stm32f30x_usart.o
 .debug_abbrev  0x00000185      0x19f Debug_Win/stm32f30x/stm32f30x_tim.o
 .debug_abbrev  0x00000324      0x203 Debug_Win/stm32f30x/stm32f30x_rcc.o
 .debug_abbrev  0x00000527      0x1c3 Debug_Win/stm32f30x/stm32f30x_gpio.o
 .debug_abbrev  0x000006ea      0x140 Debug_Win/stm32f30x/stm32f30x_it.o
 .debug_abbrev  0x0000082a      0x196 Debug_Win/stm32f30x/stm32f30x_i2c.o
 .debug_abbrev  0x000009c0      0x198 Debug_Win/stm32f30x/stm32f30x_exti.o
 .debug_abbrev  0x00000b58      0x1a1 Debug_Win/stm32f30x/stm32f30x_spi.o
 .debug_abbrev  0x00000cf9      0x199 Debug_Win/stm32f30x/stm32f30x_syscfg.o
 .debug_abbrev  0x00000e92      0x1d9 Debug_Win/stm32f3/stm32f3_discovery.o
 .debug_abbrev  0x0000106b      0x1bd Debug_Win/stm32f3/stm32f3_discovery_lsm303dlhc.o
 .debug_abbrev  0x00001228      0x1d9 Debug_Win/stm32f3/stm32f3_discovery_l3gd20.o
 .debug_abbrev  0x00001401      0x179 Debug_Win/system/system_stm32f30x.o
 .debug_abbrev  0x0000157a       0xa5 Debug_Win/system/vectors_stm32f30x.o
 .debug_abbrev  0x0000161f       0xae Debug_Win/system/_exit.o
 .debug_abbrev  0x000016cd      0x174 Debug_Win/system/_startup.o
 .debug_abbrev  0x00001841       0xed Debug_Win/system/_syscalls.o
 .debug_abbrev  0x0000192e       0xb6 Debug_Win/system/_initialize_hardware.o
 .debug_abbrev  0x000019e4      0x106 Debug_Win/system/exception_handlers.o
 .debug_abbrev  0x00001aea      0x2f7 Debug_Win/usb/hw_config.o
 .debug_abbrev  0x00001de1      0x131 Debug_Win/usb/usb_istr.o
 .debug_abbrev  0x00001f12      0x229 Debug_Win/usb/usb_pwr.o
 .debug_abbrev  0x0000213b      0x121 Debug_Win/usb/usb_init.o
 .debug_abbrev  0x0000225c      0x222 Debug_Win/usb/usb_prop.o
 .debug_abbrev  0x0000247e      0x199 Debug_Win/usb/usb_regs.o
 .debug_abbrev  0x00002617       0x73 Debug_Win/usb/usb_desc.o
 .debug_abbrev  0x0000268a       0xb4 Debug_Win/usb/usb_sil.o
 .debug_abbrev  0x0000273e      0x2db Debug_Win/usb/usb_core.o
 .debug_abbrev  0x00002a19       0xf5 Debug_Win/usb/usb_int.o
 .debug_abbrev  0x00002b0e       0x94 Debug_Win/usb/usb_mem.o
 .debug_abbrev  0x00002ba2       0xaf Debug_Win/usb/usb_endp.o
 .debug_abbrev  0x00002c51      0x2ff Debug_Win/usb/VCP_F3.opp
 .debug_abbrev  0x00002f50      0x133 Debug_Win/user/Drv_Gpio.opp
 .debug_abbrev  0x00003083      0x377 Debug_Win/user/Drv_Uart.opp
 .debug_abbrev  0x000033fa      0x761 Debug_Win/user/main.opp
 .debug_abbrev  0x00003b5b      0x19f Debug_Win/user/Sensors.o

.debug_line     0x00000000    0x102bb
 *(.debug_line)
 .debug_line    0x00000000      0xa65 Debug_Win/stm32f30x/stm32f30x_usart.o
 .debug_line    0x00000a65     0x15ff Debug_Win/stm32f30x/stm32f30x_tim.o
 .debug_line    0x00002064      0xb1a Debug_Win/stm32f30x/stm32f30x_rcc.o
 .debug_line    0x00002b7e      0x5b7 Debug_Win/stm32f30x/stm32f30x_gpio.o
 .debug_line    0x00003135      0x8e4 Debug_Win/stm32f30x/stm32f30x_it.o
 .debug_line    0x00003a19      0x930 Debug_Win/stm32f30x/stm32f30x_i2c.o
 .debug_line    0x00004349      0x5cc Debug_Win/stm32f30x/stm32f30x_exti.o
 .debug_line    0x00004915      0x8c4 Debug_Win/stm32f30x/stm32f30x_spi.o
 .debug_line    0x000051d9      0x50c Debug_Win/stm32f30x/stm32f30x_syscfg.o
 .debug_line    0x000056e5      0x422 Debug_Win/stm32f3/stm32f3_discovery.o
 .debug_line    0x00005b07      0x713 Debug_Win/stm32f3/stm32f3_discovery_lsm303dlhc.o
 .debug_line    0x0000621a      0x5b2 Debug_Win/stm32f3/stm32f3_discovery_l3gd20.o
 .debug_line    0x000067cc      0x469 Debug_Win/system/system_stm32f30x.o
 .debug_line    0x00006c35       0xe3 Debug_Win/system/vectors_stm32f30x.o
 .debug_line    0x00006d18      0x2c8 Debug_Win/system/_exit.o
 .debug_line    0x00006fe0      0x42e Debug_Win/system/_startup.o
 .debug_line    0x0000740e      0x399 Debug_Win/system/_syscalls.o
 .debug_line    0x000077a7      0x353 Debug_Win/system/_initialize_hardware.o
 .debug_line    0x00007afa      0x656 Debug_Win/system/exception_handlers.o
 .debug_line    0x00008150      0x6bc Debug_Win/usb/hw_config.o
 .debug_line    0x0000880c      0x504 Debug_Win/usb/usb_istr.o
 .debug_line    0x00008d10      0x5b5 Debug_Win/usb/usb_pwr.o
 .debug_line    0x000092c5      0x3e5 Debug_Win/usb/usb_init.o
 .debug_line    0x000096aa      0x612 Debug_Win/usb/usb_prop.o
 .debug_line    0x00009cbc      0xb4b Debug_Win/usb/usb_regs.o
 .debug_line    0x0000a807      0x3c9 Debug_Win/usb/usb_desc.o
 .debug_line    0x0000abd0      0x41a Debug_Win/usb/usb_sil.o
 .debug_line    0x0000afea      0xcb6 Debug_Win/usb/usb_core.o
 .debug_line    0x0000bca0      0x54e Debug_Win/usb/usb_int.o
 .debug_line    0x0000c1ee      0x492 Debug_Win/usb/usb_mem.o
 .debug_line    0x0000c680      0x401 Debug_Win/usb/usb_endp.o
 .debug_line    0x0000ca81      0x8ee Debug_Win/usb/VCP_F3.opp
 .debug_line    0x0000d36f      0x362 Debug_Win/user/Drv_Gpio.opp
 .debug_line    0x0000d6d1      0x8cf Debug_Win/user/Drv_Uart.opp
 .debug_line    0x0000dfa0     0x1749 Debug_Win/user/main.opp
 .debug_line    0x0000f6e9      0xbd2 Debug_Win/user/Sensors.o

.debug_frame    0x00000000     0x6388
 *(.debug_frame)
 .debug_frame   0x00000000      0x7b0 Debug_Win/stm32f30x/stm32f30x_usart.o
 .debug_frame   0x000007b0     0x11c4 Debug_Win/stm32f30x/stm32f30x_tim.o
 .debug_frame   0x00001974      0x60c Debug_Win/stm32f30x/stm32f30x_rcc.o
 .debug_frame   0x00001f80      0x214 Debug_Win/stm32f30x/stm32f30x_gpio.o
 .debug_frame   0x00002194      0x174 Debug_Win/stm32f30x/stm32f30x_it.o
 .debug_frame   0x00002308      0x69c Debug_Win/stm32f30x/stm32f30x_i2c.o
 .debug_frame   0x000029a4      0x148 Debug_Win/stm32f30x/stm32f30x_exti.o
 .debug_frame   0x00002aec      0x508 Debug_Win/stm32f30x/stm32f30x_spi.o
 .debug_frame   0x00002ff4      0x230 Debug_Win/stm32f30x/stm32f30x_syscfg.o
 .debug_frame   0x00003224       0xf4 Debug_Win/stm32f3/stm32f3_discovery.o
 .debug_frame   0x00003318      0x258 Debug_Win/stm32f3/stm32f3_discovery_lsm303dlhc.o
 .debug_frame   0x00003570      0x1c0 Debug_Win/stm32f3/stm32f3_discovery_l3gd20.o
 .debug_frame   0x00003730       0x7c Debug_Win/system/system_stm32f30x.o
 .debug_frame   0x000037ac       0x28 Debug_Win/system/vectors_stm32f30x.o
 .debug_frame   0x000037d4       0x4c Debug_Win/system/_exit.o
 .debug_frame   0x00003820       0xc8 Debug_Win/system/_startup.o
 .debug_frame   0x000038e8       0x80 Debug_Win/system/_syscalls.o
 .debug_frame   0x00003968       0x48 Debug_Win/system/_initialize_hardware.o
 .debug_frame   0x000039b0      0x148 Debug_Win/system/exception_handlers.o
 .debug_frame   0x00003af8      0x1d0 Debug_Win/usb/hw_config.o
 .debug_frame   0x00003cc8       0x34 Debug_Win/usb/usb_istr.o
 .debug_frame   0x00003cfc       0xc0 Debug_Win/usb/usb_pwr.o
 .debug_frame   0x00003dbc       0x2c Debug_Win/usb/usb_init.o
 .debug_frame   0x00003de8      0x224 Debug_Win/usb/usb_prop.o
 .debug_frame   0x0000400c      0x91c Debug_Win/usb/usb_regs.o
 .debug_frame   0x00004928       0x78 Debug_Win/usb/usb_sil.o
 .debug_frame   0x000049a0      0x2b8 Debug_Win/usb/usb_core.o
 .debug_frame   0x00004c58       0x5c Debug_Win/usb/usb_int.o
 .debug_frame   0x00004cb4       0x60 Debug_Win/usb/usb_mem.o
 .debug_frame   0x00004d14       0x4c Debug_Win/usb/usb_endp.o
 .debug_frame   0x00004d60      0x230 Debug_Win/usb/VCP_F3.opp
 .debug_frame   0x00004f90       0x34 Debug_Win/user/Drv_Gpio.opp
 .debug_frame   0x00004fc4      0x2d4 Debug_Win/user/Drv_Uart.opp
 .debug_frame   0x00005298      0x7d0 Debug_Win/user/main.opp
 .debug_frame   0x00005a68      0x134 Debug_Win/user/Sensors.o
 .debug_frame   0x00005b9c       0x34 c:/sysgcc/arm-eabi/bin/../lib/gcc/arm-none-eabi/10.3.1/../../../../arm-none-eabi/lib/thumb/v7e-m+fp/hard\libm.a(lib_a-sf_cos.o)
 .debug_frame   0x00005bd0       0x20 c:/sysgcc/arm-eabi/bin/../lib/gcc/arm-none-eabi/10.3.1/../../../../arm-none-eabi/lib/thumb/v7e-m+fp/hard\libm.a(lib_a-sf_round.o)
 .debug_frame   0x00005bf0       0x34 c:/sysgcc/arm-eabi/bin/../lib/gcc/arm-none-eabi/10.3.1/../../../../arm-none-eabi/lib/thumb/v7e-m+fp/hard\libm.a(lib_a-sf_sin.o)
 .debug_frame   0x00005c24       0x44 c:/sysgcc/arm-eabi/bin/../lib/gcc/arm-none-eabi/10.3.1/../../../../arm-none-eabi/lib/thumb/v7e-m+fp/hard\libm.a(lib_a-w_pow.o)
 .debug_frame   0x00005c68       0x44 c:/sysgcc/arm-eabi/bin/../lib/gcc/arm-none-eabi/10.3.1/../../../../arm-none-eabi/lib/thumb/v7e-m+fp/hard\libm.a(lib_a-wf_sqrt.o)
 .debug_frame   0x00005cac      0x12c c:/sysgcc/arm-eabi/bin/../lib/gcc/arm-none-eabi/10.3.1/../../../../arm-none-eabi/lib/thumb/v7e-m+fp/hard\libm.a(lib_a-e_pow.o)
 .debug_frame   0x00005dd8       0x30 c:/sysgcc/arm-eabi/bin/../lib/gcc/arm-none-eabi/10.3.1/../../../../arm-none-eabi/lib/thumb/v7e-m+fp/hard\libm.a(lib_a-e_sqrt.o)
 .debug_frame   0x00005e08       0x3c c:/sysgcc/arm-eabi/bin/../lib/gcc/arm-none-eabi/10.3.1/../../../../arm-none-eabi/lib/thumb/v7e-m+fp/hard\libm.a(lib_a-ef_rem_pio2.o)
 .debug_frame   0x00005e44       0x20 c:/sysgcc/arm-eabi/bin/../lib/gcc/arm-none-eabi/10.3.1/../../../../arm-none-eabi/lib/thumb/v7e-m+fp/hard\libm.a(lib_a-ef_sqrt.o)
 .debug_frame   0x00005e64       0x20 c:/sysgcc/arm-eabi/bin/../lib/gcc/arm-none-eabi/10.3.1/../../../../arm-none-eabi/lib/thumb/v7e-m+fp/hard\libm.a(lib_a-kf_cos.o)
 .debug_frame   0x00005e84       0x5c c:/sysgcc/arm-eabi/bin/../lib/gcc/arm-none-eabi/10.3.1/../../../../arm-none-eabi/lib/thumb/v7e-m+fp/hard\libm.a(lib_a-kf_rem_pio2.o)
 .debug_frame   0x00005ee0       0x20 c:/sysgcc/arm-eabi/bin/../lib/gcc/arm-none-eabi/10.3.1/../../../../arm-none-eabi/lib/thumb/v7e-m+fp/hard\libm.a(lib_a-kf_sin.o)
 .debug_frame   0x00005f00      0x124 c:/sysgcc/arm-eabi/bin/../lib/gcc/arm-none-eabi/10.3.1/../../../../arm-none-eabi/lib/thumb/v7e-m+fp/hard\libm.a(lib_a-math_err.o)
 .debug_frame   0x00006024       0x20 c:/sysgcc/arm-eabi/bin/../lib/gcc/arm-none-eabi/10.3.1/../../../../arm-none-eabi/lib/thumb/v7e-m+fp/hard\libm.a(lib_a-s_fabs.o)
 .debug_frame   0x00006044       0x28 c:/sysgcc/arm-eabi/bin/../lib/gcc/arm-none-eabi/10.3.1/../../../../arm-none-eabi/lib/thumb/v7e-m+fp/hard\libm.a(lib_a-s_finite.o)
 .debug_frame   0x0000606c       0x2c c:/sysgcc/arm-eabi/bin/../lib/gcc/arm-none-eabi/10.3.1/../../../../arm-none-eabi/lib/thumb/v7e-m+fp/hard\libm.a(lib_a-s_scalbn.o)
 .debug_frame   0x00006098       0x20 c:/sysgcc/arm-eabi/bin/../lib/gcc/arm-none-eabi/10.3.1/../../../../arm-none-eabi/lib/thumb/v7e-m+fp/hard\libm.a(lib_a-sf_fabs.o)
 .debug_frame   0x000060b8       0x20 c:/sysgcc/arm-eabi/bin/../lib/gcc/arm-none-eabi/10.3.1/../../../../arm-none-eabi/lib/thumb/v7e-m+fp/hard\libm.a(lib_a-sf_floor.o)
 .debug_frame   0x000060d8       0x3c c:/sysgcc/arm-eabi/bin/../lib/gcc/arm-none-eabi/10.3.1/../../../../arm-none-eabi/lib/thumb/v7e-m+fp/hard\libm.a(lib_a-sf_scalbn.o)
 .debug_frame   0x00006114       0xac c:/sysgcc/arm-eabi/bin/../lib/gcc/arm-none-eabi/10.3.1/thumb/v7e-m+fp/hard\libgcc.a(_arm_addsubdf3.o)
 .debug_frame   0x000061c0       0x50 c:/sysgcc/arm-eabi/bin/../lib/gcc/arm-none-eabi/10.3.1/thumb/v7e-m+fp/hard\libgcc.a(_arm_muldivdf3.o)
 .debug_frame   0x00006210       0xc4 c:/sysgcc/arm-eabi/bin/../lib/gcc/arm-none-eabi/10.3.1/thumb/v7e-m+fp/hard\libgcc.a(_arm_cmpdf2.o)
 .debug_frame   0x000062d4       0x20 c:/sysgcc/arm-eabi/bin/../lib/gcc/arm-none-eabi/10.3.1/thumb/v7e-m+fp/hard\libgcc.a(_arm_unorddf2.o)
 .debug_frame   0x000062f4       0x24 c:/sysgcc/arm-eabi/bin/../lib/gcc/arm-none-eabi/10.3.1/thumb/v7e-m+fp/hard\libgcc.a(_arm_fixdfsi.o)
 .debug_frame   0x00006318       0x24 c:/sysgcc/arm-eabi/bin/../lib/gcc/arm-none-eabi/10.3.1/thumb/v7e-m+fp/hard\libgcc.a(_arm_truncdfsf2.o)