Archive member included to satisfy reference by file (symbol)

c:/sysgcc/arm-eabi/bin/../lib/gcc/arm-none-eabi/10.3.1/../../../../arm-none-eabi/lib/thumb/v7e-m+fp/hard\libm.a(lib_a-sf_round.o)
                              Debug_Win/user/main.opp (roundf)
c:/sysgcc/arm-eabi/bin/../lib/gcc/arm-none-eabi/10.3.1/../../../../arm-none-eabi/lib/thumb/v7e-m+fp/hard\libm.a(lib_a-w_pow.o)
                              Debug_Win/user/main.opp (pow)
c:/sysgcc/arm-eabi/bin/../lib/gcc/arm-none-eabi/10.3.1/../../../../arm-none-eabi/lib/thumb/v7e-m+fp/hard\libm.a(lib_a-wf_sqrt.o)
                              Debug_Win/user/main.opp (sqrtf)
c:/sysgcc/arm-eabi/bin/../lib/gcc/arm-none-eabi/10.3.1/../../../../arm-none-eabi/lib/thumb/v7e-m+fp/hard\libm.a(lib_a-e_pow.o)
                              c:/sysgcc/arm-eabi/bin/../lib/gcc/arm-none-eabi/10.3.1/../../../../arm-none-eabi/lib/thumb/v7e-m+fp/hard\libm.a(lib_a-w_pow.o) (__ieee754_pow)
c:/sysgcc/arm-eabi/bin/../lib/gcc/arm-none-eabi/10.3.1/../../../../arm-none-eabi/lib/thumb/v7e-m+fp/hard\libm.a(lib_a-e_sqrt.o)
                              c:/sysgcc/arm-eabi/bin/../lib/gcc/arm-none-eabi/10.3.1/../../../../arm-none-eabi/lib/thumb/v7e-m+fp/hard\libm.a(lib_a-e_pow.o) (__ieee754_sqrt)
c:/sysgcc/arm-eabi/bin/../lib/gcc/arm-none-eabi/10.3.1/../../../../arm-none-eabi/lib/thumb/v7e-m+fp/hard\libm.a(lib_a-ef_sqrt.o)
                              c:/sysgcc/arm-eabi/bin/../lib/gcc/arm-none-eabi/10.3.1/../../../../arm-none-eabi/lib/thumb/v7e-m+fp/hard\libm.a(lib_a-wf_sqrt.o) (__ieee754_sqrtf)
c:/sysgcc/arm-eabi/bin/../lib/gcc/arm-none-eabi/10.3.1/../../../../arm-none-eabi/lib/thumb/v7e-m+fp/hard\libm.a(lib_a-math_err.o)
                              c:/sysgcc/arm-eabi/bin/../lib/gcc/arm-none-eabi/10.3.1/../../../../arm-none-eabi/lib/thumb/v7e-m+fp/hard\libm.a(lib_a-e_pow.o) (__math_uflow)
c:/sysgcc/arm-eabi/bin/../lib/gcc/arm-none-eabi/10.3.1/../../../../arm-none-eabi/lib/thumb/v7e-m+fp/hard\libm.a(lib_a-s_fabs.o)
                              c:/sysgcc/arm-eabi/bin/../lib/gcc/arm-none-eabi/10.3.1/../../../../arm-none-eabi/lib/thumb/v7e-m+fp/hard\libm.a(lib_a-e_pow.o) (fabs)
c:/sysgcc/arm-eabi/bin/../lib/gcc/arm-none-eabi/10.3.1/../../../../arm-none-eabi/lib/thumb/v7e-m+fp/hard\libm.a(lib_a-s_finite.o)
                              c:/sysgcc/arm-eabi/bin/../lib/gcc/arm-none-eabi/10.3.1/../../../../arm-none-eabi/lib/thumb/v7e-m+fp/hard\libm.a(lib_a-w_pow.o) (finite)
c:/sysgcc/arm-eabi/bin/../lib/gcc/arm-none-eabi/10.3.1/../../../../arm-none-eabi/lib/thumb/v7e-m+fp/hard\libm.a(lib_a-s_scalbn.o)
                              c:/sysgcc/arm-eabi/bin/../lib/gcc/arm-none-eabi/10.3.1/../../../../arm-none-eabi/lib/thumb/v7e-m+fp/hard\libm.a(lib_a-e_pow.o) (scalbn)
./Debug_Win\libstm_std_lib.a(stm32f30x_adc.o)
                              Debug_Win/user/Sensors.o (ADC_Init)
./Debug_Win\libstm_std_lib.a(stm32f30x_gpio.o)
                              Debug_Win/user/Sensors.o (GPIO_Init)
./Debug_Win\libstm_std_lib.a(stm32f30x_misc.o)
                              Debug_Win/user/Drv_Uart.opp (NVIC_Init)
./Debug_Win\libstm_std_lib.a(stm32f30x_rcc.o)
                              Debug_Win/user/main.opp (RCC_GetClocksFreq)
./Debug_Win\libstm_std_lib.a(stm32f30x_tim.o)
                              Debug_Win/user/main.opp (TIM_TimeBaseInit)
./Debug_Win\libstm_std_lib.a(stm32f30x_usart.o)
                              Debug_Win/user/Drv_Uart.opp (USART_Init)
./Debug_Win\libstm_std_lib.a(stm32f3_discovery.o)
                              Debug_Win/user/main.opp (STM_EVAL_LEDInit)
./Debug_Win\libstm_std_lib.a(stm32f3_discovery_l3gd20.o)
                              Debug_Win/user/Sensors.o (L3GD20_Init)
./Debug_Win\libstm_std_lib.a(stm32f3_discovery_lsm303dlhc.o)
                              Debug_Win/user/Sensors.o (LSM303DLHC_AccInit)
./Debug_Win\libstm_std_lib.a(_startup.o)
                              (_start)
./Debug_Win\libstm_std_lib.a(_syscalls.o)
                              ./Debug_Win\libstm_std_lib.a(_startup.o) (__initialize_args)
./Debug_Win\libstm_std_lib.a(_initialize_hardware.o)
                              ./Debug_Win\libstm_std_lib.a(_startup.o) (__initialize_hardware_early)
./Debug_Win\libstm_std_lib.a(stm32f30x_exti.o)
                              ./Debug_Win\libstm_std_lib.a(stm32f3_discovery.o) (EXTI_Init)
./Debug_Win\libstm_std_lib.a(stm32f30x_i2c.o)
                              ./Debug_Win\libstm_std_lib.a(stm32f3_discovery_lsm303dlhc.o) (I2C_Init)
./Debug_Win\libstm_std_lib.a(stm32f30x_spi.o)
                              ./Debug_Win\libstm_std_lib.a(stm32f3_discovery_l3gd20.o) (SPI_I2S_DeInit)
./Debug_Win\libstm_std_lib.a(stm32f30x_syscfg.o)
                              ./Debug_Win\libstm_std_lib.a(stm32f3_discovery.o) (SYSCFG_EXTILineConfig)
./Debug_Win\libstm_std_lib.a(system_stm32f30x.o)
                              ./Debug_Win\libstm_std_lib.a(_initialize_hardware.o) (SystemInit)
./Debug_Win\libstm_std_lib.a(_exit.o)
[...]
Memory Configuration

Name             Origin             Length             Attributes
RAM              0x20000000         0x0000a000         xrw
CCMRAM           0x10000000         0x00002000         xrw
FLASH            0x08000000         0x00040000         xr
FLASHB1          0x00000000         0x00000000         xr
EXTMEMB0         0x00000000         0x00000000         xr
EXTMEMB1         0x00000000         0x00000000         xr
EXTMEMB2         0x00000000         0x00000000         xr
EXTMEMB3         0x00000000         0x00000000         xr
MEMORY_ARRAY     0x20002000         0x00000000         xrw
*default*        0x00000000         0xffffffff

Linker script and memory map

LOAD Debug_Win/user/Sensors.o
LOAD Debug_Win/user/Drv_Gpio.opp
LOAD Debug_Win/user/Drv_Uart.opp
LOAD Debug_Win/user/main.opp
LOAD Debug_Win/user/COM_IO.opp
LOAD c:/sysgcc/arm-eabi/bin/../lib/gcc/arm-none-eabi/10.3.1/../../../../arm-none-eabi/lib/thumb/v7e-m+fp/hard\libm.a
LOAD ./Debug_Win\libstm_std_lib.a
LOAD ./Debug_Win\libstm_usb_lib.a
START GROUP
LOAD c:/sysgcc/arm-eabi/bin/../lib/gcc/arm-none-eabi/10.3.1/thumb/v7e-m+fp/hard\libgcc.a
LOAD c:/sysgcc/arm-eabi/bin/../lib/gcc/arm-none-eabi/10.3.1/../../../../arm-none-eabi/lib/thumb/v7e-m+fp/hard\libg.a
LOAD c:/sysgcc/arm-eabi/bin/../lib/gcc/arm-none-eabi/10.3.1/../../../../arm-none-eabi/lib/thumb/v7e-m+fp/hard\libc.a
END GROUP
                0x2000a000                __stack = (ORIGIN (RAM) + LENGTH (RAM))
                0x2000a000                _estack = __stack
                0x00000400                __Main_Stack_Size = 0x400
                [!provide]                PROVIDE (_Main_Stack_Size = __Main_Stack_Size)
                0x20009c00                __Main_Stack_Limit = (__stack - __Main_Stack_Size)
                [!provide]                PROVIDE (_Main_Stack_Limit = __Main_Stack_Limit)
                0x00000100                _Minimum_Stack_Size = 0x100
                [!provide]                PROVIDE (_Heap_Begin = _end_noinit)
                [!provide]                PROVIDE (_Heap_Limit = (__stack - __Main_Stack_Size))

.isr_vector     0x08000000      0x180
 FILL mask 0xff
                0x08000000                __vectors_start__ = ABSOLUTE (.)
 *(.isr_vector)
 *(.cfmconfig)
 *(.after_vectors .after_vectors.*)
 .after_vectors
                0x08000000      0x180 ./Debug_Win\libstm_std_lib.a(_startup.o)
                0x08000000                _start

.inits          0x08000180       0x30
                0x08000180                __data_regions_array_start = .
                0x08000180        0x4 LONG 0x8006bb4 LOADADDR (.data)
                0x08000184        0x4 LONG 0x20000000 ADDR (.data)
                0x08000188        0x4 LONG 0x20000574 (ADDR (.data) + SIZEOF (.data))
                0x0800018c        0x4 LONG 0x8006bb4 LOADADDR (.data_CCMRAM)
                0x08000190        0x4 LONG 0x10000000 ADDR (.data_CCMRAM)
                0x08000194        0x4 LONG 0x10000000 (ADDR (.data_CCMRAM) + SIZEOF (.data_CCMRAM))
                0x08000198                __data_regions_array_end = .
                0x08000198                __bss_regions_array_start = .
                0x08000198        0x4 LONG 0x20000578 ADDR (.bss)
                0x0800019c        0x4 LONG 0x20001380 (ADDR (.bss) + SIZEOF (.bss))
                0x080001a0        0x4 LONG 0x10000000 ADDR (.bss_CCMRAM)
                0x080001a4        0x4 LONG 0x10000000 (ADDR (.bss_CCMRAM) + SIZEOF (.bss_CCMRAM))
                0x080001a8                __bss_regions_array_end = .
 *(.init)
 *(.fini)
                0x080001a8                . = ALIGN (0x4)
                0x080001a8                PROVIDE (__preinit_array_start = .)
 *(.preinit_array_sysinit .preinit_array_sysinit.*)
 *(.preinit_array_platform .preinit_array_platform.*)
 *(.preinit_array .preinit_array.*)
                0x080001a8                PROVIDE (__preinit_array_end = .)
                0x080001a8                . = ALIGN (0x4)
                0x080001a8                PROVIDE (__init_array_start = .)
 *(SORT_BY_NAME(.init_array.*))
 *(.init_array)
 .init_array    0x080001a8        0x4 Debug_Win/user/Drv_Uart.opp
 .init_array    0x080001ac        0x4 Debug_Win/user/main.opp
                0x080001b0                PROVIDE (__init_array_end = .)
                0x080001b0                . = ALIGN (0x4)
                0x080001b0                PROVIDE (__fini_array_start = .)
 *(SORT_BY_NAME(.fini_array.*))
 *(.fini_array)
                0x080001b0                PROVIDE (__fini_array_end = .)

.flashtext
 *(.flashtext .flashtext.*)

.text           0x080001b0     0x6a02
 *(.text .text.*)
 .text.GYRO_INIT
                0x080001b0       0x80 Debug_Win/user/Sensors.o
                0x080001b0                GYRO_INIT
 .text.ReadGyro
                0x08000230       0xb8 Debug_Win/user/Sensors.o
                0x08000230                ReadGyro
 .text.ACC_INIT
                0x080002e8       0x50 Debug_Win/user/Sensors.o
                0x080002e8                ACC_INIT
 .text.ReadAcc  0x08000338      0x218 Debug_Win/user/Sensors.o
                0x08000338                ReadAcc
 .text.ReadMagTemp
                0x08000550       0x78 Debug_Win/user/Sensors.o
                0x08000550                ReadMagTemp
 .text._ZN7CBufferIhEC2Ev
                0x080005c8       0x22 Debug_Win/user/Drv_Uart.opp
                0x080005c8                CBuffer<unsigned char>::CBuffer()
                0x080005c8                CBuffer<unsigned char>::CBuffer()
 *fill*         0x080005ea        0x2 
 .text._Z41__static_initialization_and_destruction_0ii
                0x080005ec       0x38 Debug_Win/user/Drv_Uart.opp
 .text._GLOBAL__sub_I_TxBuff
                0x08000624       0x10 Debug_Win/user/Drv_Uart.opp
 .text.NVIC_SetPriority
                0x08000634       0x54 Debug_Win/user/main.opp
 .text.SysTick_Config
                0x08000688       0x44 Debug_Win/user/main.opp
 .text._ZSt3absf
                0x080006cc       0x20 Debug_Win/user/main.opp
                0x080006cc                std::abs(float)
 .text._ZSt4sqrtf
                0x080006ec       0x20 Debug_Win/user/main.opp
                0x080006ec                std::sqrt(float)
 .text._ZSt5roundf
                0x0800070c       0x20 Debug_Win/user/main.opp
                0x0800070c                std::round(float)
 .text._ZN6Matrix14IdentityMatrixEv
                0x0800072c       0x5c Debug_Win/user/main.opp
                0x0800072c                Matrix::IdentityMatrix()
 .text._ZN5FrameC2Ev
                0x08000788       0x3a Debug_Win/user/main.opp
                0x08000788                Frame::Frame()
                0x08000788                Frame::Frame()
 .text._ZN5FrameplERS_
                0x080007c2       0x58 Debug_Win/user/main.opp
                0x080007c2                Frame::operator+(Frame&)
 .text._ZN5FramemIERS_
                0x0800081a       0x58 Debug_Win/user/main.opp
                0x0800081a                Frame::operator-=(Frame&)
 .text._ZN5FrameaSEPf
                0x08000872       0x2e Debug_Win/user/main.opp
                0x08000872                Frame::operator=(float*)
 .text._ZN5FrameixEi
                0x080008a0       0x38 Debug_Win/user/main.opp
                0x080008a0                Frame::operator[](int)
 .text._ZN5Frame8Read_AccEv
                0x080008d8       0x60 Debug_Win/user/main.opp
                0x080008d8                Frame::Read_Acc()
 .text._ZN5Frame9Read_GyroEv
                0x08000938       0x60 Debug_Win/user/main.opp
                0x08000938                Frame::Read_Gyro()
 .text._ZN5Frame14set_zero_FrameEv
                0x08000998       0x2c Debug_Win/user/main.opp
                0x08000998                Frame::set_zero_Frame()
 .text._ZN4DatapLERS_
                0x080009c4       0x66 Debug_Win/user/main.opp
                0x080009c4                Data::operator+=(Data&)
 .text._ZN4DataclEii
                0x08000a2a       0x74 Debug_Win/user/main.opp
                0x08000a2a                Data::operator()(int, int)
 .text._ZN4Data9Read_DataEv
                0x08000a9e       0x22 Debug_Win/user/main.opp
                0x08000a9e                Data::Read_Data()
 .text._ZN4Data9Read_TempEv
                0x08000ac0       0x5e Debug_Win/user/main.opp
                0x08000ac0                Data::Read_Temp()
 *fill*         0x08000b1e        0x2 
 .text._ZN4Data17Read_TempPreviousEv
                0x08000b20       0x88 Debug_Win/user/main.opp
                0x08000b20                Data::Read_TempPrevious()
 .text._ZN4Data15set_zero_ValuesEv
                0x08000ba8       0x2a Debug_Win/user/main.opp
                0x08000ba8                Data::set_zero_Values()
 .text._ZN4Data15set_zero_BufferEv
                0x08000bd2       0x2c Debug_Win/user/main.opp
                0x08000bd2                Data::set_zero_Buffer()
 .text._ZN4Data17update_zero_levelEff
                0x08000bfe      0x18e Debug_Win/user/main.opp
                0x08000bfe                Data::update_zero_level(float, float)
 .text._ZN4Data24update_zero_level_BufferEff
                0x08000d8c      0x192 Debug_Win/user/main.opp
                0x08000d8c                Data::update_zero_level_Buffer(float, float)
 .text._ZN7Message11get_messageEv
                0x08000f1e       0x16 Debug_Win/user/main.opp
                0x08000f1e                Message::get_message()
 .text._ZN7Message11set_messageEPh
                0x08000f34       0x1e Debug_Win/user/main.opp
                0x08000f34                Message::set_message(unsigned char*)
 .text._ZN13Command_Queue10decode_msgER7Message
                0x08000f52       0x9e Debug_Win/user/main.opp
                0x08000f52                Command_Queue::decode_msg(Message&)
 .text._ZN13Command_Queue3getEv
                0x08000ff0       0x98 Debug_Win/user/main.opp
                0x08000ff0                Command_Queue::get()
 .text._ZN13Command_Queue7isEmptyEv
                0x08001088       0x26 Debug_Win/user/main.opp
                0x08001088                Command_Queue::isEmpty()
 *fill*         0x080010ae        0x2 
 .text._ZN8COM_Port19filling_FrameStructER5FrameRNS_12Frame_StructE
                0x080010b0       0x9c Debug_Win/user/main.opp
                0x080010b0                COM_Port::filling_FrameStruct(Frame&, COM_Port::Frame_Struct&)
 .text._ZN8COM_Port18filling_DataStructER4DataRNS_11Data_StructE
                0x0800114c       0x32 Debug_Win/user/main.opp
                0x0800114c                COM_Port::filling_DataStruct(Data&, COM_Port::Data_Struct&)
 *fill*         0x0800117e        0x2 
 .text._ZN8COM_Port15outbuf_typeDataC2Ev
                0x08001180       0x28 Debug_Win/user/main.opp
                0x08001180                COM_Port::outbuf_typeData::outbuf_typeData()
                0x08001180                COM_Port::outbuf_typeData::outbuf_typeData()
 .text._ZN8COM_Port12sending_dataEmR4Data
                0x080011a8      0x108 Debug_Win/user/main.opp
                0x080011a8                COM_Port::sending_data(unsigned long, Data&)
 .text._ZN8COM_Port15sending_packageEPhh
                0x080012b0       0x20 Debug_Win/user/main.opp
                0x080012b0                COM_Port::sending_package(unsigned char*, unsigned char)
 .text._ZN4DataC2Ev
                0x080012d0       0x54 Debug_Win/user/main.opp
                0x080012d0                Data::Data()
                0x080012d0                Data::Data()
 .text._ZN6MatrixC2Ev
                0x08001324       0x36 Debug_Win/user/main.opp
                0x08001324                Matrix::Matrix()
                0x08001324                Matrix::Matrix()
 .text._ZN7MeasureC2Eff
                0x0800135a       0xe6 Debug_Win/user/main.opp
                0x0800135a                Measure::Measure(float, float)
                0x0800135a                Measure::Measure(float, float)
 .text._ZN7Measure9measuringEv
                0x08001440       0xec Debug_Win/user/main.opp
                0x08001440                Measure::measuring()
 .text._ZN7Measure15initial_settingEv
                0x0800152c       0x2e Debug_Win/user/main.opp
                0x0800152c                Measure::initial_setting()
 .text._ZN7Measure16foo_reading_dataEv
                0x0800155a       0x20 Debug_Win/user/main.opp
                0x0800155a                Measure::foo_reading_data()
 .text._ZSt3powIiiEN9__gnu_cxx11__promote_2IT_T0_NS0_9__promoteIS2_XsrSt12__is_integerIS2_E7__valueEE6__typeENS4_IS3_XsrS5_IS3_E7__valueEE6__typeEE6__typeES2_S3_
                0x0800157a       0x40 Debug_Win/user/main.opp
                0x0800157a                __gnu_cxx::__promote_2<int, int, __gnu_cxx::__promote<int, std::__is_integer<int>::__value>::__type, __gnu_cxx::__promote<int, std::__is_integer<int>::__value>::__type>::__type std::pow<int, int>(int, int)
 *fill*         0x080015ba        0x2 
 .text._ZN7Measure13set_zero_DataEv
                0x080015bc      0x158 Debug_Win/user/main.opp
                0x080015bc                Measure::set_zero_Data()
 .text._ZN7Measure15data_collectingEv
                0x08001714      0x136 Debug_Win/user/main.opp
                0x08001714                Measure::data_collecting()
 .text._ZN7Measure14data_filteringEv
                0x0800184a       0x40 Debug_Win/user/main.opp
                0x0800184a                Measure::data_filtering()
 .text._ZN7Measure16AccXYZ_filteringEi
                0x0800188a      0x16c Debug_Win/user/main.opp
                0x0800188a                Measure::AccXYZ_filtering(int)
 .text._ZN7Measure17GyroXYZ_filteringEi
                0x080019f6      0x16c Debug_Win/user/main.opp
                0x080019f6                Measure::GyroXYZ_filtering(int)
 .text._ZN7Measure21sharp_emission_filterEv
                0x08001b62       0xfe Debug_Win/user/main.opp
                0x08001b62                Measure::sharp_emission_filter()
 .text._ZN7Measure12rolling_meanEv
                0x08001c60       0xe6 Debug_Win/user/main.opp
                0x08001c60                Measure::rolling_mean()
 .text._ZN7Measure4meanEPfi
                0x08001d46       0x96 Debug_Win/user/main.opp
                0x08001d46                Measure::mean(float*, int)
 .text._ZN7Measure3stdEPffi
                0x08001ddc       0xc6 Debug_Win/user/main.opp
                0x08001ddc                Measure::std(float*, float, int)
 *fill*         0x08001ea2        0x2 
 .text._ZN8CommandsC2Ev
                0x08001ea4       0xdc Debug_Win/user/main.opp
                0x08001ea4                Commands::Commands()
                0x08001ea4                Commands::Commands()
 .text._ZN13Command_QueueC2Ev
                0x08001f80       0x24 Debug_Win/user/main.opp
                0x08001f80                Command_Queue::Command_Queue()
                0x08001f80                Command_Queue::Command_Queue()
 .text._ZN8COM_PortC2Ev
                0x08001fa4       0x1c Debug_Win/user/main.opp
                0x08001fa4                COM_Port::COM_Port()
                0x08001fa4                COM_Port::COM_Port()
 .text.main     0x08001fc0      0x120 Debug_Win/user/main.opp
                0x08001fc0                main
 .text.InitAll  0x080020e0       0x20 Debug_Win/user/main.opp
                0x080020e0                InitAll
 .text.LedsInit
                0x08002100       0x38 Debug_Win/user/main.opp
                0x08002100                LedsInit
 .text.Toggle_Leds
                0x08002138       0x98 Debug_Win/user/main.opp
                0x08002138                Toggle_Leds
 .text.LedsOn   0x080021d0       0x38 Debug_Win/user/main.opp
                0x080021d0                LedsOn
 .text.LedsOff  0x08002208       0x38 Debug_Win/user/main.opp
                0x08002208                LedsOff
 .text.LedOn    0x08002240       0x1a Debug_Win/user/main.opp
                0x08002240                LedOn
 .text.LedOff   0x0800225a       0x1a Debug_Win/user/main.opp
                0x0800225a                LedOff
 .text.TimerInit
                0x08002274       0x64 Debug_Win/user/main.opp
                0x08002274                TimerInit
 .text.start_InitialSetting
                0x080022d8       0x18 Debug_Win/user/main.opp
                0x080022d8                start_InitialSetting
 .text.start_Measuring
                0x080022f0       0x18 Debug_Win/user/main.opp
                0x080022f0                start_Measuring
 .text.stop_CollectingData
                0x08002308       0x24 Debug_Win/user/main.opp
                0x08002308                stop_CollectingData
 .text.error_msg
                0x0800232c       0x24 Debug_Win/user/main.opp
                0x0800232c                error_msg
 .text.Delay    0x08002350       0x34 Debug_Win/user/main.opp
                0x08002350                Delay
 .text.L3GD20_TIMEOUT_UserCallback
                0x08002384       0x10 Debug_Win/user/main.opp
                0x08002384                L3GD20_TIMEOUT_UserCallback
 .text.LSM303DLHC_TIMEOUT_UserCallback
                0x08002394       0x10 Debug_Win/user/main.opp
                0x08002394                LSM303DLHC_TIMEOUT_UserCallback
 .text._Z41__static_initialization_and_destruction_0ii
                0x080023a4       0x44 Debug_Win/user/main.opp
 .text._GLOBAL__sub_I_ErrorMessage
                0x080023e8       0x10 Debug_Win/user/main.opp
 .text.roundf   0x080023f8       0x4c c:/sysgcc/arm-eabi/bin/../lib/gcc/arm-none-eabi/10.3.1/../../../../arm-none-eabi/lib/thumb/v7e-m+fp/hard\libm.a(lib_a-sf_round.o)
                0x080023f8                roundf
 *fill*         0x08002444        0x4 
 .text.pow      0x08002448       0xf0 c:/sysgcc/arm-eabi/bin/../lib/gcc/arm-none-eabi/10.3.1/../../../../arm-none-eabi/lib/thumb/v7e-m+fp/hard\libm.a(lib_a-w_pow.o)
                0x08002448                pow
 .text.sqrtf    0x08002538       0x44 c:/sysgcc/arm-eabi/bin/../lib/gcc/arm-none-eabi/10.3.1/../../../../arm-none-eabi/lib/thumb/v7e-m+fp/hard\libm.a(lib_a-wf_sqrt.o)
                0x08002538                sqrtf
 *fill*         0x0800257c        0x4 
 .text.__ieee754_pow
                0x08002580      0xb74 c:/sysgcc/arm-eabi/bin/../lib/gcc/arm-none-eabi/10.3.1/../../../../arm-none-eabi/lib/thumb/v7e-m+fp/hard\libm.a(lib_a-e_pow.o)
                0x08002580                __ieee754_pow
 .text.__ieee754_sqrt
                0x080030f4      0x198 c:/sysgcc/arm-eabi/bin/../lib/gcc/arm-none-eabi/10.3.1/../../../../arm-none-eabi/lib/thumb/v7e-m+fp/hard\libm.a(lib_a-e_sqrt.o)
                0x080030f4                __ieee754_sqrt
 .text.__ieee754_sqrtf
                0x0800328c        0x8 c:/sysgcc/arm-eabi/bin/../lib/gcc/arm-none-eabi/10.3.1/../../../../arm-none-eabi/lib/thumb/v7e-m+fp/hard\libm.a(lib_a-ef_sqrt.o)
                0x0800328c                __ieee754_sqrtf
 .text.with_errno
                0x08003294       0x18 c:/sysgcc/arm-eabi/bin/../lib/gcc/arm-none-eabi/10.3.1/../../../../arm-none-eabi/lib/thumb/v7e-m+fp/hard\libm.a(lib_a-math_err.o)
 .text.xflow    0x080032ac       0x2c c:/sysgcc/arm-eabi/bin/../lib/gcc/arm-none-eabi/10.3.1/../../../../arm-none-eabi/lib/thumb/v7e-m+fp/hard\libm.a(lib_a-math_err.o)
 .text.__math_uflow
                0x080032d8       0x14 c:/sysgcc/arm-eabi/bin/../lib/gcc/arm-none-eabi/10.3.1/../../../../arm-none-eabi/lib/thumb/v7e-m+fp/hard\libm.a(lib_a-math_err.o)
                0x080032d8                __math_uflow
 .text.__math_oflow
                0x080032ec       0x14 c:/sysgcc/arm-eabi/bin/../lib/gcc/arm-none-eabi/10.3.1/../../../../arm-none-eabi/lib/thumb/v7e-m+fp/hard\libm.a(lib_a-math_err.o)
                0x080032ec                __math_oflow
 .text.fabs     0x08003300       0x14 c:/sysgcc/arm-eabi/bin/../lib/gcc/arm-none-eabi/10.3.1/../../../../arm-none-eabi/lib/thumb/v7e-m+fp/hard\libm.a(lib_a-s_fabs.o)
                0x08003300                fabs
 .text.finite   0x08003314       0x18 c:/sysgcc/arm-eabi/bin/../lib/gcc/arm-none-eabi/10.3.1/../../../../arm-none-eabi/lib/thumb/v7e-m+fp/hard\libm.a(lib_a-s_finite.o)
                0x08003314                finite
 *fill*         0x0800332c        0x4 
 .text.scalbn   0x08003330      0x124 c:/sysgcc/arm-eabi/bin/../lib/gcc/arm-none-eabi/10.3.1/../../../../arm-none-eabi/lib/thumb/v7e-m+fp/hard\libm.a(lib_a-s_scalbn.o)
                0x08003330                scalbn
 .text.GPIO_Init
                0x08003454      0x12c ./Debug_Win\libstm_std_lib.a(stm32f30x_gpio.o)
                0x08003454                GPIO_Init
 .text.GPIO_SetBits
                0x08003580       0x1e ./Debug_Win\libstm_std_lib.a(stm32f30x_gpio.o)
                0x08003580                GPIO_SetBits
 .text.GPIO_ResetBits
                0x0800359e       0x1e ./Debug_Win\libstm_std_lib.a(stm32f30x_gpio.o)
                0x0800359e                GPIO_ResetBits
 .text.GPIO_WriteBit
                0x080035bc       0x30 ./Debug_Win\libstm_std_lib.a(stm32f30x_gpio.o)
                0x080035bc                GPIO_WriteBit
 .text.GPIO_PinAFConfig
                0x080035ec       0x92 ./Debug_Win\libstm_std_lib.a(stm32f30x_gpio.o)
                0x080035ec                GPIO_PinAFConfig
 *fill*         0x0800367e        0x2 
 .text.NVIC_PriorityGroupConfig
                0x08003680       0x28 ./Debug_Win\libstm_std_lib.a(stm32f30x_misc.o)
                0x08003680                NVIC_PriorityGroupConfig
 .text.NVIC_Init
                0x080036a8       0xc8 ./Debug_Win\libstm_std_lib.a(stm32f30x_misc.o)
                0x080036a8                NVIC_Init
 .text.RCC_GetClocksFreq
                0x08003770      0x428 ./Debug_Win\libstm_std_lib.a(stm32f30x_rcc.o)
                0x08003770                RCC_GetClocksFreq
 .text.RCC_USBCLKConfig
                0x08003b98       0x20 ./Debug_Win\libstm_std_lib.a(stm32f30x_rcc.o)
                0x08003b98                RCC_USBCLKConfig
 .text.RCC_AHBPeriphClockCmd
                0x08003bb8       0x40 ./Debug_Win\libstm_std_lib.a(stm32f30x_rcc.o)
                0x08003bb8                RCC_AHBPeriphClockCmd
 .text.RCC_APB2PeriphClockCmd
                0x08003bf8       0x40 ./Debug_Win\libstm_std_lib.a(stm32f30x_rcc.o)
                0x08003bf8                RCC_APB2PeriphClockCmd
 .text.RCC_APB1PeriphClockCmd
                0x08003c38       0x40 ./Debug_Win\libstm_std_lib.a(stm32f30x_rcc.o)
                0x08003c38                RCC_APB1PeriphClockCmd
 .text.RCC_APB2PeriphResetCmd
                0x08003c78       0x40 ./Debug_Win\libstm_std_lib.a(stm32f30x_rcc.o)
                0x08003c78                RCC_APB2PeriphResetCmd
 .text.RCC_APB1PeriphResetCmd
                0x08003cb8       0x40 ./Debug_Win\libstm_std_lib.a(stm32f30x_rcc.o)
                0x08003cb8                RCC_APB1PeriphResetCmd
 .text.TIM_TimeBaseInit
                0x08003cf8       0xf0 ./Debug_Win\libstm_std_lib.a(stm32f30x_tim.o)
                0x08003cf8                TIM_TimeBaseInit
 .text.TIM_TimeBaseStructInit
                0x08003de8       0x34 ./Debug_Win\libstm_std_lib.a(stm32f30x_tim.o)
                0x08003de8                TIM_TimeBaseStructInit
 .text.TIM_Cmd  0x08003e1c       0x40 ./Debug_Win\libstm_std_lib.a(stm32f30x_tim.o)
                0x08003e1c                TIM_Cmd
 .text.TIM_ITConfig
                0x08003e5c       0x40 ./Debug_Win\libstm_std_lib.a(stm32f30x_tim.o)
                0x08003e5c                TIM_ITConfig
 .text.STM_EVAL_LEDInit
                0x08003e9c       0x5c ./Debug_Win\libstm_std_lib.a(stm32f3_discovery.o)
                0x08003e9c                STM_EVAL_LEDInit
 .text.STM_EVAL_LEDOn
                0x08003ef8       0x34 ./Debug_Win\libstm_std_lib.a(stm32f3_discovery.o)
                0x08003ef8                STM_EVAL_LEDOn
 .text.STM_EVAL_LEDOff
                0x08003f2c       0x30 ./Debug_Win\libstm_std_lib.a(stm32f3_discovery.o)
                0x08003f2c                STM_EVAL_LEDOff
 .text.STM_EVAL_PBInit
                0x08003f5c       0x98 ./Debug_Win\libstm_std_lib.a(stm32f3_discovery.o)
                0x08003f5c                STM_EVAL_PBInit
 .text.L3GD20_Init
                0x08003ff4       0x78 ./Debug_Win\libstm_std_lib.a(stm32f3_discovery_l3gd20.o)
                0x08003ff4                L3GD20_Init
 .text.L3GD20_FilterConfig
                0x0800406c       0x4a ./Debug_Win\libstm_std_lib.a(stm32f3_discovery_l3gd20.o)
                0x0800406c                L3GD20_FilterConfig
 *fill*         0x080040b6        0x2 
 .text.L3GD20_Write
                0x080040b8       0x60 ./Debug_Win\libstm_std_lib.a(stm32f3_discovery_l3gd20.o)
                0x080040b8                L3GD20_Write
 .text.L3GD20_Read
                0x08004118       0x70 ./Debug_Win\libstm_std_lib.a(stm32f3_discovery_l3gd20.o)
                0x08004118                L3GD20_Read
 .text.L3GD20_LowLevel_Init
                0x08004188      0x154 ./Debug_Win\libstm_std_lib.a(stm32f3_discovery_l3gd20.o)
 .text.L3GD20_SendByte
                0x080042dc       0x90 ./Debug_Win\libstm_std_lib.a(stm32f3_discovery_l3gd20.o)
 .text.LSM303DLHC_AccInit
                0x0800436c       0x78 ./Debug_Win\libstm_std_lib.a(stm32f3_discovery_lsm303dlhc.o)
                0x0800436c                LSM303DLHC_AccInit
 .text.LSM303DLHC_AccFilterConfig
                0x080043e4       0x5a ./Debug_Win\libstm_std_lib.a(stm32f3_discovery_lsm303dlhc.o)
                0x080043e4                LSM303DLHC_AccFilterConfig
 *fill*         0x0800443e        0x2 
 .text.LSM303DLHC_Write
                0x08004440      0x15c ./Debug_Win\libstm_std_lib.a(stm32f3_discovery_lsm303dlhc.o)
                0x08004440                LSM303DLHC_Write
 .text.LSM303DLHC_Read
                0x0800459c      0x188 ./Debug_Win\libstm_std_lib.a(stm32f3_discovery_lsm303dlhc.o)
                0x0800459c                LSM303DLHC_Read
 .text.LSM303DLHC_LowLevel_Init
                0x08004724      0x154 ./Debug_Win\libstm_std_lib.a(stm32f3_discovery_lsm303dlhc.o)
 .text.__initialize_args
                0x08004878       0x28 ./Debug_Win\libstm_std_lib.a(_syscalls.o)
                0x08004878                __initialize_args
 .text.__initialize_hardware_early
                0x080048a0       0x20 ./Debug_Win\libstm_std_lib.a(_initialize_hardware.o)
                0x080048a0                __initialize_hardware_early
 .text.__initialize_hardware
                0x080048c0        0xc ./Debug_Win\libstm_std_lib.a(_initialize_hardware.o)
                0x080048c0                __initialize_hardware
 .text.EXTI_Init
                0x080048cc      0x20c ./Debug_Win\libstm_std_lib.a(stm32f30x_exti.o)
                0x080048cc                EXTI_Init
 .text.EXTI_ClearITPendingBit
                0x08004ad8       0x34 ./Debug_Win\libstm_std_lib.a(stm32f30x_exti.o)
                0x08004ad8                EXTI_ClearITPendingBit
 .text.I2C_Init
                0x08004b0c       0xcc ./Debug_Win\libstm_std_lib.a(stm32f30x_i2c.o)
                0x08004b0c                I2C_Init
 .text.I2C_Cmd  0x08004bd8       0x38 ./Debug_Win\libstm_std_lib.a(stm32f30x_i2c.o)
                0x08004bd8                I2C_Cmd
 .text.I2C_TransferHandling
                0x08004c10       0x58 ./Debug_Win\libstm_std_lib.a(stm32f30x_i2c.o)
                0x08004c10                I2C_TransferHandling
 .text.I2C_SendData
                0x08004c68       0x1e ./Debug_Win\libstm_std_lib.a(stm32f30x_i2c.o)
                0x08004c68                I2C_SendData
 .text.I2C_ReceiveData
                0x08004c86       0x1a ./Debug_Win\libstm_std_lib.a(stm32f30x_i2c.o)
                0x08004c86                I2C_ReceiveData
 .text.I2C_GetFlagStatus
                0x08004ca0       0x3e ./Debug_Win\libstm_std_lib.a(stm32f30x_i2c.o)
                0x08004ca0                I2C_GetFlagStatus
 .text.I2C_ClearFlag
                0x08004cde       0x1c ./Debug_Win\libstm_std_lib.a(stm32f30x_i2c.o)
                0x08004cde                I2C_ClearFlag
 *fill*         0x08004cfa        0x2 
 .text.SPI_I2S_DeInit
                0x08004cfc       0x74 ./Debug_Win\libstm_std_lib.a(stm32f30x_spi.o)
                0x08004cfc                SPI_I2S_DeInit
 .text.SPI_Init
                0x08004d70      0x116 ./Debug_Win\libstm_std_lib.a(stm32f30x_spi.o)
                0x08004d70                SPI_Init
 .text.SPI_Cmd  0x08004e86       0x40 ./Debug_Win\libstm_std_lib.a(stm32f30x_spi.o)
                0x08004e86                SPI_Cmd
 .text.SPI_RxFIFOThresholdConfig
                0x08004ec6       0x38 ./Debug_Win\libstm_std_lib.a(stm32f30x_spi.o)
                0x08004ec6                SPI_RxFIFOThresholdConfig
 .text.SPI_SendData8
                0x08004efe       0x2c ./Debug_Win\libstm_std_lib.a(stm32f30x_spi.o)
                0x08004efe                SPI_SendData8
 .text.SPI_ReceiveData8
                0x08004f2a       0x28 ./Debug_Win\libstm_std_lib.a(stm32f30x_spi.o)
                0x08004f2a                SPI_ReceiveData8
 .text.SPI_I2S_GetFlagStatus
                0x08004f52       0x38 ./Debug_Win\libstm_std_lib.a(stm32f30x_spi.o)
                0x08004f52                SPI_I2S_GetFlagStatus
 *fill*         0x08004f8a        0x2 
 .text.SYSCFG_EXTILineConfig
                0x08004f8c       0x84 ./Debug_Win\libstm_std_lib.a(stm32f30x_syscfg.o)
                0x08004f8c                SYSCFG_EXTILineConfig
 .text.SystemInit
                0x08005010       0x94 ./Debug_Win\libstm_std_lib.a(system_stm32f30x.o)
                0x08005010                SystemInit
 .text.SystemCoreClockUpdate
                0x080050a4       0xe4 ./Debug_Win\libstm_std_lib.a(system_stm32f30x.o)
                0x080050a4                SystemCoreClockUpdate
 .text.SetSysClock
                0x08005188       0xe4 ./Debug_Win\libstm_std_lib.a(system_stm32f30x.o)
 .text._exit    0x0800526c        0xa ./Debug_Win\libstm_std_lib.a(_exit.o)
                0x0800526c                _exit
 *fill*         0x08005276        0x2 
 .text.Set_System
                0x08005278       0xc4 ./Debug_Win\libstm_usb_lib.a(hw_config.o)
                0x08005278                Set_System
 .text.Set_USBClock
                0x0800533c       0x18 ./Debug_Win\libstm_usb_lib.a(hw_config.o)
                0x0800533c                Set_USBClock
 .text.USB_Interrupts_Config
                0x08005354       0x52 ./Debug_Win\libstm_usb_lib.a(hw_config.o)
                0x08005354                USB_Interrupts_Config
 *fill*         0x080053a6        0x2 
 .text.USB_Cable_Config
                0x080053a8       0x34 ./Debug_Win\libstm_usb_lib.a(hw_config.o)
                0x080053a8                USB_Cable_Config
 .text.Get_SerialNum
                0x080053dc       0x58 ./Debug_Win\libstm_usb_lib.a(hw_config.o)
                0x080053dc                Get_SerialNum
 .text.IntToUnicode
                0x08005434       0x7e ./Debug_Win\libstm_usb_lib.a(hw_config.o)
 *fill*         0x080054b2        0x2 
 .text.CDC_Send_DATA
                0x080054b4       0x4c ./Debug_Win\libstm_usb_lib.a(hw_config.o)
                0x080054b4                CDC_Send_DATA
 .text.PowerOn  0x08005500       0x50 ./Debug_Win\libstm_usb_lib.a(usb_pwr.o)
                0x08005500                PowerOn
 .text.USB_Init
                0x08005550       0x44 ./Debug_Win\libstm_usb_lib.a(usb_init.o)
                0x08005550                USB_Init
 .text.Virtual_Com_Port_init
                0x08005594       0x2c ./Debug_Win\libstm_usb_lib.a(usb_prop.o)
                0x08005594                Virtual_Com_Port_init
 .text.Virtual_Com_Port_Reset
                0x080055c0       0xf4 ./Debug_Win\libstm_usb_lib.a(usb_prop.o)
                0x080055c0                Virtual_Com_Port_Reset
 .text.Virtual_Com_Port_SetConfiguration
                0x080056b4       0x2c ./Debug_Win\libstm_usb_lib.a(usb_prop.o)
                0x080056b4                Virtual_Com_Port_SetConfiguration
 .text.Virtual_Com_Port_SetDeviceAddress
                0x080056e0       0x18 ./Debug_Win\libstm_usb_lib.a(usb_prop.o)
                0x080056e0                Virtual_Com_Port_SetDeviceAddress
 .text.Virtual_Com_Port_Status_In
                0x080056f8       0x20 ./Debug_Win\libstm_usb_lib.a(usb_prop.o)
                0x080056f8                Virtual_Com_Port_Status_In
 .text.Virtual_Com_Port_Status_Out
                0x08005718        0xe ./Debug_Win\libstm_usb_lib.a(usb_prop.o)
                0x08005718                Virtual_Com_Port_Status_Out
 *fill*         0x08005726        0x2 
 .text.Virtual_Com_Port_Data_Setup
                0x08005728       0x80 ./Debug_Win\libstm_usb_lib.a(usb_prop.o)
                0x08005728                Virtual_Com_Port_Data_Setup
 .text.Virtual_Com_Port_NoData_Setup
                0x080057a8       0x40 ./Debug_Win\libstm_usb_lib.a(usb_prop.o)
                0x080057a8                Virtual_Com_Port_NoData_Setup
 .text.Virtual_Com_Port_GetDeviceDescriptor
                0x080057e8       0x24 ./Debug_Win\libstm_usb_lib.a(usb_prop.o)
                0x080057e8                Virtual_Com_Port_GetDeviceDescriptor
 .text.Virtual_Com_Port_GetConfigDescriptor
                0x0800580c       0x24 ./Debug_Win\libstm_usb_lib.a(usb_prop.o)
                0x0800580c                Virtual_Com_Port_GetConfigDescriptor
 .text.Virtual_Com_Port_GetStringDescriptor
                0x08005830       0x40 ./Debug_Win\libstm_usb_lib.a(usb_prop.o)
                0x08005830                Virtual_Com_Port_GetStringDescriptor
 .text.Virtual_Com_Port_GetQualifierDescriptor
                0x08005870       0x24 ./Debug_Win\libstm_usb_lib.a(usb_prop.o)
                0x08005870                Virtual_Com_Port_GetQualifierDescriptor
 .text.Virtual_Com_Port_Get_Interface_Setting
                0x08005894       0x32 ./Debug_Win\libstm_usb_lib.a(usb_prop.o)
                0x08005894                Virtual_Com_Port_Get_Interface_Setting
 *fill*         0x080058c6        0x2 
 .text.Virtual_Com_Port_GetLineCoding
                0x080058c8       0x34 ./Debug_Win\libstm_usb_lib.a(usb_prop.o)
                0x080058c8                Virtual_Com_Port_GetLineCoding
 .text.Virtual_Com_Port_SetLineCoding
                0x080058fc       0x34 ./Debug_Win\libstm_usb_lib.a(usb_prop.o)
                0x080058fc                Virtual_Com_Port_SetLineCoding
 .text.SetBTABLE
                0x08005930       0x28 ./Debug_Win\libstm_usb_lib.a(usb_regs.o)
                0x08005930                SetBTABLE
 .text.SetEPType
                0x08005958       0x4e ./Debug_Win\libstm_usb_lib.a(usb_regs.o)
                0x08005958                SetEPType
 *fill*         0x080059a6        0x2 
 .text.SetEPTxStatus
                0x080059a8       0x70 ./Debug_Win\libstm_usb_lib.a(usb_regs.o)
                0x080059a8                SetEPTxStatus
 .text.SetEPRxStatus
                0x08005a18       0x70 ./Debug_Win\libstm_usb_lib.a(usb_regs.o)
                0x08005a18                SetEPRxStatus
 .text.SetEPTxValid
                0x08005a88       0x54 ./Debug_Win\libstm_usb_lib.a(usb_regs.o)
                0x08005a88                SetEPTxValid
 .text.SetEPRxValid
                0x08005adc       0x54 ./Debug_Win\libstm_usb_lib.a(usb_regs.o)
                0x08005adc                SetEPRxValid
 .text.Clear_Status_Out
                0x08005b30       0x48 ./Debug_Win\libstm_usb_lib.a(usb_regs.o)
                0x08005b30                Clear_Status_Out
 .text.SetEPTxAddr
                0x08005b78       0x44 ./Debug_Win\libstm_usb_lib.a(usb_regs.o)
                0x08005b78                SetEPTxAddr
 .text.SetEPRxAddr
                0x08005bbc       0x44 ./Debug_Win\libstm_usb_lib.a(usb_regs.o)
                0x08005bbc                SetEPRxAddr
 .text.SetEPTxCount
                0x08005c00       0x40 ./Debug_Win\libstm_usb_lib.a(usb_regs.o)
                0x08005c00                SetEPTxCount
 .text.SetEPRxCount
                0x08005c40       0x88 ./Debug_Win\libstm_usb_lib.a(usb_regs.o)
                0x08005c40                SetEPRxCount
 .text.USB_SIL_Init
                0x08005cc8       0x34 ./Debug_Win\libstm_usb_lib.a(usb_sil.o)
                0x08005cc8                USB_SIL_Init
 .text.Standard_GetDescriptorData
                0x08005cfc       0x48 ./Debug_Win\libstm_usb_lib.a(usb_core.o)
                0x08005cfc                Standard_GetDescriptorData
 .text.SetDeviceAddress
                0x08005d44       0x7c ./Debug_Win\libstm_usb_lib.a(usb_core.o)
                0x08005d44                SetDeviceAddress
 .text.NOP_Process
                0x08005dc0        0xe ./Debug_Win\libstm_usb_lib.a(usb_core.o)
                0x08005dc0                NOP_Process
 .text.UserToPMABufferCopy
                0x08005dce       0x78 ./Debug_Win\libstm_usb_lib.a(usb_mem.o)
                0x08005dce                UserToPMABufferCopy
 .text.VCP_Init
                0x08005e46       0x18 ./Debug_Win\libstm_usb_lib.a(VCP_F3.opp)
                0x08005e46                VCP_Init
 .text.VCP_ResetPort
                0x08005e5e       0x48 ./Debug_Win\libstm_usb_lib.a(VCP_F3.opp)
                0x08005e5e                VCP_ResetPort
 *fill*         0x08005ea6        0x2 
 .text          0x08005ea8      0x378 c:/sysgcc/arm-eabi/bin/../lib/gcc/arm-none-eabi/10.3.1/thumb/v7e-m+fp/hard\libgcc.a(_arm_addsubdf3.o)
                0x08005ea8                __aeabi_drsub
                0x08005eb0                __aeabi_dsub
                0x08005eb0                __subdf3
                0x08005eb4                __aeabi_dadd
                0x08005eb4                __adddf3
                0x0800612c                __floatunsidf
                0x0800612c                __aeabi_ui2d
                0x0800614c                __floatsidf
                0x0800614c                __aeabi_i2d
                0x08006170                __aeabi_f2d
                0x08006170                __extendsfdf2
                0x080061b4                __floatundidf
                0x080061b4                __aeabi_ul2d
                0x080061c4                __floatdidf
                0x080061c4                __aeabi_l2d
 .text          0x08006220      0x424 c:/sysgcc/arm-eabi/bin/../lib/gcc/arm-none-eabi/10.3.1/thumb/v7e-m+fp/hard\libgcc.a(_arm_muldivdf3.o)
                0x08006220                __aeabi_dmul
                0x08006220                __muldf3
                0x08006474                __divdf3
                0x08006474                __aeabi_ddiv
 .text          0x08006644      0x110 c:/sysgcc/arm-eabi/bin/../lib/gcc/arm-none-eabi/10.3.1/thumb/v7e-m+fp/hard\libgcc.a(_arm_cmpdf2.o)
                0x08006644                __gtdf2
                0x08006644                __gedf2
                0x0800664c                __ltdf2
                0x0800664c                __ledf2
                0x08006654                __nedf2
                0x08006654                __eqdf2
                0x08006654                __cmpdf2
                0x080066d0                __aeabi_cdrcmple
                0x080066e0                __aeabi_cdcmpeq
                0x080066e0                __aeabi_cdcmple
                0x080066f0                __aeabi_dcmpeq
                0x08006704                __aeabi_dcmplt
                0x08006718                __aeabi_dcmple
                0x0800672c                __aeabi_dcmpge
                0x08006740                __aeabi_dcmpgt
 .text          0x08006754       0x2c c:/sysgcc/arm-eabi/bin/../lib/gcc/arm-none-eabi/10.3.1/thumb/v7e-m+fp/hard\libgcc.a(_arm_unorddf2.o)
                0x08006754                __unorddf2
                0x08006754                __aeabi_dcmpun
 .text          0x08006780       0x50 c:/sysgcc/arm-eabi/bin/../lib/gcc/arm-none-eabi/10.3.1/thumb/v7e-m+fp/hard\libgcc.a(_arm_fixdfsi.o)
                0x08006780                __aeabi_d2iz
                0x08006780                __fixdfsi
 .text          0x080067d0       0xa0 c:/sysgcc/arm-eabi/bin/../lib/gcc/arm-none-eabi/10.3.1/thumb/v7e-m+fp/hard\libgcc.a(_arm_truncdfsf2.o)
                0x080067d0                __truncdfsf2
                0x080067d0                __aeabi_d2f
 .text.__errno  0x08006870        0xc c:/sysgcc/arm-eabi/bin/../lib/gcc/arm-none-eabi/10.3.1/../../../../arm-none-eabi/lib/thumb/v7e-m+fp/hard\libg.a(lib_a-errno.o)
                0x08006870                __errno
 .text.memcmp   0x0800687c       0x64 c:/sysgcc/arm-eabi/bin/../lib/gcc/arm-none-eabi/10.3.1/../../../../arm-none-eabi/lib/thumb/v7e-m+fp/hard\libg.a(lib_a-memcmp.o)
                0x0800687c                memcmp
 .text          0x080068e0      0x134 c:/sysgcc/arm-eabi/bin/../lib/gcc/arm-none-eabi/10.3.1/../../../../arm-none-eabi/lib/thumb/v7e-m+fp/hard\libg.a(lib_a-memcpy.o)
                0x080068e0                memcpy
 .text.memset   0x08006a14       0xa4 c:/sysgcc/arm-eabi/bin/../lib/gcc/arm-none-eabi/10.3.1/../../../../arm-none-eabi/lib/thumb/v7e-m+fp/hard\libg.a(lib_a-memset.o)
                0x08006a14                memset
 *(.rodata .rodata.* .constdata .constdata.*)
 .rodata        0x08006ab8        0x4 Debug_Win/user/main.opp
 .rodata.GPIO_PIN
                0x08006abc       0x10 ./Debug_Win\libstm_std_lib.a(stm32f3_discovery.o)
                0x08006abc                GPIO_PIN
 .rodata.GPIO_CLK
                0x08006acc       0x20 ./Debug_Win\libstm_std_lib.a(stm32f3_discovery.o)
                0x08006acc                GPIO_CLK
 .rodata.Virtual_Com_Port_DeviceDescriptor
                0x08006aec       0x12 ./Debug_Win\libstm_usb_lib.a(usb_desc.o)
                0x08006aec                Virtual_Com_Port_DeviceDescriptor
 *fill*         0x08006afe        0x2 
 .rodata.Virtual_Com_Port_ConfigDescriptor
                0x08006b00       0x43 ./Debug_Win\libstm_usb_lib.a(usb_desc.o)
                0x08006b00                Virtual_Com_Port_ConfigDescriptor
 *fill*         0x08006b43        0x1 
 .rodata.Virtual_Com_Port_StringLangID
                0x08006b44        0x4 ./Debug_Win\libstm_usb_lib.a(usb_desc.o)
                0x08006b44                Virtual_Com_Port_StringLangID
 .rodata.Virtual_Com_Port_StringVendor
                0x08006b48       0x26 ./Debug_Win\libstm_usb_lib.a(usb_desc.o)
                0x08006b48                Virtual_Com_Port_StringVendor
 *fill*         0x08006b6e        0x2 
 .rodata.Virtual_Com_Port_StringProduct
                0x08006b70       0x2e ./Debug_Win\libstm_usb_lib.a(usb_desc.o)
                0x08006b70                Virtual_Com_Port_StringProduct
 *fill*         0x08006b9e        0x2 
 .rodata.Virtual_Com_Port_QualifierDescriptor
                0x08006ba0       0x12 ./Debug_Win\libstm_usb_lib.a(usb_desc.o)
                0x08006ba0                Virtual_Com_Port_QualifierDescriptor
 *(vtable)
 *(.eh_frame*)
 *(.glue_7)
 .glue_7        0x08006bb2        0x0 linker stubs
 *(.glue_7t)
 .glue_7t       0x08006bb2        0x0 linker stubs

.vfp11_veneer   0x08006bb4        0x0
 .vfp11_veneer  0x08006bb4        0x0 linker stubs

.v4_bx          0x08006bb4        0x0
 .v4_bx         0x08006bb4        0x0 linker stubs

.iplt           0x08006bb4        0x0
 .iplt          0x08006bb4        0x0 Debug_Win/user/Sensors.o

.rel.dyn        0x08006bb4        0x0
 .rel.iplt      0x08006bb4        0x0 Debug_Win/user/Sensors.o

.ARM.extab
 *(.ARM.extab* .gnu.linkonce.armextab.*)
                0x08006bb4                . = ALIGN (0x4)
                0x08006bb4                __exidx_start = .

.ARM.exidx
 *(.ARM.exidx* .gnu.linkonce.armexidx.*)
                0x08006bb4                __exidx_end = .
                0x08006bb4                . = ALIGN (0x4)
                0x08006bb4                _etext = .
                0x08006bb4                __etext = .

.data_CCMRAM    0x10000000        0x0 load address 0x08006bb4
 FILL mask 0xff
 *(.data.CCMRAM .data.CCMRAM.*)
                0x10000000                . = ALIGN (0x4)
                0x08006bb4                _sidata = LOADADDR (.data)

.data           0x20000000      0x574 load address 0x08006bb4
 FILL mask 0xff
                0x20000000                _sdata = .
                0x20000000                __data_start__ = .
 *(.data_begin .data_begin.*)
 .data_begin    0x20000000        0x4 ./Debug_Win\libstm_std_lib.a(_startup.o)
 *(.data .data.*)
 .data.ErrorMessage
                0x20000004        0x8 Debug_Win/user/main.opp
                0x20000004                ErrorMessage
 .data.EndOfInitialSetting
                0x2000000c        0x8 Debug_Win/user/main.opp
                0x2000000c                EndOfInitialSetting
 .data.stage    0x20000014        0x4 Debug_Win/user/main.opp
                0x20000014                stage
 .data.APBAHBPrescTable
                0x20000018       0x10 ./Debug_Win\libstm_std_lib.a(stm32f30x_rcc.o)
 .data.ADCPrescTable
                0x20000028       0x1a ./Debug_Win\libstm_std_lib.a(stm32f30x_rcc.o)
 *fill*         0x20000042        0x2 ff
 .data.GPIO_PORT
                0x20000044       0x20 ./Debug_Win\libstm_std_lib.a(stm32f3_discovery.o)
                0x20000044                GPIO_PORT
 .data.BUTTON_PORT
                0x20000064        0x4 ./Debug_Win\libstm_std_lib.a(stm32f3_discovery.o)
                0x20000064                BUTTON_PORT
 .data.L3GD20Timeout
                0x20000068        0x4 ./Debug_Win\libstm_std_lib.a(stm32f3_discovery_l3gd20.o)
                0x20000068                L3GD20Timeout
 .data.LSM303DLHC_Timeout
                0x2000006c        0x4 ./Debug_Win\libstm_std_lib.a(stm32f3_discovery_lsm303dlhc.o)
                0x2000006c                LSM303DLHC_Timeout
 .data.argv.1   0x20000070        0x8 ./Debug_Win\libstm_std_lib.a(_syscalls.o)
 .data.SystemCoreClock
                0x20000078        0x4 ./Debug_Win\libstm_std_lib.a(system_stm32f30x.o)
                0x20000078                SystemCoreClock
 .data.AHBPrescTable
                0x2000007c       0x10 ./Debug_Win\libstm_std_lib.a(system_stm32f30x.o)
                0x2000007c                AHBPrescTable
 .data.linecoding
                0x2000008c        0x8 ./Debug_Win\libstm_usb_lib.a(usb_prop.o)
                0x2000008c                linecoding
 .data.Device_Table
                0x20000094        0x2 ./Debug_Win\libstm_usb_lib.a(usb_prop.o)
                0x20000094                Device_Table
 *fill*         0x20000096        0x2 ff
 .data.Device_Property
                0x20000098       0x34 ./Debug_Win\libstm_usb_lib.a(usb_prop.o)
                0x20000098                Device_Property
 .data.User_Standard_Requests
                0x200000cc       0x24 ./Debug_Win\libstm_usb_lib.a(usb_prop.o)
                0x200000cc                User_Standard_Requests
 .data.Device_Descriptor
                0x200000f0        0x8 ./Debug_Win\libstm_usb_lib.a(usb_prop.o)
                0x200000f0                Device_Descriptor
 .data.Config_Descriptor
                0x200000f8        0x8 ./Debug_Win\libstm_usb_lib.a(usb_prop.o)
                0x200000f8                Config_Descriptor
 .data.Qualifier_Descriptor
                0x20000100        0x8 ./Debug_Win\libstm_usb_lib.a(usb_prop.o)
                0x20000100                Qualifier_Descriptor
 .data.String_Descriptor
                0x20000108       0x20 ./Debug_Win\libstm_usb_lib.a(usb_prop.o)
                0x20000108                String_Descriptor
 .data.Virtual_Com_Port_StringSerial
                0x20000128       0x1a ./Debug_Win\libstm_usb_lib.a(usb_desc.o)
                0x20000128                Virtual_Com_Port_StringSerial
 *fill*         0x20000142        0x2 ff
 .data._impure_ptr
                0x20000144        0x4 c:/sysgcc/arm-eabi/bin/../lib/gcc/arm-none-eabi/10.3.1/../../../../arm-none-eabi/lib/thumb/v7e-m+fp/hard\libg.a(lib_a-impure.o)
                0x20000144                _impure_ptr
 .data.impure_data
                0x20000148      0x428 c:/sysgcc/arm-eabi/bin/../lib/gcc/arm-none-eabi/10.3.1/../../../../arm-none-eabi/lib/thumb/v7e-m+fp/hard\libg.a(lib_a-impure.o)
 *(.data_end .data_end.*)
 .data_end      0x20000570        0x4 ./Debug_Win\libstm_std_lib.a(_startup.o)
                0x20000574                . = ALIGN (0x4)
                0x20000574                _edata = .
                0x20000574                __data_end__ = .

.igot.plt       0x20000574        0x0 load address 0x08007128
 .igot.plt      0x20000574        0x0 Debug_Win/user/Sensors.o

.bss_CCMRAM     0x10000000        0x0
 *(.bss.CCMRAM .bss.CCMRAM.*)

.bss            0x20000578      0xe08
                0x20000578                __bss_start__ = .
                0x20000578                _sbss = .
 *(.bss_begin .bss_begin.*)
 .bss_begin     0x20000578        0x4 ./Debug_Win\libstm_std_lib.a(_startup.o)
 *(.bss .bss.*)
 .bss.buffer.2  0x2000057c        0x6 Debug_Win/user/Sensors.o
 *fill*         0x20000582        0x2 
 .bss.buffer.0  0x20000584        0x2 Debug_Win/user/Sensors.o
 *fill*         0x20000586        0x2 
 .bss.TxBuff    0x20000588       0x14 Debug_Win/user/Drv_Uart.opp
                0x20000588                TxBuff
 .bss.RxBuff    0x2000059c       0x14 Debug_Win/user/Drv_Uart.opp
                0x2000059c                RxBuff
 .bss.RCC_Clocks
                0x200005b0       0x3c Debug_Win/user/main.opp
                0x200005b0                RCC_Clocks
 .bss.TimingDelay
                0x200005ec        0x4 Debug_Win/user/main.opp
                0x200005ec                TimingDelay
 .bss.gyro_multiplier
                0x200005f0        0x4 Debug_Win/user/main.opp
                0x200005f0                gyro_multiplier
 .bss.previous_stage
                0x200005f4        0x4 Debug_Win/user/main.opp
                0x200005f4                previous_stage
 .bss.COM_port  0x200005f8       0x84 Debug_Win/user/main.opp
                0x200005f8                COM_port
 *fill*         0x2000067c        0x4 
 .bss.measure   0x20000680      0xcb8 Debug_Win/user/main.opp
                0x20000680                measure
 .bss.name.0    0x20001338        0x1 ./Debug_Win\libstm_std_lib.a(_syscalls.o)
 *fill*         0x20001339        0x3 
 .bss.EXTI_InitStructure
                0x2000133c        0x8 ./Debug_Win\libstm_usb_lib.a(hw_config.o)
                0x2000133c                EXTI_InitStructure
 .bss.packet_sent
                0x20001344        0x4 ./Debug_Win\libstm_usb_lib.a(hw_config.o)
                0x20001344                packet_sent
 .bss.bDeviceState
                0x20001348        0x4 ./Debug_Win\libstm_usb_lib.a(usb_pwr.o)
                0x20001348                bDeviceState
 .bss.pInformation
                0x2000134c        0x4 ./Debug_Win\libstm_usb_lib.a(usb_init.o)
                0x2000134c                pInformation
 .bss.pProperty
                0x20001350        0x4 ./Debug_Win\libstm_usb_lib.a(usb_init.o)
                0x20001350                pProperty
 .bss.wInterrupt_Mask
                0x20001354        0x2 ./Debug_Win\libstm_usb_lib.a(usb_init.o)
                0x20001354                wInterrupt_Mask
 *fill*         0x20001356        0x2 
 .bss.Device_Info
                0x20001358       0x1c ./Debug_Win\libstm_usb_lib.a(usb_init.o)
                0x20001358                Device_Info
 .bss.pUser_Standard_Requests
                0x20001374        0x4 ./Debug_Win\libstm_usb_lib.a(usb_init.o)
                0x20001374                pUser_Standard_Requests
 .bss.Request   0x20001378        0x1 ./Debug_Win\libstm_usb_lib.a(usb_prop.o)
                0x20001378                Request
 *(COMMON)
 *(.bss_end .bss_end.*)
 *fill*         0x20001379        0x3 
 .bss_end       0x2000137c        0x4 ./Debug_Win\libstm_std_lib.a(_startup.o)
                0x20001380                . = ALIGN (0x4)
                0x20001380                __bss_end__ = .
                0x20001380                _ebss = .

.noinit_CCMRAM
 *(.noinit.CCMRAM .noinit.CCMRAM.*)

.noinit         0x20001380        0x0
                0x20001380                _noinit = .
 *(.noinit .noinit.*)
                0x20001380                . = ALIGN (0x4)
                0x20001380                _end_noinit = .
                [!provide]                PROVIDE (end = _end_noinit)
                [!provide]                PROVIDE (_end = _end_noinit)
                [!provide]                PROVIDE (__end = _end_noinit)
                [!provide]                PROVIDE (__end__ = _end_noinit)

._check_stack   0x20001380      0x100
                0x20001480                . = (. + _Minimum_Stack_Size)
 *fill*         0x20001380      0x100 

.b1text
 *(.b1text)
 *(.b1rodata)
 *(.b1rodata.*)

.eb0text
 *(.eb0text)
 *(.eb0rodata)
 *(.eb0rodata.*)

.eb1text
 *(.eb1text)
 *(.eb1rodata)
 *(.eb1rodata.*)

.eb2text
 *(.eb2text)
 *(.eb2rodata)
 *(.eb2rodata.*)

.eb3text
 *(.eb3text)
 *(.eb3rodata)
 *(.eb3rodata.*)

.stab
 *(.stab)

.stabstr
 *(.stabstr)

.stab.excl
 *(.stab.excl)

.stab.exclstr
 *(.stab.exclstr)

.stab.index
 *(.stab.index)

.stab.indexstr
 *(.stab.indexstr)

.comment        0x00000000       0x49
 *(.comment)
 .comment       0x00000000       0x49 Debug_Win/user/Sensors.o
                                 0x4a (size before relaxing)
 .comment       0x00000049       0x4a Debug_Win/user/Drv_Uart.opp
 .comment       0x00000049       0x4a Debug_Win/user/main.opp
 .comment       0x00000049       0x4a ./Debug_Win\libstm_std_lib.a(stm32f30x_gpio.o)
 .comment       0x00000049       0x4a ./Debug_Win\libstm_std_lib.a(stm32f30x_misc.o)
 .comment       0x00000049       0x4a ./Debug_Win\libstm_std_lib.a(stm32f30x_rcc.o)
 .comment       0x00000049       0x4a ./Debug_Win\libstm_std_lib.a(stm32f30x_tim.o)
 .comment       0x00000049       0x4a ./Debug_Win\libstm_std_lib.a(stm32f3_discovery.o)
 .comment       0x00000049       0x4a ./Debug_Win\libstm_std_lib.a(stm32f3_discovery_l3gd20.o)
 .comment       0x00000049       0x4a ./Debug_Win\libstm_std_lib.a(stm32f3_discovery_lsm303dlhc.o)
 .comment       0x00000049       0x4a ./Debug_Win\libstm_std_lib.a(_startup.o)
 .comment       0x00000049       0x4a ./Debug_Win\libstm_std_lib.a(_syscalls.o)
 .comment       0x00000049       0x4a ./Debug_Win\libstm_std_lib.a(_initialize_hardware.o)
 .comment       0x00000049       0x4a ./Debug_Win\libstm_std_lib.a(stm32f30x_exti.o)
 .comment       0x00000049       0x4a ./Debug_Win\libstm_std_lib.a(stm32f30x_i2c.o)
 .comment       0x00000049       0x4a ./Debug_Win\libstm_std_lib.a(stm32f30x_spi.o)
 .comment       0x00000049       0x4a ./Debug_Win\libstm_std_lib.a(stm32f30x_syscfg.o)
 .comment       0x00000049       0x4a ./Debug_Win\libstm_std_lib.a(system_stm32f30x.o)
 .comment       0x00000049       0x4a ./Debug_Win\libstm_std_lib.a(_exit.o)
 .comment       0x00000049       0x4a ./Debug_Win\libstm_usb_lib.a(hw_config.o)
 .comment       0x00000049       0x4a ./Debug_Win\libstm_usb_lib.a(usb_pwr.o)
 .comment       0x00000049       0x4a ./Debug_Win\libstm_usb_lib.a(usb_init.o)
 .comment       0x00000049       0x4a ./Debug_Win\libstm_usb_lib.a(usb_prop.o)
 .comment       0x00000049       0x4a ./Debug_Win\libstm_usb_lib.a(usb_regs.o)
 .comment       0x00000049       0x4a ./Debug_Win\libstm_usb_lib.a(usb_desc.o)
 .comment       0x00000049       0x4a ./Debug_Win\libstm_usb_lib.a(usb_sil.o)
 .comment       0x00000049       0x4a ./Debug_Win\libstm_usb_lib.a(usb_core.o)
 .comment       0x00000049       0x4a ./Debug_Win\libstm_usb_lib.a(usb_mem.o)
 .comment       0x00000049       0x4a ./Debug_Win\libstm_usb_lib.a(VCP_F3.opp)

.ARM.attributes
                0x00000000       0x32
 .ARM.attributes
                0x00000000       0x34 Debug_Win/user/Sensors.o
 .ARM.attributes
                0x00000034       0x34 Debug_Win/user/Drv_Uart.opp
 .ARM.attributes
                0x00000068       0x34 Debug_Win/user/main.opp
 .ARM.attributes
                0x0000009c       0x34 c:/sysgcc/arm-eabi/bin/../lib/gcc/arm-none-eabi/10.3.1/../../../../arm-none-eabi/lib/thumb/v7e-m+fp/hard\libm.a(lib_a-sf_round.o)
 .ARM.attributes
                0x000000d0       0x34 c:/sysgcc/arm-eabi/bin/../lib/gcc/arm-none-eabi/10.3.1/../../../../arm-none-eabi/lib/thumb/v7e-m+fp/hard\libm.a(lib_a-w_pow.o)
 .ARM.attributes
                0x00000104       0x34 c:/sysgcc/arm-eabi/bin/../lib/gcc/arm-none-eabi/10.3.1/../../../../arm-none-eabi/lib/thumb/v7e-m+fp/hard\libm.a(lib_a-wf_sqrt.o)
 .ARM.attributes
                0x00000138       0x34 c:/sysgcc/arm-eabi/bin/../lib/gcc/arm-none-eabi/10.3.1/../../../../arm-none-eabi/lib/thumb/v7e-m+fp/hard\libm.a(lib_a-e_pow.o)
 .ARM.attributes
                0x0000016c       0x34 c:/sysgcc/arm-eabi/bin/../lib/gcc/arm-none-eabi/10.3.1/../../../../arm-none-eabi/lib/thumb/v7e-m+fp/hard\libm.a(lib_a-e_sqrt.o)
 .ARM.attributes
                0x000001a0       0x34 c:/sysgcc/arm-eabi/bin/../lib/gcc/arm-none-eabi/10.3.1/../../../../arm-none-eabi/lib/thumb/v7e-m+fp/hard\libm.a(lib_a-ef_sqrt.o)
 .ARM.attributes
                0x000001d4       0x34 c:/sysgcc/arm-eabi/bin/../lib/gcc/arm-none-eabi/10.3.1/../../../../arm-none-eabi/lib/thumb/v7e-m+fp/hard\libm.a(lib_a-math_err.o)
 .ARM.attributes
                0x00000208       0x34 c:/sysgcc/arm-eabi/bin/../lib/gcc/arm-none-eabi/10.3.1/../../../../arm-none-eabi/lib/thumb/v7e-m+fp/hard\libm.a(lib_a-s_fabs.o)
 .ARM.attributes
                0x0000023c       0x34 c:/sysgcc/arm-eabi/bin/../lib/gcc/arm-none-eabi/10.3.1/../../../../arm-none-eabi/lib/thumb/v7e-m+fp/hard\libm.a(lib_a-s_finite.o)
 .ARM.attributes
                0x00000270       0x34 c:/sysgcc/arm-eabi/bin/../lib/gcc/arm-none-eabi/10.3.1/../../../../arm-none-eabi/lib/thumb/v7e-m+fp/hard\libm.a(lib_a-s_scalbn.o)
 .ARM.attributes
                0x000002a4       0x34 ./Debug_Win\libstm_std_lib.a(stm32f30x_gpio.o)
 .ARM.attributes
                0x000002d8       0x34 ./Debug_Win\libstm_std_lib.a(stm32f30x_misc.o)
 .ARM.attributes
                0x0000030c       0x34 ./Debug_Win\libstm_std_lib.a(stm32f30x_rcc.o)
 .ARM.attributes
                0x00000340       0x34 ./Debug_Win\libstm_std_lib.a(stm32f30x_tim.o)
 .ARM.attributes
                0x00000374       0x34 ./Debug_Win\libstm_std_lib.a(stm32f3_discovery.o)
 .ARM.attributes
                0x000003a8       0x34 ./Debug_Win\libstm_std_lib.a(stm32f3_discovery_l3gd20.o)
 .ARM.attributes
                0x000003dc       0x34 ./Debug_Win\libstm_std_lib.a(stm32f3_discovery_lsm303dlhc.o)
 .ARM.attributes
                0x00000410       0x34 ./Debug_Win\libstm_std_lib.a(_startup.o)
 .ARM.attributes
                0x00000444       0x34 ./Debug_Win\libstm_std_lib.a(_syscalls.o)
 .ARM.attributes
                0x00000478       0x34 ./Debug_Win\libstm_std_lib.a(_initialize_hardware.o)
 .ARM.attributes
                0x000004ac       0x34 ./Debug_Win\libstm_std_lib.a(stm32f30x_exti.o)
 .ARM.attributes
                0x000004e0       0x34 ./Debug_Win\libstm_std_lib.a(stm32f30x_i2c.o)
 .ARM.attributes
                0x00000514       0x34 ./Debug_Win\libstm_std_lib.a(stm32f30x_spi.o)
 .ARM.attributes
                0x00000548       0x34 ./Debug_Win\libstm_std_lib.a(stm32f30x_syscfg.o)
 .ARM.attributes
                0x0000057c       0x34 ./Debug_Win\libstm_std_lib.a(system_stm32f30x.o)
 .ARM.attributes
                0x000005b0       0x34 ./Debug_Win\libstm_std_lib.a(_exit.o)
 .ARM.attributes
                0x000005e4       0x34 ./Debug_Win\libstm_usb_lib.a(hw_config.o)
 .ARM.attributes
                0x00000618       0x34 ./Debug_Win\libstm_usb_lib.a(usb_pwr.o)
 .ARM.attributes
                0x0000064c       0x34 ./Debug_Win\libstm_usb_lib.a(usb_init.o)
 .ARM.attributes
                0x00000680       0x34 ./Debug_Win\libstm_usb_lib.a(usb_prop.o)
 .ARM.attributes
                0x000006b4       0x34 ./Debug_Win\libstm_usb_lib.a(usb_regs.o)
 .ARM.attributes
                0x000006e8       0x34 ./Debug_Win\libstm_usb_lib.a(usb_desc.o)
 .ARM.attributes
                0x0000071c       0x34 ./Debug_Win\libstm_usb_lib.a(usb_sil.o)
 .ARM.attributes
                0x00000750       0x34 ./Debug_Win\libstm_usb_lib.a(usb_core.o)
 .ARM.attributes
                0x00000784       0x34 ./Debug_Win\libstm_usb_lib.a(usb_mem.o)
 .ARM.attributes
                0x000007b8       0x34 ./Debug_Win\libstm_usb_lib.a(VCP_F3.opp)
 .ARM.attributes
                0x000007ec       0x1e c:/sysgcc/arm-eabi/bin/../lib/gcc/arm-none-eabi/10.3.1/thumb/v7e-m+fp/hard\libgcc.a(_arm_addsubdf3.o)
 .ARM.attributes
                0x0000080a       0x1e c:/sysgcc/arm-eabi/bin/../lib/gcc/arm-none-eabi/10.3.1/thumb/v7e-m+fp/hard\libgcc.a(_arm_muldivdf3.o)
 .ARM.attributes
                0x00000828       0x1e c:/sysgcc/arm-eabi/bin/../lib/gcc/arm-none-eabi/10.3.1/thumb/v7e-m+fp/hard\libgcc.a(_arm_cmpdf2.o)
 .ARM.attributes
                0x00000846       0x1e c:/sysgcc/arm-eabi/bin/../lib/gcc/arm-none-eabi/10.3.1/thumb/v7e-m+fp/hard\libgcc.a(_arm_unorddf2.o)
 .ARM.attributes
                0x00000864       0x1e c:/sysgcc/arm-eabi/bin/../lib/gcc/arm-none-eabi/10.3.1/thumb/v7e-m+fp/hard\libgcc.a(_arm_fixdfsi.o)
 .ARM.attributes
                0x00000882       0x1e c:/sysgcc/arm-eabi/bin/../lib/gcc/arm-none-eabi/10.3.1/thumb/v7e-m+fp/hard\libgcc.a(_arm_truncdfsf2.o)
 .ARM.attributes
                0x000008a0       0x34 c:/sysgcc/arm-eabi/bin/../lib/gcc/arm-none-eabi/10.3.1/../../../../arm-none-eabi/lib/thumb/v7e-m+fp/hard\libg.a(lib_a-errno.o)
 .ARM.attributes
                0x000008d4       0x34 c:/sysgcc/arm-eabi/bin/../lib/gcc/arm-none-eabi/10.3.1/../../../../arm-none-eabi/lib/thumb/v7e-m+fp/hard\libg.a(lib_a-impure.o)
 .ARM.attributes
                0x00000908       0x34 c:/sysgcc/arm-eabi/bin/../lib/gcc/arm-none-eabi/10.3.1/../../../../arm-none-eabi/lib/thumb/v7e-m+fp/hard\libg.a(lib_a-memcmp.o)
 .ARM.attributes
                0x0000093c       0x1c c:/sysgcc/arm-eabi/bin/../lib/gcc/arm-none-eabi/10.3.1/../../../../arm-none-eabi/lib/thumb/v7e-m+fp/hard\libg.a(lib_a-memcpy.o)
 .ARM.attributes
                0x00000958       0x34 c:/sysgcc/arm-eabi/bin/../lib/gcc/arm-none-eabi/10.3.1/../../../../arm-none-eabi/lib/thumb/v7e-m+fp/hard\libg.a(lib_a-memset.o)

.debug
 *(.debug)

.line
 *(.line)

.debug_srcinfo
 *(.debug_srcinfo)

.debug_sfnames
 *(.debug_sfnames)

.debug_aranges  0x00000000     0x13b0
 *(.debug_aranges)
 .debug_aranges
                0x00000000       0x58 Debug_Win/user/Sensors.o
 .debug_aranges
                0x00000058       0xb8 Debug_Win/user/Drv_Uart.opp
 .debug_aranges
                0x00000110      0x288 Debug_Win/user/main.opp
 .debug_aranges
                0x00000398       0x80 ./Debug_Win\libstm_std_lib.a(stm32f30x_gpio.o)
 .debug_aranges
                0x00000418       0x40 ./Debug_Win\libstm_std_lib.a(stm32f30x_misc.o)
 .debug_aranges
                0x00000458      0x150 ./Debug_Win\libstm_std_lib.a(stm32f30x_rcc.o)
 .debug_aranges
                0x000005a8      0x3a8 ./Debug_Win\libstm_std_lib.a(stm32f30x_tim.o)
 .debug_aranges
                0x00000950       0x48 ./Debug_Win\libstm_std_lib.a(stm32f3_discovery.o)
 .debug_aranges
                0x00000998       0x78 ./Debug_Win\libstm_std_lib.a(stm32f3_discovery_l3gd20.o)
 .debug_aranges
                0x00000a10       0x98 ./Debug_Win\libstm_std_lib.a(stm32f3_discovery_lsm303dlhc.o)
 .debug_aranges
                0x00000aa8       0x40 ./Debug_Win\libstm_std_lib.a(_startup.o)
 .debug_aranges
                0x00000ae8       0x30 ./Debug_Win\libstm_std_lib.a(_syscalls.o)
 .debug_aranges
                0x00000b18       0x28 ./Debug_Win\libstm_std_lib.a(_initialize_hardware.o)
 .debug_aranges
                0x00000b40       0x58 ./Debug_Win\libstm_std_lib.a(stm32f30x_exti.o)
 .debug_aranges
                0x00000b98      0x168 ./Debug_Win\libstm_std_lib.a(stm32f30x_i2c.o)
 .debug_aranges
                0x00000d00      0x118 ./Debug_Win\libstm_std_lib.a(stm32f30x_spi.o)
 .debug_aranges
                0x00000e18       0x88 ./Debug_Win\libstm_std_lib.a(stm32f30x_syscfg.o)
 .debug_aranges
                0x00000ea0       0x30 ./Debug_Win\libstm_std_lib.a(system_stm32f30x.o)
 .debug_aranges
                0x00000ed0       0x28 ./Debug_Win\libstm_std_lib.a(_exit.o)
 .debug_aranges
                0x00000ef8       0x80 ./Debug_Win\libstm_usb_lib.a(hw_config.o)
 .debug_aranges
                0x00000f78       0x40 ./Debug_Win\libstm_usb_lib.a(usb_pwr.o)
 .debug_aranges
                0x00000fb8       0x20 ./Debug_Win\libstm_usb_lib.a(usb_init.o)
 .debug_aranges
                0x00000fd8       0x90 ./Debug_Win\libstm_usb_lib.a(usb_prop.o)
 .debug_aranges
                0x00001068      0x1f0 ./Debug_Win\libstm_usb_lib.a(usb_regs.o)
 .debug_aranges
                0x00001258       0x18 ./Debug_Win\libstm_usb_lib.a(usb_desc.o)
 .debug_aranges
                0x00001270       0x30 ./Debug_Win\libstm_usb_lib.a(usb_sil.o)
 .debug_aranges
                0x000012a0       0xb0 ./Debug_Win\libstm_usb_lib.a(usb_core.o)
 .debug_aranges
                0x00001350       0x28 ./Debug_Win\libstm_usb_lib.a(usb_mem.o)
 .debug_aranges
                0x00001378       0x38 ./Debug_Win\libstm_usb_lib.a(VCP_F3.opp)

.debug_pubnames
 *(.debug_pubnames)

.debug_info     0x00000000    0x136f5
 *(.debug_info .gnu.linkonce.wi.*)
 .debug_info    0x00000000      0xa23 Debug_Win/user/Sensors.o
 .debug_info    0x00000a23      0xddc Debug_Win/user/Drv_Uart.opp
 .debug_info    0x000017ff     0x5e9f Debug_Win/user/main.opp
 .debug_info    0x0000769e      0x623 ./Debug_Win\libstm_std_lib.a(stm32f30x_gpio.o)
 .debug_info    0x00007cc1      0x548 ./Debug_Win\libstm_std_lib.a(stm32f30x_misc.o)
 .debug_info    0x00008209      0xb1f ./Debug_Win\libstm_std_lib.a(stm32f30x_rcc.o)
 .debug_info    0x00008d28     0x233e ./Debug_Win\libstm_std_lib.a(stm32f30x_tim.o)
 .debug_info    0x0000b066      0x890 ./Debug_Win\libstm_std_lib.a(stm32f3_discovery.o)
 .debug_info    0x0000b8f6      0x819 ./Debug_Win\libstm_std_lib.a(stm32f3_discovery_l3gd20.o)
 .debug_info    0x0000c10f      0xa09 ./Debug_Win\libstm_std_lib.a(stm32f3_discovery_lsm303dlhc.o)
 .debug_info    0x0000cb18      0x3c9 ./Debug_Win\libstm_std_lib.a(_startup.o)
 .debug_info    0x0000cee1      0x192 ./Debug_Win\libstm_std_lib.a(_syscalls.o)
 .debug_info    0x0000d073      0x26c ./Debug_Win\libstm_std_lib.a(_initialize_hardware.o)
 .debug_info    0x0000d2df      0x3ca ./Debug_Win\libstm_std_lib.a(stm32f30x_exti.o)
 .debug_info    0x0000d6a9      0xc47 ./Debug_Win\libstm_std_lib.a(stm32f30x_i2c.o)
 .debug_info    0x0000e2f0      0xbdf ./Debug_Win\libstm_std_lib.a(stm32f30x_spi.o)
 .debug_info    0x0000eecf      0x3c2 ./Debug_Win\libstm_std_lib.a(stm32f30x_syscfg.o)
 .debug_info    0x0000f291      0x4b8 ./Debug_Win\libstm_std_lib.a(system_stm32f30x.o)
 .debug_info    0x0000f749       0xd9 ./Debug_Win\libstm_std_lib.a(_exit.o)
 .debug_info    0x0000f822      0xa69 ./Debug_Win\libstm_usb_lib.a(hw_config.o)
 .debug_info    0x0001028b      0x528 ./Debug_Win\libstm_usb_lib.a(usb_pwr.o)
 .debug_info    0x000107b3      0x49f ./Debug_Win\libstm_usb_lib.a(usb_init.o)
 .debug_info    0x00010c52      0x8dc ./Debug_Win\libstm_usb_lib.a(usb_prop.o)
 .debug_info    0x0001152e      0xcdd ./Debug_Win\libstm_usb_lib.a(usb_regs.o)
 .debug_info    0x0001220b      0x1a8 ./Debug_Win\libstm_usb_lib.a(usb_desc.o)
 .debug_info    0x000123b3      0x14c ./Debug_Win\libstm_usb_lib.a(usb_sil.o)
 .debug_info    0x000124ff      0xbca ./Debug_Win\libstm_usb_lib.a(usb_core.o)
 .debug_info    0x000130c9      0x19e ./Debug_Win\libstm_usb_lib.a(usb_mem.o)
 .debug_info    0x00013267      0x48e ./Debug_Win\libstm_usb_lib.a(VCP_F3.opp)

.debug_abbrev   0x00000000     0x34f3
 *(.debug_abbrev)
 .debug_abbrev  0x00000000      0x172 Debug_Win/user/Sensors.o
 .debug_abbrev  0x00000172      0x377 Debug_Win/user/Drv_Uart.opp
 .debug_abbrev  0x000004e9      0x7f2 Debug_Win/user/main.opp
 .debug_abbrev  0x00000cdb      0x1c3 ./Debug_Win\libstm_std_lib.a(stm32f30x_gpio.o)
 .debug_abbrev  0x00000e9e      0x173 ./Debug_Win\libstm_std_lib.a(stm32f30x_misc.o)
 .debug_abbrev  0x00001011      0x203 ./Debug_Win\libstm_std_lib.a(stm32f30x_rcc.o)
 .debug_abbrev  0x00001214      0x19f ./Debug_Win\libstm_std_lib.a(stm32f30x_tim.o)
 .debug_abbrev  0x000013b3      0x1d9 ./Debug_Win\libstm_std_lib.a(stm32f3_discovery.o)
 .debug_abbrev  0x0000158c      0x1d9 ./Debug_Win\libstm_std_lib.a(stm32f3_discovery_l3gd20.o)
 .debug_abbrev  0x00001765      0x1bd ./Debug_Win\libstm_std_lib.a(stm32f3_discovery_lsm303dlhc.o)
 .debug_abbrev  0x00001922      0x174 ./Debug_Win\libstm_std_lib.a(_startup.o)
 .debug_abbrev  0x00001a96       0xed ./Debug_Win\libstm_std_lib.a(_syscalls.o)
 .debug_abbrev  0x00001b83       0xb6 ./Debug_Win\libstm_std_lib.a(_initialize_hardware.o)
 .debug_abbrev  0x00001c39      0x198 ./Debug_Win\libstm_std_lib.a(stm32f30x_exti.o)
 .debug_abbrev  0x00001dd1      0x196 ./Debug_Win\libstm_std_lib.a(stm32f30x_i2c.o)
 .debug_abbrev  0x00001f67      0x1a1 ./Debug_Win\libstm_std_lib.a(stm32f30x_spi.o)
 .debug_abbrev  0x00002108      0x199 ./Debug_Win\libstm_std_lib.a(stm32f30x_syscfg.o)
 .debug_abbrev  0x000022a1      0x179 ./Debug_Win\libstm_std_lib.a(system_stm32f30x.o)
 .debug_abbrev  0x0000241a       0xae ./Debug_Win\libstm_std_lib.a(_exit.o)
 .debug_abbrev  0x000024c8      0x2f7 ./Debug_Win\libstm_usb_lib.a(hw_config.o)
 .debug_abbrev  0x000027bf      0x229 ./Debug_Win\libstm_usb_lib.a(usb_pwr.o)
 .debug_abbrev  0x000029e8      0x121 ./Debug_Win\libstm_usb_lib.a(usb_init.o)
 .debug_abbrev  0x00002b09      0x222 ./Debug_Win\libstm_usb_lib.a(usb_prop.o)
 .debug_abbrev  0x00002d2b      0x199 ./Debug_Win\libstm_usb_lib.a(usb_regs.o)
 .debug_abbrev  0x00002ec4       0x73 ./Debug_Win\libstm_usb_lib.a(usb_desc.o)
 .debug_abbrev  0x00002f37       0xb4 ./Debug_Win\libstm_usb_lib.a(usb_sil.o)
 .debug_abbrev  0x00002feb      0x2db ./Debug_Win\libstm_usb_lib.a(usb_core.o)
 .debug_abbrev  0x000032c6       0x94 ./Debug_Win\libstm_usb_lib.a(usb_mem.o)
 .debug_abbrev  0x0000335a      0x199 ./Debug_Win\libstm_usb_lib.a(VCP_F3.opp)

.debug_line     0x00000000     0xde9c
 *(.debug_line)
 .debug_line    0x00000000      0xb60 Debug_Win/user/Sensors.o
 .debug_line    0x00000b60      0x8cf Debug_Win/user/Drv_Uart.opp
 .debug_line    0x0000142f     0x1dc7 Debug_Win/user/main.opp
 .debug_line    0x000031f6      0x5b7 ./Debug_Win\libstm_std_lib.a(stm32f30x_gpio.o)
 .debug_line    0x000037ad      0x41a ./Debug_Win\libstm_std_lib.a(stm32f30x_misc.o)
 .debug_line    0x00003bc7      0xb1a ./Debug_Win\libstm_std_lib.a(stm32f30x_rcc.o)
 .debug_line    0x000046e1     0x15ff ./Debug_Win\libstm_std_lib.a(stm32f30x_tim.o)
 .debug_line    0x00005ce0      0x422 ./Debug_Win\libstm_std_lib.a(stm32f3_discovery.o)
 .debug_line    0x00006102      0x5b2 ./Debug_Win\libstm_std_lib.a(stm32f3_discovery_l3gd20.o)
 .debug_line    0x000066b4      0x713 ./Debug_Win\libstm_std_lib.a(stm32f3_discovery_lsm303dlhc.o)
 .debug_line    0x00006dc7      0x42e ./Debug_Win\libstm_std_lib.a(_startup.o)
 .debug_line    0x000071f5      0x399 ./Debug_Win\libstm_std_lib.a(_syscalls.o)
 .debug_line    0x0000758e      0x353 ./Debug_Win\libstm_std_lib.a(_initialize_hardware.o)
 .debug_line    0x000078e1      0x5cc ./Debug_Win\libstm_std_lib.a(stm32f30x_exti.o)
 .debug_line    0x00007ead      0x930 ./Debug_Win\libstm_std_lib.a(stm32f30x_i2c.o)
 .debug_line    0x000087dd      0x8c4 ./Debug_Win\libstm_std_lib.a(stm32f30x_spi.o)
 .debug_line    0x000090a1      0x50c ./Debug_Win\libstm_std_lib.a(stm32f30x_syscfg.o)
 .debug_line    0x000095ad      0x469 ./Debug_Win\libstm_std_lib.a(system_stm32f30x.o)
 .debug_line    0x00009a16      0x2c8 ./Debug_Win\libstm_std_lib.a(_exit.o)
 .debug_line    0x00009cde      0x6bc ./Debug_Win\libstm_usb_lib.a(hw_config.o)
 .debug_line    0x0000a39a      0x5b5 ./Debug_Win\libstm_usb_lib.a(usb_pwr.o)
 .debug_line    0x0000a94f      0x3e5 ./Debug_Win\libstm_usb_lib.a(usb_init.o)
 .debug_line    0x0000ad34      0x612 ./Debug_Win\libstm_usb_lib.a(usb_prop.o)
 .debug_line    0x0000b346      0xb4b ./Debug_Win\libstm_usb_lib.a(usb_regs.o)
 .debug_line    0x0000be91      0x3c9 ./Debug_Win\libstm_usb_lib.a(usb_desc.o)
 .debug_line    0x0000c25a      0x41a ./Debug_Win\libstm_usb_lib.a(usb_sil.o)
 .debug_line    0x0000c674      0xcb6 ./Debug_Win\libstm_usb_lib.a(usb_core.o)
 .debug_line    0x0000d32a      0x492 ./Debug_Win\libstm_usb_lib.a(usb_mem.o)
 .debug_line    0x0000d7bc      0x6e0 ./Debug_Win\libstm_usb_lib.a(VCP_F3.opp)

.debug_frame    0x00000000     0x58cc
 *(.debug_frame)
 .debug_frame   0x00000000      0x134 Debug_Win/user/Sensors.o
 .debug_frame   0x00000134      0x2d4 Debug_Win/user/Drv_Uart.opp
 .debug_frame   0x00000408      0xb08 Debug_Win/user/main.opp
 .debug_frame   0x00000f10       0x20 c:/sysgcc/arm-eabi/bin/../lib/gcc/arm-none-eabi/10.3.1/../../../../arm-none-eabi/lib/thumb/v7e-m+fp/hard\libm.a(lib_a-sf_round.o)
 .debug_frame   0x00000f30       0x44 c:/sysgcc/arm-eabi/bin/../lib/gcc/arm-none-eabi/10.3.1/../../../../arm-none-eabi/lib/thumb/v7e-m+fp/hard\libm.a(lib_a-w_pow.o)
 .debug_frame   0x00000f74       0x44 c:/sysgcc/arm-eabi/bin/../lib/gcc/arm-none-eabi/10.3.1/../../../../arm-none-eabi/lib/thumb/v7e-m+fp/hard\libm.a(lib_a-wf_sqrt.o)
 .debug_frame   0x00000fb8      0x12c c:/sysgcc/arm-eabi/bin/../lib/gcc/arm-none-eabi/10.3.1/../../../../arm-none-eabi/lib/thumb/v7e-m+fp/hard\libm.a(lib_a-e_pow.o)
 .debug_frame   0x000010e4       0x30 c:/sysgcc/arm-eabi/bin/../lib/gcc/arm-none-eabi/10.3.1/../../../../arm-none-eabi/lib/thumb/v7e-m+fp/hard\libm.a(lib_a-e_sqrt.o)
 .debug_frame   0x00001114       0x20 c:/sysgcc/arm-eabi/bin/../lib/gcc/arm-none-eabi/10.3.1/../../../../arm-none-eabi/lib/thumb/v7e-m+fp/hard\libm.a(lib_a-ef_sqrt.o)
 .debug_frame   0x00001134      0x124 c:/sysgcc/arm-eabi/bin/../lib/gcc/arm-none-eabi/10.3.1/../../../../arm-none-eabi/lib/thumb/v7e-m+fp/hard\libm.a(lib_a-math_err.o)
 .debug_frame   0x00001258       0x20 c:/sysgcc/arm-eabi/bin/../lib/gcc/arm-none-eabi/10.3.1/../../../../arm-none-eabi/lib/thumb/v7e-m+fp/hard\libm.a(lib_a-s_fabs.o)
 .debug_frame   0x00001278       0x28 c:/sysgcc/arm-eabi/bin/../lib/gcc/arm-none-eabi/10.3.1/../../../../arm-none-eabi/lib/thumb/v7e-m+fp/hard\libm.a(lib_a-s_finite.o)
 .debug_frame   0x000012a0       0x2c c:/sysgcc/arm-eabi/bin/../lib/gcc/arm-none-eabi/10.3.1/../../../../arm-none-eabi/lib/thumb/v7e-m+fp/hard\libm.a(lib_a-s_scalbn.o)
 .debug_frame   0x000012cc      0x214 ./Debug_Win\libstm_std_lib.a(stm32f30x_gpio.o)
 .debug_frame   0x000014e0       0xd8 ./Debug_Win\libstm_std_lib.a(stm32f30x_misc.o)
 .debug_frame   0x000015b8      0x60c ./Debug_Win\libstm_std_lib.a(stm32f30x_rcc.o)
 .debug_frame   0x00001bc4     0x11c4 ./Debug_Win\libstm_std_lib.a(stm32f30x_tim.o)
 .debug_frame   0x00002d88       0xf4 ./Debug_Win\libstm_std_lib.a(stm32f3_discovery.o)
 .debug_frame   0x00002e7c      0x1c0 ./Debug_Win\libstm_std_lib.a(stm32f3_discovery_l3gd20.o)
 .debug_frame   0x0000303c      0x258 ./Debug_Win\libstm_std_lib.a(stm32f3_discovery_lsm303dlhc.o)
 .debug_frame   0x00003294       0xc8 ./Debug_Win\libstm_std_lib.a(_startup.o)
 .debug_frame   0x0000335c       0x80 ./Debug_Win\libstm_std_lib.a(_syscalls.o)
 .debug_frame   0x000033dc       0x48 ./Debug_Win\libstm_std_lib.a(_initialize_hardware.o)
 .debug_frame   0x00003424      0x148 ./Debug_Win\libstm_std_lib.a(stm32f30x_exti.o)
 .debug_frame   0x0000356c      0x69c ./Debug_Win\libstm_std_lib.a(stm32f30x_i2c.o)
 .debug_frame   0x00003c08      0x508 ./Debug_Win\libstm_std_lib.a(stm32f30x_spi.o)
 .debug_frame   0x00004110      0x230 ./Debug_Win\libstm_std_lib.a(stm32f30x_syscfg.o)
 .debug_frame   0x00004340       0x7c ./Debug_Win\libstm_std_lib.a(system_stm32f30x.o)
 .debug_frame   0x000043bc       0x4c ./Debug_Win\libstm_std_lib.a(_exit.o)
 .debug_frame   0x00004408      0x1d0 ./Debug_Win\libstm_usb_lib.a(hw_config.o)
 .debug_frame   0x000045d8       0xc0 ./Debug_Win\libstm_usb_lib.a(usb_pwr.o)
 .debug_frame   0x00004698       0x2c ./Debug_Win\libstm_usb_lib.a(usb_init.o)
 .debug_frame   0x000046c4      0x224 ./Debug_Win\libstm_usb_lib.a(usb_prop.o)
 .debug_frame   0x000048e8      0x91c ./Debug_Win\libstm_usb_lib.a(usb_regs.o)
 .debug_frame   0x00005204       0x78 ./Debug_Win\libstm_usb_lib.a(usb_sil.o)
 .debug_frame   0x0000527c      0x2b8 ./Debug_Win\libstm_usb_lib.a(usb_core.o)
 .debug_frame   0x00005534       0x60 ./Debug_Win\libstm_usb_lib.a(usb_mem.o)
 .debug_frame   0x00005594       0x98 ./Debug_Win\libstm_usb_lib.a(VCP_F3.opp)
 .debug_frame   0x0000562c       0xac c:/sysgcc/arm-eabi/bin/../lib/gcc/arm-none-eabi/10.3.1/thumb/v7e-m+fp/hard\libgcc.a(_arm_addsubdf3.o)
 .debug_frame   0x000056d8       0x50 c:/sysgcc/arm-eabi/bin/../lib/gcc/arm-none-eabi/10.3.1/thumb/v7e-m+fp/hard\libgcc.a(_arm_muldivdf3.o)
 .debug_frame   0x00005728       0xc4 c:/sysgcc/arm-eabi/bin/../lib/gcc/arm-none-eabi/10.3.1/thumb/v7e-m+fp/hard\libgcc.a(_arm_cmpdf2.o)
 .debug_frame   0x000057ec       0x20 c:/sysgcc/arm-eabi/bin/../lib/gcc/arm-none-eabi/10.3.1/thumb/v7e-m+fp/hard\libgcc.a(_arm_unorddf2.o)
 .debug_frame   0x0000580c       0x24 c:/sysgcc/arm-eabi/bin/../lib/gcc/arm-none-eabi/10.3.1/thumb/v7e-m+fp/hard\libgcc.a(_arm_fixdfsi.o)
 .debug_frame   0x00005830       0x24 c:/sysgcc/arm-eabi/bin/../lib/gcc/arm-none-eabi/10.3.1/thumb/v7e-m+fp/hard\libgcc.a(_arm_truncdfsf2.o)
 .debug_frame   0x00005854       0x20 c:/sysgcc/arm-eabi/bin/../lib/gcc/arm-none-eabi/10.3.1/../../../../arm-none-eabi/lib/thumb/v7e-m+fp/hard\libg.a(lib_a-errno.o)
 .debug_frame   0x00005874       0x2c c:/sysgcc/arm-eabi/bin/../lib/gcc/arm-none-eabi/10.3.1/../../../../arm-none-eabi/lib/thumb/v7e-m+fp/hard\libg.a(lib_a-memcmp.o)
 .debug_frame   0x000058a0       0x2c c:/sysgcc/arm-eabi/bin/../lib/gcc/arm-none-eabi/10.3.1/../../../../arm-none-eabi/lib/thumb/v7e-m+fp/hard\libg.a(lib_a-memset.o)

.debug_str      0x00000000    0x6a1b8
 *(.debug_str)
 .debug_str     0x00000000    0x5f185 Debug_Win/user/Sensors.o
                              0x5f4e9 (size before relaxing)
 .debug_str     0x0005f185     0x1209 Debug_Win/user/Drv_Uart.opp
                              0x57bd1 (size before relaxing)
 .debug_str     0x0006038e     0x3d18 Debug_Win/user/main.opp
                              0x63877 (size before relaxing)
 .debug_str     0x000640a6      0x171 ./Debug_Win\libstm_std_lib.a(stm32f30x_gpio.o)
                              0x53e41 (size before relaxing)
 .debug_str     0x00064217      0x120 ./Debug_Win\libstm_std_lib.a(stm32f30x_misc.o)
                              0x53da5 (size before relaxing)
 .debug_str     0x00064337      0x926 ./Debug_Win\libstm_std_lib.a(stm32f30x_rcc.o)
                              0x545f5 (size before relaxing)
 .debug_str     0x00064c5d      0xd2e ./Debug_Win\libstm_std_lib.a(stm32f30x_tim.o)
                              0x549e8 (size before relaxing)
 .debug_str     0x0006598b      0x25b ./Debug_Win\libstm_std_lib.a(stm32f3_discovery.o)
                              0x547ad (size before relaxing)
 .debug_str     0x00065be6      0x2f1 ./Debug_Win\libstm_std_lib.a(stm32f3_discovery_l3gd20.o)
                              0x5500e (size before relaxing)
 .debug_str     0x00065ed7      0x344 ./Debug_Win\libstm_std_lib.a(stm32f3_discovery_lsm303dlhc.o)
                              0x55eff (size before relaxing)
 .debug_str     0x0006621b      0x21a ./Debug_Win\libstm_std_lib.a(_startup.o)
                               0x6343 (size before relaxing)
 .debug_str     0x00066435     0x1964 ./Debug_Win\libstm_std_lib.a(_syscalls.o)
                               0x80c4 (size before relaxing)
 .debug_str     0x00067d99       0x75 ./Debug_Win\libstm_std_lib.a(_initialize_hardware.o)
                              0x53be0 (size before relaxing)
 .debug_str     0x00067e0e      0x130 ./Debug_Win\libstm_std_lib.a(stm32f30x_exti.o)
                              0x53d59 (size before relaxing)
 .debug_str     0x00067f3e      0x46e ./Debug_Win\libstm_std_lib.a(stm32f30x_i2c.o)
                              0x540ab (size before relaxing)
 .debug_str     0x000683ac      0x41f ./Debug_Win\libstm_std_lib.a(stm32f30x_spi.o)
                              0x541d2 (size before relaxing)
 .debug_str     0x000687cb      0x3cf ./Debug_Win\libstm_std_lib.a(stm32f30x_syscfg.o)
                              0x53f25 (size before relaxing)
 .debug_str     0x00068b9a       0x99 ./Debug_Win\libstm_std_lib.a(system_stm32f30x.o)
                              0x53cb2 (size before relaxing)
 .debug_str     0x00068c33       0x2b ./Debug_Win\libstm_std_lib.a(_exit.o)
                               0x77ab (size before relaxing)
 .debug_str     0x00068c5e      0x2e2 ./Debug_Win\libstm_usb_lib.a(hw_config.o)
                              0x57426 (size before relaxing)
 .debug_str     0x00068f40      0x169 ./Debug_Win\libstm_usb_lib.a(usb_pwr.o)
                              0x56159 (size before relaxing)
 .debug_str     0x000690a9      0x1c3 ./Debug_Win\libstm_usb_lib.a(usb_init.o)
                              0x562c6 (size before relaxing)
 .debug_str     0x0006926c      0x420 ./Debug_Win\libstm_usb_lib.a(usb_prop.o)
                              0x56cc6 (size before relaxing)
 .debug_str     0x0006968c      0x3ea ./Debug_Win\libstm_usb_lib.a(usb_regs.o)
                              0x562ec (size before relaxing)
 .debug_str     0x00069a76       0x1e ./Debug_Win\libstm_usb_lib.a(usb_desc.o)
                              0x5633e (size before relaxing)
 .debug_str     0x00069a94       0x73 ./Debug_Win\libstm_usb_lib.a(usb_sil.o)
                              0x55f72 (size before relaxing)
 .debug_str     0x00069b07      0x596 ./Debug_Win\libstm_usb_lib.a(usb_core.o)
                              0x56990 (size before relaxing)
 .debug_str     0x0006a09d       0x75 ./Debug_Win\libstm_usb_lib.a(usb_mem.o)
                              0x55f64 (size before relaxing)
 .debug_str     0x0006a112       0xa6 ./Debug_Win\libstm_usb_lib.a(VCP_F3.opp)
                              0x5aabd (size before relaxing)

.debug_loc
 *(.debug_loc)

.debug_macinfo
 *(.debug_macinfo)

.debug_weaknames
 *(.debug_weaknames)

.debug_funcnames
 *(.debug_funcnames)

.debug_typenames
 *(.debug_typenames)

.debug_varnames
 *(.debug_varnames)
OUTPUT(Debug_Win/STM_ACC_GIRO_FILTERED.elf elf32-littlearm)
LOAD linker stubs

.debug_ranges   0x00000000     0x12b0
 .debug_ranges  0x00000000       0x48 Debug_Win/user/Sensors.o
 .debug_ranges  0x00000048       0xa8 Debug_Win/user/Drv_Uart.opp
 .debug_ranges  0x000000f0      0x278 Debug_Win/user/main.opp
 .debug_ranges  0x00000368       0x70 ./Debug_Win\libstm_std_lib.a(stm32f30x_gpio.o)
 .debug_ranges  0x000003d8       0x30 ./Debug_Win\libstm_std_lib.a(stm32f30x_misc.o)
 .debug_ranges  0x00000408      0x140 ./Debug_Win\libstm_std_lib.a(stm32f30x_rcc.o)
 .debug_ranges  0x00000548      0x398 ./Debug_Win\libstm_std_lib.a(stm32f30x_tim.o)
 .debug_ranges  0x000008e0       0x38 ./Debug_Win\libstm_std_lib.a(stm32f3_discovery.o)
 .debug_ranges  0x00000918       0x68 ./Debug_Win\libstm_std_lib.a(stm32f3_discovery_l3gd20.o)
 .debug_ranges  0x00000980       0x88 ./Debug_Win\libstm_std_lib.a(stm32f3_discovery_lsm303dlhc.o)
 .debug_ranges  0x00000a08       0x30 ./Debug_Win\libstm_std_lib.a(_startup.o)
 .debug_ranges  0x00000a38       0x20 ./Debug_Win\libstm_std_lib.a(_syscalls.o)
 .debug_ranges  0x00000a58       0x18 ./Debug_Win\libstm_std_lib.a(_initialize_hardware.o)
 .debug_ranges  0x00000a70       0x48 ./Debug_Win\libstm_std_lib.a(stm32f30x_exti.o)
 .debug_ranges  0x00000ab8      0x158 ./Debug_Win\libstm_std_lib.a(stm32f30x_i2c.o)
 .debug_ranges  0x00000c10      0x108 ./Debug_Win\libstm_std_lib.a(stm32f30x_spi.o)
 .debug_ranges  0x00000d18       0x78 ./Debug_Win\libstm_std_lib.a(stm32f30x_syscfg.o)
 .debug_ranges  0x00000d90       0x20 ./Debug_Win\libstm_std_lib.a(system_stm32f30x.o)
 .debug_ranges  0x00000db0       0x18 ./Debug_Win\libstm_std_lib.a(_exit.o)
 .debug_ranges  0x00000dc8       0x70 ./Debug_Win\libstm_usb_lib.a(hw_config.o)
 .debug_ranges  0x00000e38       0x30 ./Debug_Win\libstm_usb_lib.a(usb_pwr.o)
 .debug_ranges  0x00000e68       0x10 ./Debug_Win\libstm_usb_lib.a(usb_init.o)
 .debug_ranges  0x00000e78       0x80 ./Debug_Win\libstm_usb_lib.a(usb_prop.o)
 .debug_ranges  0x00000ef8      0x2b8 ./Debug_Win\libstm_usb_lib.a(usb_regs.o)
 .debug_ranges  0x000011b0       0x20 ./Debug_Win\libstm_usb_lib.a(usb_sil.o)
 .debug_ranges  0x000011d0       0xa0 ./Debug_Win\libstm_usb_lib.a(usb_core.o)
 .debug_ranges  0x00001270       0x18 ./Debug_Win\libstm_usb_lib.a(usb_mem.o)
 .debug_ranges  0x00001288       0x28 ./Debug_Win\libstm_usb_lib.a(VCP_F3.opp)

.debug_macro    0x00000000    0x16fd7
 .debug_macro   0x00000000      0x47f Debug_Win/user/Sensors.o
 .debug_macro   0x0000047f      0xa78 Debug_Win/user/Sensors.o
 .debug_macro   0x00000ef7       0x22 Debug_Win/user/Sensors.o
 .debug_macro   0x00000f19       0x6e Debug_Win/user/Sensors.o
 .debug_macro   0x00000f87       0x3b Debug_Win/user/Sensors.o
 .debug_macro   0x00000fc2      0x34e Debug_Win/user/Sensors.o
 .debug_macro   0x00001310       0x2d Debug_Win/user/Sensors.o
 .debug_macro   0x0000133d       0x26 Debug_Win/user/Sensors.o
 .debug_macro   0x00001363      0xd39 Debug_Win/user/Sensors.o
 .debug_macro   0x0000209c     0x769b Debug_Win/user/Sensors.o
 .debug_macro   0x00009737      0x3c9 Debug_Win/user/Sensors.o
 .debug_macro   0x00009b00       0x46 Debug_Win/user/Sensors.o
 .debug_macro   0x00009b46      0x231 Debug_Win/user/Sensors.o
 .debug_macro   0x00009d77      0x196 Debug_Win/user/Sensors.o
 .debug_macro   0x00009f0d       0x8e Debug_Win/user/Sensors.o
 .debug_macro   0x00009f9b      0x3a9 Debug_Win/user/Sensors.o
 .debug_macro   0x0000a344      0x116 Debug_Win/user/Sensors.o
 .debug_macro   0x0000a45a      0x1e4 Debug_Win/user/Sensors.o
 .debug_macro   0x0000a63e      0x1b6 Debug_Win/user/Sensors.o
 .debug_macro   0x0000a7f4      0x1df Debug_Win/user/Sensors.o
 .debug_macro   0x0000a9d3      0x29a Debug_Win/user/Sensors.o
 .debug_macro   0x0000ac6d       0x70 Debug_Win/user/Sensors.o
 .debug_macro   0x0000acdd      0x10c Debug_Win/user/Sensors.o
 .debug_macro   0x0000ade9       0xb8 Debug_Win/user/Sensors.o
 .debug_macro   0x0000aea1      0x5c6 Debug_Win/user/Sensors.o
 .debug_macro   0x0000b467      0x551 Debug_Win/user/Sensors.o
 .debug_macro   0x0000b9b8      0x3ac Debug_Win/user/Sensors.o
 .debug_macro   0x0000bd64      0x8d8 Debug_Win/user/Sensors.o
 .debug_macro   0x0000c63c      0x364 Debug_Win/user/Sensors.o
 .debug_macro   0x0000c9a0       0x34 Debug_Win/user/Sensors.o
 .debug_macro   0x0000c9d4       0x89 Debug_Win/user/Sensors.o
 .debug_macro   0x0000ca5d       0x35 Debug_Win/user/Sensors.o
 .debug_macro   0x0000ca92      0x5a6 Debug_Win/user/Sensors.o
 .debug_macro   0x0000d038       0xd8 Debug_Win/user/Sensors.o
 .debug_macro   0x0000d110       0x22 Debug_Win/user/Sensors.o
 .debug_macro   0x0000d132       0x5e Debug_Win/user/Sensors.o
 .debug_macro   0x0000d190       0x1e Debug_Win/user/Sensors.o
 .debug_macro   0x0000d1ae       0x94 Debug_Win/user/Sensors.o
 .debug_macro   0x0000d242       0x35 Debug_Win/user/Sensors.o
 .debug_macro   0x0000d277       0x34 Debug_Win/user/Sensors.o
 .debug_macro   0x0000d2ab       0x16 Debug_Win/user/Sensors.o
 .debug_macro   0x0000d2c1       0x57 Debug_Win/user/Sensors.o
 .debug_macro   0x0000d318       0x97 Debug_Win/user/Sensors.o
 .debug_macro   0x0000d3af      0x341 Debug_Win/user/Sensors.o
 .debug_macro   0x0000d6f0       0xfd Debug_Win/user/Sensors.o
 .debug_macro   0x0000d7ed       0x10 Debug_Win/user/Sensors.o
 .debug_macro   0x0000d7fd       0x16 Debug_Win/user/Sensors.o
 .debug_macro   0x0000d813       0x43 Debug_Win/user/Sensors.o
 .debug_macro   0x0000d856       0x34 Debug_Win/user/Sensors.o
 .debug_macro   0x0000d88a       0x10 Debug_Win/user/Sensors.o
 .debug_macro   0x0000d89a       0x58 Debug_Win/user/Sensors.o
 .debug_macro   0x0000d8f2      0x182 Debug_Win/user/Sensors.o
 .debug_macro   0x0000da74       0x10 Debug_Win/user/Sensors.o
 .debug_macro   0x0000da84       0x6a Debug_Win/user/Sensors.o
 .debug_macro   0x0000daee       0x1c Debug_Win/user/Sensors.o
 .debug_macro   0x0000db0a       0x52 Debug_Win/user/Sensors.o
 .debug_macro   0x0000db5c       0x22 Debug_Win/user/Sensors.o
 .debug_macro   0x0000db7e       0x10 Debug_Win/user/Sensors.o
 .debug_macro   0x0000db8e       0x52 Debug_Win/user/Sensors.o
 .debug_macro   0x0000dbe0       0xd5 Debug_Win/user/Sensors.o
 .debug_macro   0x0000dcb5       0x1c Debug_Win/user/Sensors.o
 .debug_macro   0x0000dcd1       0x3d Debug_Win/user/Sensors.o
 .debug_macro   0x0000dd0e       0x16 Debug_Win/user/Sensors.o
 .debug_macro   0x0000dd24      0x16f Debug_Win/user/Sensors.o
 .debug_macro   0x0000de93      0x554 Debug_Win/user/Sensors.o
 .debug_macro   0x0000e3e7      0x317 Debug_Win/user/Sensors.o
 .debug_macro   0x0000e6fe       0x3a Debug_Win/user/Sensors.o
 .debug_macro   0x0000e738       0x82 Debug_Win/user/Sensors.o
 .debug_macro   0x0000e7ba       0x10 Debug_Win/user/Sensors.o
 .debug_macro   0x0000e7ca       0x28 Debug_Win/user/Sensors.o
 .debug_macro   0x0000e7f2      0x454 Debug_Win/user/Sensors.o
 .debug_macro   0x0000ec46       0x28 Debug_Win/user/Sensors.o
 .debug_macro   0x0000ec6e       0x5e Debug_Win/user/Sensors.o
 .debug_macro   0x0000eccc       0x22 Debug_Win/user/Sensors.o
 .debug_macro   0x0000ecee       0xa6 Debug_Win/user/Sensors.o
 .debug_macro   0x0000ed94       0x6a Debug_Win/user/Sensors.o
 .debug_macro   0x0000edfe       0x16 Debug_Win/user/Sensors.o
 .debug_macro   0x0000ee14       0x35 Debug_Win/user/Sensors.o
 .debug_macro   0x0000ee49      0x19b Debug_Win/user/Sensors.o
 .debug_macro   0x0000efe4       0x16 Debug_Win/user/Sensors.o
 .debug_macro   0x0000effa       0x16 Debug_Win/user/Sensors.o
 .debug_macro   0x0000f010       0x29 Debug_Win/user/Sensors.o
 .debug_macro   0x0000f039       0x16 Debug_Win/user/Sensors.o
 .debug_macro   0x0000f04f      0x51a Debug_Win/user/Sensors.o
 .debug_macro   0x0000f569       0x10 Debug_Win/user/Sensors.o
 .debug_macro   0x0000f579      0x258 Debug_Win/user/Drv_Uart.opp
 .debug_macro   0x0000f7d1       0x34 Debug_Win/user/Drv_Uart.opp
 .debug_macro   0x0000f805      0x17b Debug_Win/user/Drv_Uart.opp
 .debug_macro   0x0000f980       0x43 Debug_Win/user/Drv_Uart.opp
 .debug_macro   0x0000f9c3      0x364 Debug_Win/user/Drv_Uart.opp
 .debug_macro   0x0000fd27       0x10 Debug_Win/user/Drv_Uart.opp
 .debug_macro   0x0000fd37       0x35 Debug_Win/user/Drv_Uart.opp
 .debug_macro   0x0000fd6c      0x35e Debug_Win/user/Drv_Uart.opp
 .debug_macro   0x000100ca       0x10 Debug_Win/user/Drv_Uart.opp
 .debug_macro   0x000100da      0x574 Debug_Win/user/main.opp
 .debug_macro   0x0001064e      0x1b0 Debug_Win/user/main.opp
 .debug_macro   0x000107fe      0x18a Debug_Win/user/main.opp
 .debug_macro   0x00010988       0x10 Debug_Win/user/main.opp
 .debug_macro   0x00010998      0x3d1 Debug_Win/user/main.opp
 .debug_macro   0x00010d69       0x18 Debug_Win/user/main.opp
 .debug_macro   0x00010d81      0x194 Debug_Win/user/main.opp
 .debug_macro   0x00010f15       0x10 Debug_Win/user/main.opp
 .debug_macro   0x00010f25       0x10 Debug_Win/user/main.opp
 .debug_macro   0x00010f35      0x3c7 Debug_Win/user/main.opp
 .debug_macro   0x000112fc       0xf0 Debug_Win/user/main.opp
 .debug_macro   0x000113ec       0x1c Debug_Win/user/main.opp
 .debug_macro   0x00011408       0x10 Debug_Win/user/main.opp
 .debug_macro   0x00011418      0x122 Debug_Win/user/main.opp
 .debug_macro   0x0001153a       0x16 Debug_Win/user/main.opp
 .debug_macro   0x00011550       0x8e Debug_Win/user/main.opp
 .debug_macro   0x000115de       0x10 Debug_Win/user/main.opp
 .debug_macro   0x000115ee       0x2e Debug_Win/user/main.opp
 .debug_macro   0x0001161c       0x58 Debug_Win/user/main.opp
 .debug_macro   0x00011674      0x15c ./Debug_Win\libstm_std_lib.a(stm32f30x_gpio.o)
 .debug_macro   0x000117d0      0x162 ./Debug_Win\libstm_std_lib.a(stm32f30x_misc.o)
 .debug_macro   0x00011932       0x83 ./Debug_Win\libstm_std_lib.a(stm32f30x_misc.o)
 .debug_macro   0x000119b5      0x1f9 ./Debug_Win\libstm_std_lib.a(stm32f30x_rcc.o)
 .debug_macro   0x00011bae      0x5c0 ./Debug_Win\libstm_std_lib.a(stm32f30x_rcc.o)
 .debug_macro   0x0001216e      0x186 ./Debug_Win\libstm_std_lib.a(stm32f30x_tim.o)
 .debug_macro   0x000122f4      0x8d2 ./Debug_Win\libstm_std_lib.a(stm32f30x_tim.o)
 .debug_macro   0x00012bc6      0x161 ./Debug_Win\libstm_std_lib.a(stm32f3_discovery.o)
 .debug_macro   0x00012d27       0xd2 ./Debug_Win\libstm_std_lib.a(stm32f3_discovery.o)
 .debug_macro   0x00012df9      0x161 ./Debug_Win\libstm_std_lib.a(stm32f3_discovery_l3gd20.o)
 .debug_macro   0x00012f5a      0x311 ./Debug_Win\libstm_std_lib.a(stm32f3_discovery_l3gd20.o)
 .debug_macro   0x0001326b      0x161 ./Debug_Win\libstm_std_lib.a(stm32f3_discovery_lsm303dlhc.o)
 .debug_macro   0x000133cc      0x54e ./Debug_Win\libstm_std_lib.a(stm32f3_discovery_lsm303dlhc.o)
 .debug_macro   0x0001391a      0x15f ./Debug_Win\libstm_std_lib.a(_startup.o)
 .debug_macro   0x00013a79      0x174 ./Debug_Win\libstm_std_lib.a(_startup.o)
 .debug_macro   0x00013bed      0x220 ./Debug_Win\libstm_std_lib.a(_syscalls.o)
 .debug_macro   0x00013e0d       0x1c ./Debug_Win\libstm_std_lib.a(_syscalls.o)
 .debug_macro   0x00013e29       0x10 ./Debug_Win\libstm_std_lib.a(_syscalls.o)
 .debug_macro   0x00013e39      0x23b ./Debug_Win\libstm_std_lib.a(_syscalls.o)
 .debug_macro   0x00014074       0x10 ./Debug_Win\libstm_std_lib.a(_syscalls.o)
 .debug_macro   0x00014084       0x10 ./Debug_Win\libstm_std_lib.a(_syscalls.o)
 .debug_macro   0x00014094       0x10 ./Debug_Win\libstm_std_lib.a(_syscalls.o)
 .debug_macro   0x000140a4       0x35 ./Debug_Win\libstm_std_lib.a(_syscalls.o)
 .debug_macro   0x000140d9      0x12c ./Debug_Win\libstm_std_lib.a(_syscalls.o)
 .debug_macro   0x00014205       0xce ./Debug_Win\libstm_std_lib.a(_syscalls.o)
 .debug_macro   0x000142d3       0x7c ./Debug_Win\libstm_std_lib.a(_syscalls.o)
 .debug_macro   0x0001434f       0x17 ./Debug_Win\libstm_std_lib.a(_syscalls.o)
 .debug_macro   0x00014366      0x118 ./Debug_Win\libstm_std_lib.a(_syscalls.o)
 .debug_macro   0x0001447e      0x189 ./Debug_Win\libstm_std_lib.a(_syscalls.o)
 .debug_macro   0x00014607       0x16 ./Debug_Win\libstm_std_lib.a(_syscalls.o)
 .debug_macro   0x0001461d      0x15c ./Debug_Win\libstm_std_lib.a(_initialize_hardware.o)
 .debug_macro   0x00014779      0x162 ./Debug_Win\libstm_std_lib.a(stm32f30x_exti.o)
 .debug_macro   0x000148db      0x110 ./Debug_Win\libstm_std_lib.a(stm32f30x_exti.o)
 .debug_macro   0x000149eb      0x17a ./Debug_Win\libstm_std_lib.a(stm32f30x_i2c.o)
 .debug_macro   0x00014b65      0x294 ./Debug_Win\libstm_std_lib.a(stm32f30x_i2c.o)
 .debug_macro   0x00014df9      0x171 ./Debug_Win\libstm_std_lib.a(stm32f30x_spi.o)
 .debug_macro   0x00014f6a      0x3a6 ./Debug_Win\libstm_std_lib.a(stm32f30x_spi.o)